Archive member included to satisfy reference by file (symbol)

c:/st/stm32cubeide_1.3.0/stm32cubeide/plugins/com.st.stm32cube.ide.mcu.externaltools.gnu-tools-for-stm32.7-2018-q2-update.win32_1.0.0.201904181610/tools/bin/../lib/gcc/arm-none-eabi/7.3.1/../../../../arm-none-eabi/lib/thumb/v7-m\libc_nano.a(lib_a-errno.o)
                              Core/Src/syscalls.o (__errno)
c:/st/stm32cubeide_1.3.0/stm32cubeide/plugins/com.st.stm32cube.ide.mcu.externaltools.gnu-tools-for-stm32.7-2018-q2-update.win32_1.0.0.201904181610/tools/bin/../lib/gcc/arm-none-eabi/7.3.1/../../../../arm-none-eabi/lib/thumb/v7-m\libc_nano.a(lib_a-exit.o)
                              c:/st/stm32cubeide_1.3.0/stm32cubeide/plugins/com.st.stm32cube.ide.mcu.externaltools.gnu-tools-for-stm32.7-2018-q2-update.win32_1.0.0.201904181610/tools/bin/../lib/gcc/arm-none-eabi/7.3.1/../../../../arm-none-eabi/lib/thumb/v7-m/crt0.o (exit)
c:/st/stm32cubeide_1.3.0/stm32cubeide/plugins/com.st.stm32cube.ide.mcu.externaltools.gnu-tools-for-stm32.7-2018-q2-update.win32_1.0.0.201904181610/tools/bin/../lib/gcc/arm-none-eabi/7.3.1/../../../../arm-none-eabi/lib/thumb/v7-m\libc_nano.a(lib_a-impure.o)
                              c:/st/stm32cubeide_1.3.0/stm32cubeide/plugins/com.st.stm32cube.ide.mcu.externaltools.gnu-tools-for-stm32.7-2018-q2-update.win32_1.0.0.201904181610/tools/bin/../lib/gcc/arm-none-eabi/7.3.1/../../../../arm-none-eabi/lib/thumb/v7-m\libc_nano.a(lib_a-exit.o) (_global_impure_ptr)
c:/st/stm32cubeide_1.3.0/stm32cubeide/plugins/com.st.stm32cube.ide.mcu.externaltools.gnu-tools-for-stm32.7-2018-q2-update.win32_1.0.0.201904181610/tools/bin/../lib/gcc/arm-none-eabi/7.3.1/../../../../arm-none-eabi/lib/thumb/v7-m\libc_nano.a(lib_a-init.o)
                              c:/st/stm32cubeide_1.3.0/stm32cubeide/plugins/com.st.stm32cube.ide.mcu.externaltools.gnu-tools-for-stm32.7-2018-q2-update.win32_1.0.0.201904181610/tools/bin/../lib/gcc/arm-none-eabi/7.3.1/../../../../arm-none-eabi/lib/thumb/v7-m/crt0.o (__libc_init_array)
c:/st/stm32cubeide_1.3.0/stm32cubeide/plugins/com.st.stm32cube.ide.mcu.externaltools.gnu-tools-for-stm32.7-2018-q2-update.win32_1.0.0.201904181610/tools/bin/../lib/gcc/arm-none-eabi/7.3.1/../../../../arm-none-eabi/lib/thumb/v7-m\libc_nano.a(lib_a-memset.o)
                              c:/st/stm32cubeide_1.3.0/stm32cubeide/plugins/com.st.stm32cube.ide.mcu.externaltools.gnu-tools-for-stm32.7-2018-q2-update.win32_1.0.0.201904181610/tools/bin/../lib/gcc/arm-none-eabi/7.3.1/../../../../arm-none-eabi/lib/thumb/v7-m/crt0.o (memset)
c:/st/stm32cubeide_1.3.0/stm32cubeide/plugins/com.st.stm32cube.ide.mcu.externaltools.gnu-tools-for-stm32.7-2018-q2-update.win32_1.0.0.201904181610/tools/bin/../lib/gcc/arm-none-eabi/7.3.1/../../../../arm-none-eabi/lib/thumb/v7-m\libc_nano.a(lib_a-nano-vfprintf_float.o)
                              (_printf_float)
c:/st/stm32cubeide_1.3.0/stm32cubeide/plugins/com.st.stm32cube.ide.mcu.externaltools.gnu-tools-for-stm32.7-2018-q2-update.win32_1.0.0.201904181610/tools/bin/../lib/gcc/arm-none-eabi/7.3.1/../../../../arm-none-eabi/lib/thumb/v7-m\libc_nano.a(lib_a-nano-vfprintf_i.o)
                              c:/st/stm32cubeide_1.3.0/stm32cubeide/plugins/com.st.stm32cube.ide.mcu.externaltools.gnu-tools-for-stm32.7-2018-q2-update.win32_1.0.0.201904181610/tools/bin/../lib/gcc/arm-none-eabi/7.3.1/../../../../arm-none-eabi/lib/thumb/v7-m\libc_nano.a(lib_a-nano-vfprintf_float.o) (_printf_common)
c:/st/stm32cubeide_1.3.0/stm32cubeide/plugins/com.st.stm32cube.ide.mcu.externaltools.gnu-tools-for-stm32.7-2018-q2-update.win32_1.0.0.201904181610/tools/bin/../lib/gcc/arm-none-eabi/7.3.1/../../../../arm-none-eabi/lib/thumb/v7-m\libc_nano.a(lib_a-sprintf.o)
                              Core/Src/main.o (sprintf)
c:/st/stm32cubeide_1.3.0/stm32cubeide/plugins/com.st.stm32cube.ide.mcu.externaltools.gnu-tools-for-stm32.7-2018-q2-update.win32_1.0.0.201904181610/tools/bin/../lib/gcc/arm-none-eabi/7.3.1/../../../../arm-none-eabi/lib/thumb/v7-m\libc_nano.a(lib_a-strlen.o)
                              Core/Src/EEPROM.o (strlen)
c:/st/stm32cubeide_1.3.0/stm32cubeide/plugins/com.st.stm32cube.ide.mcu.externaltools.gnu-tools-for-stm32.7-2018-q2-update.win32_1.0.0.201904181610/tools/bin/../lib/gcc/arm-none-eabi/7.3.1/../../../../arm-none-eabi/lib/thumb/v7-m\libc_nano.a(lib_a-dtoa.o)
                              c:/st/stm32cubeide_1.3.0/stm32cubeide/plugins/com.st.stm32cube.ide.mcu.externaltools.gnu-tools-for-stm32.7-2018-q2-update.win32_1.0.0.201904181610/tools/bin/../lib/gcc/arm-none-eabi/7.3.1/../../../../arm-none-eabi/lib/thumb/v7-m\libc_nano.a(lib_a-nano-vfprintf_float.o) (_dtoa_r)
c:/st/stm32cubeide_1.3.0/stm32cubeide/plugins/com.st.stm32cube.ide.mcu.externaltools.gnu-tools-for-stm32.7-2018-q2-update.win32_1.0.0.201904181610/tools/bin/../lib/gcc/arm-none-eabi/7.3.1/../../../../arm-none-eabi/lib/thumb/v7-m\libc_nano.a(lib_a-localeconv.o)
[...]
Memory Configuration

Name             Origin             Length             Attributes
RAM              0x0000000020000000 0x0000000000020000 xrw
FLASH            0x0000000008000000 0x0000000000080000 xr
*default*        0x0000000000000000 0xffffffffffffffff

Linker script and memory map

LOAD c:/st/stm32cubeide_1.3.0/stm32cubeide/plugins/com.st.stm32cube.ide.mcu.externaltools.gnu-tools-for-stm32.7-2018-q2-update.win32_1.0.0.201904181610/tools/bin/../lib/gcc/arm-none-eabi/7.3.1/thumb/v7-m/crti.o
LOAD c:/st/stm32cubeide_1.3.0/stm32cubeide/plugins/com.st.stm32cube.ide.mcu.externaltools.gnu-tools-for-stm32.7-2018-q2-update.win32_1.0.0.201904181610/tools/bin/../lib/gcc/arm-none-eabi/7.3.1/thumb/v7-m/crtbegin.o
LOAD c:/st/stm32cubeide_1.3.0/stm32cubeide/plugins/com.st.stm32cube.ide.mcu.externaltools.gnu-tools-for-stm32.7-2018-q2-update.win32_1.0.0.201904181610/tools/bin/../lib/gcc/arm-none-eabi/7.3.1/../../../../arm-none-eabi/lib/thumb/v7-m/crt0.o
LOAD Core/Src/C_Current.o
LOAD Core/Src/C_Voltage.o
LOAD Core/Src/EEPROM.o
LOAD Core/Src/adc.o
LOAD Core/Src/can.o
LOAD Core/Src/dma.o
LOAD Core/Src/fonts.o
LOAD Core/Src/gpio.o
LOAD Core/Src/i2c.o
LOAD Core/Src/iwdg.o
LOAD Core/Src/main.o
LOAD Core/Src/ssd1306.o
LOAD Core/Src/stm32f2xx_hal_msp.o
LOAD Core/Src/stm32f2xx_it.o
LOAD Core/Src/syscalls.o
LOAD Core/Src/sysmem.o
LOAD Core/Src/system_stm32f2xx.o
LOAD Core/Src/tim.o
LOAD Core/Src/usart.o
LOAD Core/Startup/startup_stm32f205retx.o
LOAD Drivers/STM32F2xx_HAL_Driver/Src/stm32f2xx_hal.o
LOAD Drivers/STM32F2xx_HAL_Driver/Src/stm32f2xx_hal_adc.o
LOAD Drivers/STM32F2xx_HAL_Driver/Src/stm32f2xx_hal_adc_ex.o
LOAD Drivers/STM32F2xx_HAL_Driver/Src/stm32f2xx_hal_can.o
LOAD Drivers/STM32F2xx_HAL_Driver/Src/stm32f2xx_hal_cortex.o
LOAD Drivers/STM32F2xx_HAL_Driver/Src/stm32f2xx_hal_dma.o
LOAD Drivers/STM32F2xx_HAL_Driver/Src/stm32f2xx_hal_dma_ex.o
LOAD Drivers/STM32F2xx_HAL_Driver/Src/stm32f2xx_hal_exti.o
LOAD Drivers/STM32F2xx_HAL_Driver/Src/stm32f2xx_hal_flash.o
LOAD Drivers/STM32F2xx_HAL_Driver/Src/stm32f2xx_hal_flash_ex.o
LOAD Drivers/STM32F2xx_HAL_Driver/Src/stm32f2xx_hal_gpio.o
LOAD Drivers/STM32F2xx_HAL_Driver/Src/stm32f2xx_hal_i2c.o
LOAD Drivers/STM32F2xx_HAL_Driver/Src/stm32f2xx_hal_iwdg.o
LOAD Drivers/STM32F2xx_HAL_Driver/Src/stm32f2xx_hal_pwr.o
LOAD Drivers/STM32F2xx_HAL_Driver/Src/stm32f2xx_hal_pwr_ex.o
LOAD Drivers/STM32F2xx_HAL_Driver/Src/stm32f2xx_hal_rcc.o
LOAD Drivers/STM32F2xx_HAL_Driver/Src/stm32f2xx_hal_rcc_ex.o
LOAD Drivers/STM32F2xx_HAL_Driver/Src/stm32f2xx_hal_tim.o
LOAD Drivers/STM32F2xx_HAL_Driver/Src/stm32f2xx_hal_tim_ex.o
LOAD Drivers/STM32F2xx_HAL_Driver/Src/stm32f2xx_hal_uart.o
START GROUP
LOAD c:/st/stm32cubeide_1.3.0/stm32cubeide/plugins/com.st.stm32cube.ide.mcu.externaltools.gnu-tools-for-stm32.7-2018-q2-update.win32_1.0.0.201904181610/tools/bin/../lib/gcc/arm-none-eabi/7.3.1/../../../../arm-none-eabi/lib/thumb/v7-m\libc_nano.a
LOAD c:/st/stm32cubeide_1.3.0/stm32cubeide/plugins/com.st.stm32cube.ide.mcu.externaltools.gnu-tools-for-stm32.7-2018-q2-update.win32_1.0.0.201904181610/tools/bin/../lib/gcc/arm-none-eabi/7.3.1/../../../../arm-none-eabi/lib/thumb/v7-m\libm.a
END GROUP
START GROUP
LOAD c:/st/stm32cubeide_1.3.0/stm32cubeide/plugins/com.st.stm32cube.ide.mcu.externaltools.gnu-tools-for-stm32.7-2018-q2-update.win32_1.0.0.201904181610/tools/bin/../lib/gcc/arm-none-eabi/7.3.1/thumb/v7-m\libgcc.a
LOAD c:/st/stm32cubeide_1.3.0/stm32cubeide/plugins/com.st.stm32cube.ide.mcu.externaltools.gnu-tools-for-stm32.7-2018-q2-update.win32_1.0.0.201904181610/tools/bin/../lib/gcc/arm-none-eabi/7.3.1/../../../../arm-none-eabi/lib/thumb/v7-m\libc_nano.a
END GROUP
START GROUP
LOAD c:/st/stm32cubeide_1.3.0/stm32cubeide/plugins/com.st.stm32cube.ide.mcu.externaltools.gnu-tools-for-stm32.7-2018-q2-update.win32_1.0.0.201904181610/tools/bin/../lib/gcc/arm-none-eabi/7.3.1/thumb/v7-m\libgcc.a
LOAD c:/st/stm32cubeide_1.3.0/stm32cubeide/plugins/com.st.stm32cube.ide.mcu.externaltools.gnu-tools-for-stm32.7-2018-q2-update.win32_1.0.0.201904181610/tools/bin/../lib/gcc/arm-none-eabi/7.3.1/../../../../arm-none-eabi/lib/thumb/v7-m\libc_nano.a
LOAD c:/st/stm32cubeide_1.3.0/stm32cubeide/plugins/com.st.stm32cube.ide.mcu.externaltools.gnu-tools-for-stm32.7-2018-q2-update.win32_1.0.0.201904181610/tools/bin/../lib/gcc/arm-none-eabi/7.3.1/../../../../arm-none-eabi/lib/thumb/v7-m\libnosys.a
END GROUP
START GROUP
LOAD c:/st/stm32cubeide_1.3.0/stm32cubeide/plugins/com.st.stm32cube.ide.mcu.externaltools.gnu-tools-for-stm32.7-2018-q2-update.win32_1.0.0.201904181610/tools/bin/../lib/gcc/arm-none-eabi/7.3.1/thumb/v7-m\libgcc.a
LOAD c:/st/stm32cubeide_1.3.0/stm32cubeide/plugins/com.st.stm32cube.ide.mcu.externaltools.gnu-tools-for-stm32.7-2018-q2-update.win32_1.0.0.201904181610/tools/bin/../lib/gcc/arm-none-eabi/7.3.1/../../../../arm-none-eabi/lib/thumb/v7-m\libc_nano.a
LOAD c:/st/stm32cubeide_1.3.0/stm32cubeide/plugins/com.st.stm32cube.ide.mcu.externaltools.gnu-tools-for-stm32.7-2018-q2-update.win32_1.0.0.201904181610/tools/bin/../lib/gcc/arm-none-eabi/7.3.1/../../../../arm-none-eabi/lib/thumb/v7-m\libnosys.a
END GROUP
LOAD c:/st/stm32cubeide_1.3.0/stm32cubeide/plugins/com.st.stm32cube.ide.mcu.externaltools.gnu-tools-for-stm32.7-2018-q2-update.win32_1.0.0.201904181610/tools/bin/../lib/gcc/arm-none-eabi/7.3.1/thumb/v7-m/crtend.o
LOAD c:/st/stm32cubeide_1.3.0/stm32cubeide/plugins/com.st.stm32cube.ide.mcu.externaltools.gnu-tools-for-stm32.7-2018-q2-update.win32_1.0.0.201904181610/tools/bin/../lib/gcc/arm-none-eabi/7.3.1/thumb/v7-m/crtn.o
                0x0000000020020000                _estack = (ORIGIN (RAM) + LENGTH (RAM))
                0x0000000000000200                _Min_Heap_Size = 0x200
                0x0000000000000400                _Min_Stack_Size = 0x400

.isr_vector     0x0000000008000000      0x184
                0x0000000008000000                . = ALIGN (0x4)
 *(.isr_vector)
 .isr_vector    0x0000000008000000      0x184 Core/Startup/startup_stm32f205retx.o
                0x0000000008000000                g_pfnVectors
                0x0000000008000184                . = ALIGN (0x4)

.text           0x0000000008000188     0xf21c
                0x0000000008000188                . = ALIGN (0x4)
 *(.text)
 .text          0x0000000008000188       0x40 c:/st/stm32cubeide_1.3.0/stm32cubeide/plugins/com.st.stm32cube.ide.mcu.externaltools.gnu-tools-for-stm32.7-2018-q2-update.win32_1.0.0.201904181610/tools/bin/../lib/gcc/arm-none-eabi/7.3.1/thumb/v7-m/crtbegin.o
 .text          0x00000000080001c8       0x10 c:/st/stm32cubeide_1.3.0/stm32cubeide/plugins/com.st.stm32cube.ide.mcu.externaltools.gnu-tools-for-stm32.7-2018-q2-update.win32_1.0.0.201904181610/tools/bin/../lib/gcc/arm-none-eabi/7.3.1/../../../../arm-none-eabi/lib/thumb/v7-m\libc_nano.a(lib_a-strlen.o)
                0x00000000080001c8                strlen
 .text          0x00000000080001d8      0x378 c:/st/stm32cubeide_1.3.0/stm32cubeide/plugins/com.st.stm32cube.ide.mcu.externaltools.gnu-tools-for-stm32.7-2018-q2-update.win32_1.0.0.201904181610/tools/bin/../lib/gcc/arm-none-eabi/7.3.1/thumb/v7-m\libgcc.a(_arm_addsubdf3.o)
                0x00000000080001d8                __aeabi_drsub
                0x00000000080001e0                __aeabi_dsub
                0x00000000080001e0                __subdf3
                0x00000000080001e4                __aeabi_dadd
                0x00000000080001e4                __adddf3
                0x000000000800045c                __floatunsidf
                0x000000000800045c                __aeabi_ui2d
                0x000000000800047c                __floatsidf
                0x000000000800047c                __aeabi_i2d
                0x00000000080004a0                __aeabi_f2d
                0x00000000080004a0                __extendsfdf2
                0x00000000080004e4                __floatundidf
                0x00000000080004e4                __aeabi_ul2d
                0x00000000080004f4                __floatdidf
                0x00000000080004f4                __aeabi_l2d
 .text          0x0000000008000550      0x424 c:/st/stm32cubeide_1.3.0/stm32cubeide/plugins/com.st.stm32cube.ide.mcu.externaltools.gnu-tools-for-stm32.7-2018-q2-update.win32_1.0.0.201904181610/tools/bin/../lib/gcc/arm-none-eabi/7.3.1/thumb/v7-m\libgcc.a(_arm_muldivdf3.o)
                0x0000000008000550                __aeabi_dmul
                0x0000000008000550                __muldf3
                0x00000000080007a4                __divdf3
                0x00000000080007a4                __aeabi_ddiv
 .text          0x0000000008000974      0x110 c:/st/stm32cubeide_1.3.0/stm32cubeide/plugins/com.st.stm32cube.ide.mcu.externaltools.gnu-tools-for-stm32.7-2018-q2-update.win32_1.0.0.201904181610/tools/bin/../lib/gcc/arm-none-eabi/7.3.1/thumb/v7-m\libgcc.a(_arm_cmpdf2.o)
                0x0000000008000974                __gtdf2
                0x0000000008000974                __gedf2
                0x000000000800097c                __ltdf2
                0x000000000800097c                __ledf2
                0x0000000008000984                __nedf2
                0x0000000008000984                __eqdf2
                0x0000000008000984                __cmpdf2
                0x0000000008000a00                __aeabi_cdrcmple
                0x0000000008000a10                __aeabi_cdcmpeq
                0x0000000008000a10                __aeabi_cdcmple
                0x0000000008000a20                __aeabi_dcmpeq
                0x0000000008000a34                __aeabi_dcmplt
                0x0000000008000a48                __aeabi_dcmple
                0x0000000008000a5c                __aeabi_dcmpge
                0x0000000008000a70                __aeabi_dcmpgt
 .text          0x0000000008000a84       0x2c c:/st/stm32cubeide_1.3.0/stm32cubeide/plugins/com.st.stm32cube.ide.mcu.externaltools.gnu-tools-for-stm32.7-2018-q2-update.win32_1.0.0.201904181610/tools/bin/../lib/gcc/arm-none-eabi/7.3.1/thumb/v7-m\libgcc.a(_arm_unorddf2.o)
                0x0000000008000a84                __unorddf2
                0x0000000008000a84                __aeabi_dcmpun
 .text          0x0000000008000ab0       0x50 c:/st/stm32cubeide_1.3.0/stm32cubeide/plugins/com.st.stm32cube.ide.mcu.externaltools.gnu-tools-for-stm32.7-2018-q2-update.win32_1.0.0.201904181610/tools/bin/../lib/gcc/arm-none-eabi/7.3.1/thumb/v7-m\libgcc.a(_arm_fixdfsi.o)
                0x0000000008000ab0                __aeabi_d2iz
                0x0000000008000ab0                __fixdfsi
 .text          0x0000000008000b00       0xa0 c:/st/stm32cubeide_1.3.0/stm32cubeide/plugins/com.st.stm32cube.ide.mcu.externaltools.gnu-tools-for-stm32.7-2018-q2-update.win32_1.0.0.201904181610/tools/bin/../lib/gcc/arm-none-eabi/7.3.1/thumb/v7-m\libgcc.a(_arm_truncdfsf2.o)
                0x0000000008000b00                __truncdfsf2
                0x0000000008000b00                __aeabi_d2f
 .text          0x0000000008000ba0      0x21c c:/st/stm32cubeide_1.3.0/stm32cubeide/plugins/com.st.stm32cube.ide.mcu.externaltools.gnu-tools-for-stm32.7-2018-q2-update.win32_1.0.0.201904181610/tools/bin/../lib/gcc/arm-none-eabi/7.3.1/thumb/v7-m\libgcc.a(_arm_addsubsf3.o)
                0x0000000008000ba0                __aeabi_frsub
                0x0000000008000ba8                __subsf3
                0x0000000008000ba8                __aeabi_fsub
                0x0000000008000bac                __aeabi_fadd
                0x0000000008000bac                __addsf3
                0x0000000008000d0c                __aeabi_ui2f
                0x0000000008000d0c                __floatunsisf
                0x0000000008000d14                __aeabi_i2f
                0x0000000008000d14                __floatsisf
                0x0000000008000d30                __aeabi_ul2f
                0x0000000008000d30                __floatundisf
                0x0000000008000d40                __aeabi_l2f
                0x0000000008000d40                __floatdisf
 .text          0x0000000008000dbc      0x2a0 c:/st/stm32cubeide_1.3.0/stm32cubeide/plugins/com.st.stm32cube.ide.mcu.externaltools.gnu-tools-for-stm32.7-2018-q2-update.win32_1.0.0.201904181610/tools/bin/../lib/gcc/arm-none-eabi/7.3.1/thumb/v7-m\libgcc.a(_arm_muldivsf3.o)
                0x0000000008000dbc                __mulsf3
                0x0000000008000dbc                __aeabi_fmul
                0x0000000008000f24                __aeabi_fdiv
                0x0000000008000f24                __divsf3
 .text          0x000000000800105c       0xec c:/st/stm32cubeide_1.3.0/stm32cubeide/plugins/com.st.stm32cube.ide.mcu.externaltools.gnu-tools-for-stm32.7-2018-q2-update.win32_1.0.0.201904181610/tools/bin/../lib/gcc/arm-none-eabi/7.3.1/thumb/v7-m\libgcc.a(_arm_cmpsf2.o)
                0x000000000800105c                __gesf2
                0x000000000800105c                __gtsf2
                0x0000000008001064                __lesf2
                0x0000000008001064                __ltsf2
                0x000000000800106c                __nesf2
                0x000000000800106c                __eqsf2
                0x000000000800106c                __cmpsf2
                0x00000000080010cc                __aeabi_cfrcmple
                0x00000000080010d4                __aeabi_cfcmpeq
                0x00000000080010d4                __aeabi_cfcmple
                0x00000000080010e4                __aeabi_fcmpeq
                0x00000000080010f8                __aeabi_fcmplt
                0x000000000800110c                __aeabi_fcmple
                0x0000000008001120                __aeabi_fcmpge
                0x0000000008001134                __aeabi_fcmpgt
 .text          0x0000000008001148       0x40 c:/st/stm32cubeide_1.3.0/stm32cubeide/plugins/com.st.stm32cube.ide.mcu.externaltools.gnu-tools-for-stm32.7-2018-q2-update.win32_1.0.0.201904181610/tools/bin/../lib/gcc/arm-none-eabi/7.3.1/thumb/v7-m\libgcc.a(_arm_fixunssfsi.o)
                0x0000000008001148                __fixunssfsi
                0x0000000008001148                __aeabi_f2uiz
 .text          0x0000000008001188       0x30 c:/st/stm32cubeide_1.3.0/stm32cubeide/plugins/com.st.stm32cube.ide.mcu.externaltools.gnu-tools-for-stm32.7-2018-q2-update.win32_1.0.0.201904181610/tools/bin/../lib/gcc/arm-none-eabi/7.3.1/thumb/v7-m\libgcc.a(_aeabi_uldivmod.o)
                0x0000000008001188                __aeabi_uldivmod
 .text          0x00000000080011b8      0x2d0 c:/st/stm32cubeide_1.3.0/stm32cubeide/plugins/com.st.stm32cube.ide.mcu.externaltools.gnu-tools-for-stm32.7-2018-q2-update.win32_1.0.0.201904181610/tools/bin/../lib/gcc/arm-none-eabi/7.3.1/thumb/v7-m\libgcc.a(_udivmoddi4.o)
                0x00000000080011b8                __udivmoddi4
 .text          0x0000000008001488        0x4 c:/st/stm32cubeide_1.3.0/stm32cubeide/plugins/com.st.stm32cube.ide.mcu.externaltools.gnu-tools-for-stm32.7-2018-q2-update.win32_1.0.0.201904181610/tools/bin/../lib/gcc/arm-none-eabi/7.3.1/thumb/v7-m\libgcc.a(_dvmd_tls.o)
                0x0000000008001488                __aeabi_idiv0
                0x0000000008001488                __aeabi_ldiv0
 *(.text*)
 *fill*         0x000000000800148c        0x4 
 .text.Constant_Current
                0x0000000008001490     0x2078 Core/Src/C_Current.o
                0x0000000008001490                Constant_Current
 .text.Constant_Voltage
                0x0000000008003508     0x1ed4 Core/Src/C_Voltage.o
                0x0000000008003508                Constant_Voltage
 .text.EEPROM_WriteData
                0x00000000080053dc       0x3c Core/Src/EEPROM.o
                0x00000000080053dc                EEPROM_WriteData
 .text.MX_ADC1_Init
                0x0000000008005418      0x110 Core/Src/adc.o
                0x0000000008005418                MX_ADC1_Init
 .text.HAL_ADC_MspInit
                0x0000000008005528      0x128 Core/Src/adc.o
                0x0000000008005528                HAL_ADC_MspInit
 .text.MX_CAN1_Init
                0x0000000008005650       0x6c Core/Src/can.o
                0x0000000008005650                MX_CAN1_Init
 .text.HAL_CAN_MspInit
                0x00000000080056bc       0xb0 Core/Src/can.o
                0x00000000080056bc                HAL_CAN_MspInit
 .text.CAN_Setting
                0x000000000800576c       0x74 Core/Src/can.o
                0x000000000800576c                CAN_Setting
 .text.CAN_Rx_Process
                0x00000000080057e0      0x4a8 Core/Src/can.o
                0x00000000080057e0                CAN_Rx_Process
 .text.MX_DMA_Init
                0x0000000008005c88       0x40 Core/Src/dma.o
                0x0000000008005c88                MX_DMA_Init
 .text.MX_GPIO_Init
                0x0000000008005cc8       0xec Core/Src/gpio.o
                0x0000000008005cc8                MX_GPIO_Init
 .text.MX_I2C1_Init
                0x0000000008005db4       0x5c Core/Src/i2c.o
                0x0000000008005db4                MX_I2C1_Init
 .text.MX_I2C2_Init
                0x0000000008005e10       0x5c Core/Src/i2c.o
                0x0000000008005e10                MX_I2C2_Init
 .text.HAL_I2C_MspInit
                0x0000000008005e6c       0xfc Core/Src/i2c.o
                0x0000000008005e6c                HAL_I2C_MspInit
 .text.MX_IWDG_Init
                0x0000000008005f68       0x34 Core/Src/iwdg.o
                0x0000000008005f68                MX_IWDG_Init
 .text.main     0x0000000008005f9c       0x8c Core/Src/main.o
                0x0000000008005f9c                main
 .text.SystemClock_Config
                0x0000000008006028       0x92 Core/Src/main.o
                0x0000000008006028                SystemClock_Config
 *fill*         0x00000000080060ba        0x2 
 .text.HAL_ADC_ConvCpltCallback
                0x00000000080060bc       0x60 Core/Src/main.o
                0x00000000080060bc                HAL_ADC_ConvCpltCallback
 .text.CHARGER_ON_Init
                0x000000000800611c      0x100 Core/Src/main.o
                0x000000000800611c                CHARGER_ON_Init
 .text.Display_StanbyMode
                0x000000000800621c       0x2c Core/Src/main.o
                0x000000000800621c                Display_StanbyMode
 .text.Display_ProtectionMode
                0x0000000008006248       0x58 Core/Src/main.o
                0x0000000008006248                Display_ProtectionMode
 .text.Display_ChargeMode
                0x00000000080062a0      0x1f4 Core/Src/main.o
                0x00000000080062a0                Display_ChargeMode
 .text.Error_Handler
                0x0000000008006494        0xc Core/Src/main.o
                0x0000000008006494                Error_Handler
 .text.SSD1306_Init
                0x00000000080064a0      0x180 Core/Src/ssd1306.o
                0x00000000080064a0                SSD1306_Init
 .text.SSD1306_UpdateScreen
                0x0000000008006620       0x5c Core/Src/ssd1306.o
                0x0000000008006620                SSD1306_UpdateScreen
 .text.SSD1306_Fill
                0x000000000800667c       0x30 Core/Src/ssd1306.o
                0x000000000800667c                SSD1306_Fill
 .text.SSD1306_DrawPixel
                0x00000000080066ac       0xbc Core/Src/ssd1306.o
                0x00000000080066ac                SSD1306_DrawPixel
 .text.SSD1306_GotoXY
                0x0000000008006768       0x2c Core/Src/ssd1306.o
                0x0000000008006768                SSD1306_GotoXY
 .text.SSD1306_Putc
                0x0000000008006794      0x100 Core/Src/ssd1306.o
                0x0000000008006794                SSD1306_Putc
 .text.SSD1306_Puts
                0x0000000008006894       0x4a Core/Src/ssd1306.o
                0x0000000008006894                SSD1306_Puts
 *fill*         0x00000000080068de        0x2 
 .text.ssd1306_I2C_Init
                0x00000000080068e0       0x28 Core/Src/ssd1306.o
                0x00000000080068e0                ssd1306_I2C_Init
 .text.ssd1306_I2C_WriteMulti
                0x0000000008006908       0xb4 Core/Src/ssd1306.o
                0x0000000008006908                ssd1306_I2C_WriteMulti
 .text.ssd1306_I2C_Write
                0x00000000080069bc       0x3c Core/Src/ssd1306.o
                0x00000000080069bc                ssd1306_I2C_Write
 .text.HAL_MspInit
                0x00000000080069f8       0x4c Core/Src/stm32f2xx_hal_msp.o
                0x00000000080069f8                HAL_MspInit
 .text.NMI_Handler
                0x0000000008006a44        0xc Core/Src/stm32f2xx_it.o
                0x0000000008006a44                NMI_Handler
 .text.HardFault_Handler
                0x0000000008006a50        0x6 Core/Src/stm32f2xx_it.o
                0x0000000008006a50                HardFault_Handler
 .text.MemManage_Handler
                0x0000000008006a56        0x6 Core/Src/stm32f2xx_it.o
                0x0000000008006a56                MemManage_Handler
 .text.BusFault_Handler
                0x0000000008006a5c        0x6 Core/Src/stm32f2xx_it.o
                0x0000000008006a5c                BusFault_Handler
 .text.UsageFault_Handler
                0x0000000008006a62        0x6 Core/Src/stm32f2xx_it.o
                0x0000000008006a62                UsageFault_Handler
 .text.SVC_Handler
                0x0000000008006a68        0xc Core/Src/stm32f2xx_it.o
                0x0000000008006a68                SVC_Handler
 .text.DebugMon_Handler
                0x0000000008006a74        0xc Core/Src/stm32f2xx_it.o
                0x0000000008006a74                DebugMon_Handler
 .text.PendSV_Handler
                0x0000000008006a80        0xc Core/Src/stm32f2xx_it.o
                0x0000000008006a80                PendSV_Handler
 .text.SysTick_Handler
                0x0000000008006a8c        0xc Core/Src/stm32f2xx_it.o
                0x0000000008006a8c                SysTick_Handler
 .text.CAN1_RX1_IRQHandler
                0x0000000008006a98       0x14 Core/Src/stm32f2xx_it.o
                0x0000000008006a98                CAN1_RX1_IRQHandler
 .text.CAN1_SCE_IRQHandler
                0x0000000008006aac       0x14 Core/Src/stm32f2xx_it.o
                0x0000000008006aac                CAN1_SCE_IRQHandler
 .text.TIM2_IRQHandler
                0x0000000008006ac0      0x748 Core/Src/stm32f2xx_it.o
                0x0000000008006ac0                TIM2_IRQHandler
 .text.TIM3_IRQHandler
                0x0000000008007208       0x14 Core/Src/stm32f2xx_it.o
                0x0000000008007208                TIM3_IRQHandler
 .text.TIM4_IRQHandler
                0x000000000800721c       0x18 Core/Src/stm32f2xx_it.o
                0x000000000800721c                TIM4_IRQHandler
 .text.USART1_IRQHandler
                0x0000000008007234       0x14 Core/Src/stm32f2xx_it.o
                0x0000000008007234                USART1_IRQHandler
 .text.USART3_IRQHandler
                0x0000000008007248       0x14 Core/Src/stm32f2xx_it.o
                0x0000000008007248                USART3_IRQHandler
 .text.DMA2_Stream0_IRQHandler
                0x000000000800725c       0x14 Core/Src/stm32f2xx_it.o
                0x000000000800725c                DMA2_Stream0_IRQHandler
 .text.Eror_CodeCheck
                0x0000000008007270      0x11c Core/Src/stm32f2xx_it.o
                0x0000000008007270                Eror_CodeCheck
 .text.Clear_ProtectionFlag
                0x000000000800738c       0x70 Core/Src/stm32f2xx_it.o
                0x000000000800738c                Clear_ProtectionFlag
 *fill*         0x00000000080073fc        0x4 
 .text.Fault_Check
                0x0000000008007400      0x278 Core/Src/stm32f2xx_it.o
                0x0000000008007400                Fault_Check
 .text._sbrk    0x0000000008007678       0x58 Core/Src/sysmem.o
                0x0000000008007678                _sbrk
 .text.SystemInit
                0x00000000080076d0       0x5c Core/Src/system_stm32f2xx.o
                0x00000000080076d0                SystemInit
 .text.MX_TIM1_Init
                0x000000000800772c      0x140 Core/Src/tim.o
                0x000000000800772c                MX_TIM1_Init
 .text.MX_TIM2_Init
                0x000000000800786c       0x98 Core/Src/tim.o
                0x000000000800786c                MX_TIM2_Init
 .text.MX_TIM3_Init
                0x0000000008007904       0x9c Core/Src/tim.o
                0x0000000008007904                MX_TIM3_Init
 .text.MX_TIM4_Init
                0x00000000080079a0       0x98 Core/Src/tim.o
                0x00000000080079a0                MX_TIM4_Init
 .text.HAL_TIM_Base_MspInit
                0x0000000008007a38       0xf0 Core/Src/tim.o
                0x0000000008007a38                HAL_TIM_Base_MspInit
 .text.HAL_TIM_MspPostInit
                0x0000000008007b28       0x74 Core/Src/tim.o
                0x0000000008007b28                HAL_TIM_MspPostInit
 .text.MX_USART1_UART_Init
                0x0000000008007b9c       0x54 Core/Src/usart.o
                0x0000000008007b9c                MX_USART1_UART_Init
 .text.MX_USART3_UART_Init
                0x0000000008007bf0       0x54 Core/Src/usart.o
                0x0000000008007bf0                MX_USART3_UART_Init
 .text.HAL_UART_MspInit
                0x0000000008007c44      0x11c Core/Src/usart.o
                0x0000000008007c44                HAL_UART_MspInit
 .text.Reset_Handler
                0x0000000008007d60       0x50 Core/Startup/startup_stm32f205retx.o
                0x0000000008007d60                Reset_Handler
 .text.Default_Handler
                0x0000000008007db0        0x2 Core/Startup/startup_stm32f205retx.o
                0x0000000008007db0                RTC_Alarm_IRQHandler
                0x0000000008007db0                HASH_RNG_IRQHandler
                0x0000000008007db0                EXTI2_IRQHandler
                0x0000000008007db0                TIM8_CC_IRQHandler
                0x0000000008007db0                TIM1_CC_IRQHandler
                0x0000000008007db0                DMA2_Stream5_IRQHandler
                0x0000000008007db0                DMA1_Stream5_IRQHandler
                0x0000000008007db0                PVD_IRQHandler
                0x0000000008007db0                SDIO_IRQHandler
                0x0000000008007db0                TAMP_STAMP_IRQHandler
                0x0000000008007db0                CAN2_RX1_IRQHandler
                0x0000000008007db0                EXTI3_IRQHandler
                0x0000000008007db0                TIM8_TRG_COM_TIM14_IRQHandler
                0x0000000008007db0                TIM1_UP_TIM10_IRQHandler
                0x0000000008007db0                TIM8_UP_TIM13_IRQHandler
                0x0000000008007db0                I2C3_ER_IRQHandler
                0x0000000008007db0                EXTI0_IRQHandler
                0x0000000008007db0                I2C2_EV_IRQHandler
                0x0000000008007db0                DMA1_Stream2_IRQHandler
                0x0000000008007db0                CAN1_RX0_IRQHandler
                0x0000000008007db0                OTG_HS_WKUP_IRQHandler
                0x0000000008007db0                CAN2_SCE_IRQHandler
                0x0000000008007db0                DMA2_Stream2_IRQHandler
                0x0000000008007db0                SPI1_IRQHandler
                0x0000000008007db0                TIM6_DAC_IRQHandler
                0x0000000008007db0                TIM1_BRK_TIM9_IRQHandler
                0x0000000008007db0                CAN2_RX0_IRQHandler
                0x0000000008007db0                DMA2_Stream3_IRQHandler
                0x0000000008007db0                USART6_IRQHandler
                0x0000000008007db0                UART5_IRQHandler
                0x0000000008007db0                I2C1_EV_IRQHandler
                0x0000000008007db0                DMA1_Stream6_IRQHandler
                0x0000000008007db0                DMA1_Stream1_IRQHandler
                0x0000000008007db0                UART4_IRQHandler
                0x0000000008007db0                RCC_IRQHandler
                0x0000000008007db0                TIM8_BRK_TIM12_IRQHandler
                0x0000000008007db0                Default_Handler
                0x0000000008007db0                EXTI15_10_IRQHandler
                0x0000000008007db0                ADC_IRQHandler
                0x0000000008007db0                DMA1_Stream7_IRQHandler
                0x0000000008007db0                TIM7_IRQHandler
                0x0000000008007db0                CAN2_TX_IRQHandler
                0x0000000008007db0                TIM5_IRQHandler
                0x0000000008007db0                DMA2_Stream7_IRQHandler
                0x0000000008007db0                I2C3_EV_IRQHandler
                0x0000000008007db0                EXTI9_5_IRQHandler
                0x0000000008007db0                RTC_WKUP_IRQHandler
                0x0000000008007db0                SPI2_IRQHandler
                0x0000000008007db0                OTG_HS_EP1_IN_IRQHandler
                0x0000000008007db0                DMA1_Stream0_IRQHandler
                0x0000000008007db0                CAN1_TX_IRQHandler
                0x0000000008007db0                EXTI4_IRQHandler
                0x0000000008007db0                FSMC_IRQHandler
                0x0000000008007db0                OTG_HS_EP1_OUT_IRQHandler
                0x0000000008007db0                WWDG_IRQHandler
                0x0000000008007db0                OTG_FS_WKUP_IRQHandler
                0x0000000008007db0                TIM1_TRG_COM_TIM11_IRQHandler
                0x0000000008007db0                OTG_HS_IRQHandler
                0x0000000008007db0                EXTI1_IRQHandler
                0x0000000008007db0                USART2_IRQHandler
                0x0000000008007db0                I2C2_ER_IRQHandler
                0x0000000008007db0                DMA2_Stream1_IRQHandler
                0x0000000008007db0                FLASH_IRQHandler
                0x0000000008007db0                DMA2_Stream4_IRQHandler
                0x0000000008007db0                OTG_FS_IRQHandler
                0x0000000008007db0                SPI3_IRQHandler
                0x0000000008007db0                DMA1_Stream4_IRQHandler
                0x0000000008007db0                I2C1_ER_IRQHandler
                0x0000000008007db0                DMA2_Stream6_IRQHandler
                0x0000000008007db0                DMA1_Stream3_IRQHandler
 *fill*         0x0000000008007db2        0x2 
 .text.HAL_Init
                0x0000000008007db4       0x44 Drivers/STM32F2xx_HAL_Driver/Src/stm32f2xx_hal.o
                0x0000000008007db4                HAL_Init
 .text.HAL_InitTick
                0x0000000008007df8       0x60 Drivers/STM32F2xx_HAL_Driver/Src/stm32f2xx_hal.o
                0x0000000008007df8                HAL_InitTick
 .text.HAL_IncTick
                0x0000000008007e58       0x24 Drivers/STM32F2xx_HAL_Driver/Src/stm32f2xx_hal.o
                0x0000000008007e58                HAL_IncTick
 .text.HAL_GetTick
                0x0000000008007e7c       0x14 Drivers/STM32F2xx_HAL_Driver/Src/stm32f2xx_hal.o
                0x0000000008007e7c                HAL_GetTick
 .text.HAL_Delay
                0x0000000008007e90       0x44 Drivers/STM32F2xx_HAL_Driver/Src/stm32f2xx_hal.o
                0x0000000008007e90                HAL_Delay
 .text.HAL_ADC_Init
                0x0000000008007ed4       0x86 Drivers/STM32F2xx_HAL_Driver/Src/stm32f2xx_hal_adc.o
                0x0000000008007ed4                HAL_ADC_Init
 *fill*         0x0000000008007f5a        0x2 
 .text.HAL_ADC_Start_DMA
                0x0000000008007f5c      0x1a4 Drivers/STM32F2xx_HAL_Driver/Src/stm32f2xx_hal_adc.o
                0x0000000008007f5c                HAL_ADC_Start_DMA
 .text.HAL_ADC_ConvHalfCpltCallback
                0x0000000008008100       0x12 Drivers/STM32F2xx_HAL_Driver/Src/stm32f2xx_hal_adc.o
                0x0000000008008100                HAL_ADC_ConvHalfCpltCallback
 .text.HAL_ADC_ErrorCallback
                0x0000000008008112       0x12 Drivers/STM32F2xx_HAL_Driver/Src/stm32f2xx_hal_adc.o
                0x0000000008008112                HAL_ADC_ErrorCallback
 .text.HAL_ADC_ConfigChannel
                0x0000000008008124      0x240 Drivers/STM32F2xx_HAL_Driver/Src/stm32f2xx_hal_adc.o
                0x0000000008008124                HAL_ADC_ConfigChannel
 .text.ADC_Init
                0x0000000008008364      0x208 Drivers/STM32F2xx_HAL_Driver/Src/stm32f2xx_hal_adc.o
 .text.ADC_DMAConvCplt
                0x000000000800856c       0xba Drivers/STM32F2xx_HAL_Driver/Src/stm32f2xx_hal_adc.o
 .text.ADC_DMAHalfConvCplt
                0x0000000008008626       0x1c Drivers/STM32F2xx_HAL_Driver/Src/stm32f2xx_hal_adc.o
 .text.ADC_DMAError
                0x0000000008008642       0x2e Drivers/STM32F2xx_HAL_Driver/Src/stm32f2xx_hal_adc.o
 .text.HAL_CAN_Init
                0x0000000008008670      0x1f6 Drivers/STM32F2xx_HAL_Driver/Src/stm32f2xx_hal_can.o
                0x0000000008008670                HAL_CAN_Init
 *fill*         0x0000000008008866        0x2 
 .text.HAL_CAN_ConfigFilter
                0x0000000008008868      0x1c0 Drivers/STM32F2xx_HAL_Driver/Src/stm32f2xx_hal_can.o
                0x0000000008008868                HAL_CAN_ConfigFilter
 .text.HAL_CAN_Start
                0x0000000008008a28       0x88 Drivers/STM32F2xx_HAL_Driver/Src/stm32f2xx_hal_can.o
                0x0000000008008a28                HAL_CAN_Start
 .text.HAL_CAN_AddTxMessage
                0x0000000008008ab0      0x1b4 Drivers/STM32F2xx_HAL_Driver/Src/stm32f2xx_hal_can.o
                0x0000000008008ab0                HAL_CAN_AddTxMessage
 .text.HAL_CAN_GetRxMessage
                0x0000000008008c64      0x222 Drivers/STM32F2xx_HAL_Driver/Src/stm32f2xx_hal_can.o
                0x0000000008008c64                HAL_CAN_GetRxMessage
 .text.HAL_CAN_IRQHandler
                0x0000000008008e86      0x362 Drivers/STM32F2xx_HAL_Driver/Src/stm32f2xx_hal_can.o
                0x0000000008008e86                HAL_CAN_IRQHandler
 .text.HAL_CAN_TxMailbox0CompleteCallback
                0x00000000080091e8       0x12 Drivers/STM32F2xx_HAL_Driver/Src/stm32f2xx_hal_can.o
                0x00000000080091e8                HAL_CAN_TxMailbox0CompleteCallback
 .text.HAL_CAN_TxMailbox1CompleteCallback
                0x00000000080091fa       0x12 Drivers/STM32F2xx_HAL_Driver/Src/stm32f2xx_hal_can.o
                0x00000000080091fa                HAL_CAN_TxMailbox1CompleteCallback
 .text.HAL_CAN_TxMailbox2CompleteCallback
                0x000000000800920c       0x12 Drivers/STM32F2xx_HAL_Driver/Src/stm32f2xx_hal_can.o
                0x000000000800920c                HAL_CAN_TxMailbox2CompleteCallback
 .text.HAL_CAN_TxMailbox0AbortCallback
                0x000000000800921e       0x12 Drivers/STM32F2xx_HAL_Driver/Src/stm32f2xx_hal_can.o
                0x000000000800921e                HAL_CAN_TxMailbox0AbortCallback
 .text.HAL_CAN_TxMailbox1AbortCallback
                0x0000000008009230       0x12 Drivers/STM32F2xx_HAL_Driver/Src/stm32f2xx_hal_can.o
                0x0000000008009230                HAL_CAN_TxMailbox1AbortCallback
 .text.HAL_CAN_TxMailbox2AbortCallback
                0x0000000008009242       0x12 Drivers/STM32F2xx_HAL_Driver/Src/stm32f2xx_hal_can.o
                0x0000000008009242                HAL_CAN_TxMailbox2AbortCallback
 .text.HAL_CAN_RxFifo0MsgPendingCallback
                0x0000000008009254       0x12 Drivers/STM32F2xx_HAL_Driver/Src/stm32f2xx_hal_can.o
                0x0000000008009254                HAL_CAN_RxFifo0MsgPendingCallback
 .text.HAL_CAN_RxFifo0FullCallback
                0x0000000008009266       0x12 Drivers/STM32F2xx_HAL_Driver/Src/stm32f2xx_hal_can.o
                0x0000000008009266                HAL_CAN_RxFifo0FullCallback
 .text.HAL_CAN_RxFifo1MsgPendingCallback
                0x0000000008009278       0x12 Drivers/STM32F2xx_HAL_Driver/Src/stm32f2xx_hal_can.o
                0x0000000008009278                HAL_CAN_RxFifo1MsgPendingCallback
 .text.HAL_CAN_RxFifo1FullCallback
                0x000000000800928a       0x12 Drivers/STM32F2xx_HAL_Driver/Src/stm32f2xx_hal_can.o
                0x000000000800928a                HAL_CAN_RxFifo1FullCallback
 .text.HAL_CAN_SleepCallback
                0x000000000800929c       0x12 Drivers/STM32F2xx_HAL_Driver/Src/stm32f2xx_hal_can.o
                0x000000000800929c                HAL_CAN_SleepCallback
 .text.HAL_CAN_WakeUpFromRxMsgCallback
                0x00000000080092ae       0x12 Drivers/STM32F2xx_HAL_Driver/Src/stm32f2xx_hal_can.o
                0x00000000080092ae                HAL_CAN_WakeUpFromRxMsgCallback
 .text.HAL_CAN_ErrorCallback
                0x00000000080092c0       0x12 Drivers/STM32F2xx_HAL_Driver/Src/stm32f2xx_hal_can.o
                0x00000000080092c0                HAL_CAN_ErrorCallback
 *fill*         0x00000000080092d2        0x2 
 .text.__NVIC_SetPriorityGrouping
                0x00000000080092d4       0x48 Drivers/STM32F2xx_HAL_Driver/Src/stm32f2xx_hal_cortex.o
 .text.__NVIC_GetPriorityGrouping
                0x000000000800931c       0x1c Drivers/STM32F2xx_HAL_Driver/Src/stm32f2xx_hal_cortex.o
 .text.__NVIC_EnableIRQ
                0x0000000008009338       0x38 Drivers/STM32F2xx_HAL_Driver/Src/stm32f2xx_hal_cortex.o
 .text.__NVIC_SetPriority
                0x0000000008009370       0x54 Drivers/STM32F2xx_HAL_Driver/Src/stm32f2xx_hal_cortex.o
 .text.NVIC_EncodePriority
                0x00000000080093c4       0x64 Drivers/STM32F2xx_HAL_Driver/Src/stm32f2xx_hal_cortex.o
 .text.SysTick_Config
                0x0000000008009428       0x44 Drivers/STM32F2xx_HAL_Driver/Src/stm32f2xx_hal_cortex.o
 .text.HAL_NVIC_SetPriorityGrouping
                0x000000000800946c       0x16 Drivers/STM32F2xx_HAL_Driver/Src/stm32f2xx_hal_cortex.o
                0x000000000800946c                HAL_NVIC_SetPriorityGrouping
 .text.HAL_NVIC_SetPriority
                0x0000000008009482       0x38 Drivers/STM32F2xx_HAL_Driver/Src/stm32f2xx_hal_cortex.o
                0x0000000008009482                HAL_NVIC_SetPriority
 .text.HAL_NVIC_EnableIRQ
                0x00000000080094ba       0x1c Drivers/STM32F2xx_HAL_Driver/Src/stm32f2xx_hal_cortex.o
                0x00000000080094ba                HAL_NVIC_EnableIRQ
 .text.HAL_SYSTICK_Config
                0x00000000080094d6       0x18 Drivers/STM32F2xx_HAL_Driver/Src/stm32f2xx_hal_cortex.o
                0x00000000080094d6                HAL_SYSTICK_Config
 *fill*         0x00000000080094ee        0x2 
 .text.HAL_DMA_Init
                0x00000000080094f0      0x15c Drivers/STM32F2xx_HAL_Driver/Src/stm32f2xx_hal_dma.o
                0x00000000080094f0                HAL_DMA_Init
 .text.HAL_DMA_Start_IT
                0x000000000800964c       0xb0 Drivers/STM32F2xx_HAL_Driver/Src/stm32f2xx_hal_dma.o
                0x000000000800964c                HAL_DMA_Start_IT
 .text.HAL_DMA_Abort_IT
                0x00000000080096fc       0x42 Drivers/STM32F2xx_HAL_Driver/Src/stm32f2xx_hal_dma.o
                0x00000000080096fc                HAL_DMA_Abort_IT
 *fill*         0x000000000800973e        0x2 
 .text.HAL_DMA_IRQHandler
                0x0000000008009740      0x314 Drivers/STM32F2xx_HAL_Driver/Src/stm32f2xx_hal_dma.o
                0x0000000008009740                HAL_DMA_IRQHandler
 .text.DMA_SetConfig
                0x0000000008009a54       0x5a Drivers/STM32F2xx_HAL_Driver/Src/stm32f2xx_hal_dma.o
 *fill*         0x0000000008009aae        0x2 
 .text.DMA_CalcBaseAndBitshift
                0x0000000008009ab0       0x68 Drivers/STM32F2xx_HAL_Driver/Src/stm32f2xx_hal_dma.o
 .text.DMA_CheckFifoParam
                0x0000000008009b18       0xf4 Drivers/STM32F2xx_HAL_Driver/Src/stm32f2xx_hal_dma.o
 .text.HAL_GPIO_Init
                0x0000000008009c0c      0x33c Drivers/STM32F2xx_HAL_Driver/Src/stm32f2xx_hal_gpio.o
                0x0000000008009c0c                HAL_GPIO_Init
 .text.HAL_GPIO_ReadPin
                0x0000000008009f48       0x2e Drivers/STM32F2xx_HAL_Driver/Src/stm32f2xx_hal_gpio.o
                0x0000000008009f48                HAL_GPIO_ReadPin
 .text.HAL_GPIO_WritePin
                0x0000000008009f76       0x30 Drivers/STM32F2xx_HAL_Driver/Src/stm32f2xx_hal_gpio.o
                0x0000000008009f76                HAL_GPIO_WritePin
 .text.HAL_GPIO_TogglePin
                0x0000000008009fa6       0x32 Drivers/STM32F2xx_HAL_Driver/Src/stm32f2xx_hal_gpio.o
                0x0000000008009fa6                HAL_GPIO_TogglePin
 .text.HAL_I2C_Init
                0x0000000008009fd8      0x270 Drivers/STM32F2xx_HAL_Driver/Src/stm32f2xx_hal_i2c.o
                0x0000000008009fd8                HAL_I2C_Init
 .text.HAL_I2C_Master_Transmit
                0x000000000800a248      0x1fc Drivers/STM32F2xx_HAL_Driver/Src/stm32f2xx_hal_i2c.o
                0x000000000800a248                HAL_I2C_Master_Transmit
 .text.HAL_I2C_Mem_Write
                0x000000000800a444      0x1f4 Drivers/STM32F2xx_HAL_Driver/Src/stm32f2xx_hal_i2c.o
                0x000000000800a444                HAL_I2C_Mem_Write
 .text.HAL_I2C_IsDeviceReady
                0x000000000800a638      0x25c Drivers/STM32F2xx_HAL_Driver/Src/stm32f2xx_hal_i2c.o
                0x000000000800a638                HAL_I2C_IsDeviceReady
 .text.I2C_MasterRequestWrite
                0x000000000800a894      0x104 Drivers/STM32F2xx_HAL_Driver/Src/stm32f2xx_hal_i2c.o
 .text.I2C_RequestMemoryWrite
                0x000000000800a998      0x128 Drivers/STM32F2xx_HAL_Driver/Src/stm32f2xx_hal_i2c.o
 .text.I2C_WaitOnFlagUntilTimeout
                0x000000000800aac0       0xae Drivers/STM32F2xx_HAL_Driver/Src/stm32f2xx_hal_i2c.o
 .text.I2C_WaitOnMasterAddressFlagUntilTimeout
                0x000000000800ab6e       0xfe Drivers/STM32F2xx_HAL_Driver/Src/stm32f2xx_hal_i2c.o
 .text.I2C_WaitOnTXEFlagUntilTimeout
                0x000000000800ac6c       0x82 Drivers/STM32F2xx_HAL_Driver/Src/stm32f2xx_hal_i2c.o
 .text.I2C_WaitOnBTFFlagUntilTimeout
                0x000000000800acee       0x82 Drivers/STM32F2xx_HAL_Driver/Src/stm32f2xx_hal_i2c.o
 .text.I2C_IsAcknowledgeFailed
                0x000000000800ad70       0x5c Drivers/STM32F2xx_HAL_Driver/Src/stm32f2xx_hal_i2c.o
 .text.HAL_IWDG_Init
                0x000000000800adcc       0x72 Drivers/STM32F2xx_HAL_Driver/Src/stm32f2xx_hal_iwdg.o
                0x000000000800adcc                HAL_IWDG_Init
 .text.HAL_IWDG_Refresh
                0x000000000800ae3e       0x1e Drivers/STM32F2xx_HAL_Driver/Src/stm32f2xx_hal_iwdg.o
                0x000000000800ae3e                HAL_IWDG_Refresh
 .text.HAL_RCC_OscConfig
                0x000000000800ae5c      0x4d4 Drivers/STM32F2xx_HAL_Driver/Src/stm32f2xx_hal_rcc.o
                0x000000000800ae5c                HAL_RCC_OscConfig
 .text.HAL_RCC_ClockConfig
                0x000000000800b330      0x1d8 Drivers/STM32F2xx_HAL_Driver/Src/stm32f2xx_hal_rcc.o
                0x000000000800b330                HAL_RCC_ClockConfig
 .text.HAL_RCC_GetSysClockFreq
                0x000000000800b508      0x164 Drivers/STM32F2xx_HAL_Driver/Src/stm32f2xx_hal_rcc.o
                0x000000000800b508                HAL_RCC_GetSysClockFreq
 .text.HAL_RCC_GetHCLKFreq
                0x000000000800b66c       0x14 Drivers/STM32F2xx_HAL_Driver/Src/stm32f2xx_hal_rcc.o
                0x000000000800b66c                HAL_RCC_GetHCLKFreq
 .text.HAL_RCC_GetPCLK1Freq
                0x000000000800b680       0x44 Drivers/STM32F2xx_HAL_Driver/Src/stm32f2xx_hal_rcc.o
                0x000000000800b680                HAL_RCC_GetPCLK1Freq
 .text.HAL_RCC_GetPCLK2Freq
                0x000000000800b6c4       0x44 Drivers/STM32F2xx_HAL_Driver/Src/stm32f2xx_hal_rcc.o
                0x000000000800b6c4                HAL_RCC_GetPCLK2Freq
 .text.HAL_TIM_Base_Init
                0x000000000800b708       0x56 Drivers/STM32F2xx_HAL_Driver/Src/stm32f2xx_hal_tim.o
                0x000000000800b708                HAL_TIM_Base_Init
 .text.HAL_TIM_Base_Start
                0x000000000800b75e       0x46 Drivers/STM32F2xx_HAL_Driver/Src/stm32f2xx_hal_tim.o
                0x000000000800b75e                HAL_TIM_Base_Start
 .text.HAL_TIM_Base_Start_IT
                0x000000000800b7a4       0x46 Drivers/STM32F2xx_HAL_Driver/Src/stm32f2xx_hal_tim.o
                0x000000000800b7a4                HAL_TIM_Base_Start_IT
 .text.HAL_TIM_PWM_Init
                0x000000000800b7ea       0x56 Drivers/STM32F2xx_HAL_Driver/Src/stm32f2xx_hal_tim.o
                0x000000000800b7ea                HAL_TIM_PWM_Init
 .text.HAL_TIM_PWM_MspInit
                0x000000000800b840       0x12 Drivers/STM32F2xx_HAL_Driver/Src/stm32f2xx_hal_tim.o
                0x000000000800b840                HAL_TIM_PWM_MspInit
 *fill*         0x000000000800b852        0x2 
 .text.HAL_TIM_PWM_Start
                0x000000000800b854       0x7c Drivers/STM32F2xx_HAL_Driver/Src/stm32f2xx_hal_tim.o
                0x000000000800b854                HAL_TIM_PWM_Start
 .text.HAL_TIM_IRQHandler
                0x000000000800b8d0      0x210 Drivers/STM32F2xx_HAL_Driver/Src/stm32f2xx_hal_tim.o
                0x000000000800b8d0                HAL_TIM_IRQHandler
 .text.HAL_TIM_PWM_ConfigChannel
                0x000000000800bae0      0x18c Drivers/STM32F2xx_HAL_Driver/Src/stm32f2xx_hal_tim.o
                0x000000000800bae0                HAL_TIM_PWM_ConfigChannel
 .text.HAL_TIM_ConfigClockSource
                0x000000000800bc6c      0x16e Drivers/STM32F2xx_HAL_Driver/Src/stm32f2xx_hal_tim.o
                0x000000000800bc6c                HAL_TIM_ConfigClockSource
 .text.HAL_TIM_PeriodElapsedCallback
                0x000000000800bdda       0x12 Drivers/STM32F2xx_HAL_Driver/Src/stm32f2xx_hal_tim.o
                0x000000000800bdda                HAL_TIM_PeriodElapsedCallback
 .text.HAL_TIM_OC_DelayElapsedCallback
                0x000000000800bdec       0x12 Drivers/STM32F2xx_HAL_Driver/Src/stm32f2xx_hal_tim.o
                0x000000000800bdec                HAL_TIM_OC_DelayElapsedCallback
 .text.HAL_TIM_IC_CaptureCallback
                0x000000000800bdfe       0x12 Drivers/STM32F2xx_HAL_Driver/Src/stm32f2xx_hal_tim.o
                0x000000000800bdfe                HAL_TIM_IC_CaptureCallback
 .text.HAL_TIM_PWM_PulseFinishedCallback
                0x000000000800be10       0x12 Drivers/STM32F2xx_HAL_Driver/Src/stm32f2xx_hal_tim.o
                0x000000000800be10                HAL_TIM_PWM_PulseFinishedCallback
 .text.HAL_TIM_TriggerCallback
                0x000000000800be22       0x12 Drivers/STM32F2xx_HAL_Driver/Src/stm32f2xx_hal_tim.o
                0x000000000800be22                HAL_TIM_TriggerCallback
 .text.TIM_Base_SetConfig
                0x000000000800be34      0x13c Drivers/STM32F2xx_HAL_Driver/Src/stm32f2xx_hal_tim.o
                0x000000000800be34                TIM_Base_SetConfig
 .text.TIM_OC1_SetConfig
                0x000000000800bf70       0xe0 Drivers/STM32F2xx_HAL_Driver/Src/stm32f2xx_hal_tim.o
 .text.TIM_OC2_SetConfig
                0x000000000800c050       0xe8 Drivers/STM32F2xx_HAL_Driver/Src/stm32f2xx_hal_tim.o
                0x000000000800c050                TIM_OC2_SetConfig
 .text.TIM_OC3_SetConfig
                0x000000000800c138       0xe8 Drivers/STM32F2xx_HAL_Driver/Src/stm32f2xx_hal_tim.o
 .text.TIM_OC4_SetConfig
                0x000000000800c220       0xa8 Drivers/STM32F2xx_HAL_Driver/Src/stm32f2xx_hal_tim.o
 .text.TIM_TI1_ConfigInputStage
                0x000000000800c2c8       0x5c Drivers/STM32F2xx_HAL_Driver/Src/stm32f2xx_hal_tim.o
 .text.TIM_TI2_ConfigInputStage
                0x000000000800c324       0x5e Drivers/STM32F2xx_HAL_Driver/Src/stm32f2xx_hal_tim.o
 .text.TIM_ITRx_SetConfig
                0x000000000800c382       0x34 Drivers/STM32F2xx_HAL_Driver/Src/stm32f2xx_hal_tim.o
 .text.TIM_ETR_SetConfig
                0x000000000800c3b6       0x3e Drivers/STM32F2xx_HAL_Driver/Src/stm32f2xx_hal_tim.o
                0x000000000800c3b6                TIM_ETR_SetConfig
 .text.TIM_CCxChannelCmd
                0x000000000800c3f4       0x48 Drivers/STM32F2xx_HAL_Driver/Src/stm32f2xx_hal_tim.o
                0x000000000800c3f4                TIM_CCxChannelCmd
 .text.HAL_TIMEx_MasterConfigSynchronization
                0x000000000800c43c       0x88 Drivers/STM32F2xx_HAL_Driver/Src/stm32f2xx_hal_tim_ex.o
                0x000000000800c43c                HAL_TIMEx_MasterConfigSynchronization
 .text.HAL_TIMEx_ConfigBreakDeadTime
                0x000000000800c4c4       0xa2 Drivers/STM32F2xx_HAL_Driver/Src/stm32f2xx_hal_tim_ex.o
                0x000000000800c4c4                HAL_TIMEx_ConfigBreakDeadTime
 .text.HAL_TIMEx_CommutCallback
                0x000000000800c566       0x12 Drivers/STM32F2xx_HAL_Driver/Src/stm32f2xx_hal_tim_ex.o
                0x000000000800c566                HAL_TIMEx_CommutCallback
 .text.HAL_TIMEx_BreakCallback
                0x000000000800c578       0x12 Drivers/STM32F2xx_HAL_Driver/Src/stm32f2xx_hal_tim_ex.o
                0x000000000800c578                HAL_TIMEx_BreakCallback
 .text.HAL_UART_Init
                0x000000000800c58a       0x9a Drivers/STM32F2xx_HAL_Driver/Src/stm32f2xx_hal_uart.o
                0x000000000800c58a                HAL_UART_Init
 .text.HAL_UART_Transmit_IT
                0x000000000800c624       0x88 Drivers/STM32F2xx_HAL_Driver/Src/stm32f2xx_hal_uart.o
                0x000000000800c624                HAL_UART_Transmit_IT
 .text.HAL_UART_IRQHandler
                0x000000000800c6ac      0x200 Drivers/STM32F2xx_HAL_Driver/Src/stm32f2xx_hal_uart.o
                0x000000000800c6ac                HAL_UART_IRQHandler
 .text.HAL_UART_TxCpltCallback
                0x000000000800c8ac       0x12 Drivers/STM32F2xx_HAL_Driver/Src/stm32f2xx_hal_uart.o
                0x000000000800c8ac                HAL_UART_TxCpltCallback
 .text.HAL_UART_RxCpltCallback
                0x000000000800c8be       0x12 Drivers/STM32F2xx_HAL_Driver/Src/stm32f2xx_hal_uart.o
                0x000000000800c8be                HAL_UART_RxCpltCallback
 .text.HAL_UART_ErrorCallback
                0x000000000800c8d0       0x12 Drivers/STM32F2xx_HAL_Driver/Src/stm32f2xx_hal_uart.o
                0x000000000800c8d0                HAL_UART_ErrorCallback
 .text.UART_EndRxTransfer
                0x000000000800c8e2       0x3a Drivers/STM32F2xx_HAL_Driver/Src/stm32f2xx_hal_uart.o
 .text.UART_DMAAbortOnError
                0x000000000800c91c       0x28 Drivers/STM32F2xx_HAL_Driver/Src/stm32f2xx_hal_uart.o
 .text.UART_Transmit_IT
                0x000000000800c944       0xaa Drivers/STM32F2xx_HAL_Driver/Src/stm32f2xx_hal_uart.o
 .text.UART_EndTransmit_IT
                0x000000000800c9ee       0x30 Drivers/STM32F2xx_HAL_Driver/Src/stm32f2xx_hal_uart.o
 .text.UART_Receive_IT
                0x000000000800ca1e      0x102 Drivers/STM32F2xx_HAL_Driver/Src/stm32f2xx_hal_uart.o
 .text.UART_SetConfig
                0x000000000800cb20      0x328 Drivers/STM32F2xx_HAL_Driver/Src/stm32f2xx_hal_uart.o
 .text.__errno  0x000000000800ce48        0xc c:/st/stm32cubeide_1.3.0/stm32cubeide/plugins/com.st.stm32cube.ide.mcu.externaltools.gnu-tools-for-stm32.7-2018-q2-update.win32_1.0.0.201904181610/tools/bin/../lib/gcc/arm-none-eabi/7.3.1/../../../../arm-none-eabi/lib/thumb/v7-m\libc_nano.a(lib_a-errno.o)
                0x000000000800ce48                __errno
 .text.__libc_init_array
                0x000000000800ce54       0x48 c:/st/stm32cubeide_1.3.0/stm32cubeide/plugins/com.st.stm32cube.ide.mcu.externaltools.gnu-tools-for-stm32.7-2018-q2-update.win32_1.0.0.201904181610/tools/bin/../lib/gcc/arm-none-eabi/7.3.1/../../../../arm-none-eabi/lib/thumb/v7-m\libc_nano.a(lib_a-init.o)
                0x000000000800ce54                __libc_init_array
 .text.memset   0x000000000800ce9c       0x10 c:/st/stm32cubeide_1.3.0/stm32cubeide/plugins/com.st.stm32cube.ide.mcu.externaltools.gnu-tools-for-stm32.7-2018-q2-update.win32_1.0.0.201904181610/tools/bin/../lib/gcc/arm-none-eabi/7.3.1/../../../../arm-none-eabi/lib/thumb/v7-m\libc_nano.a(lib_a-memset.o)
                0x000000000800ce9c                memset
 .text.__cvt    0x000000000800ceac       0xb8 c:/st/stm32cubeide_1.3.0/stm32cubeide/plugins/com.st.stm32cube.ide.mcu.externaltools.gnu-tools-for-stm32.7-2018-q2-update.win32_1.0.0.201904181610/tools/bin/../lib/gcc/arm-none-eabi/7.3.1/../../../../arm-none-eabi/lib/thumb/v7-m\libc_nano.a(lib_a-nano-vfprintf_float.o)
                0x000000000800ceac                __cvt
 .text.__exponent
                0x000000000800cf64       0x6a c:/st/stm32cubeide_1.3.0/stm32cubeide/plugins/com.st.stm32cube.ide.mcu.externaltools.gnu-tools-for-stm32.7-2018-q2-update.win32_1.0.0.201904181610/tools/bin/../lib/gcc/arm-none-eabi/7.3.1/../../../../arm-none-eabi/lib/thumb/v7-m\libc_nano.a(lib_a-nano-vfprintf_float.o)
                0x000000000800cf64                __exponent
 *fill*         0x000000000800cfce        0x2 
 .text._printf_float
                0x000000000800cfd0      0x46c c:/st/stm32cubeide_1.3.0/stm32cubeide/plugins/com.st.stm32cube.ide.mcu.externaltools.gnu-tools-for-stm32.7-2018-q2-update.win32_1.0.0.201904181610/tools/bin/../lib/gcc/arm-none-eabi/7.3.1/../../../../arm-none-eabi/lib/thumb/v7-m\libc_nano.a(lib_a-nano-vfprintf_float.o)
                0x000000000800cfd0                _printf_float
 .text._printf_common
                0x000000000800d43c       0xec c:/st/stm32cubeide_1.3.0/stm32cubeide/plugins/com.st.stm32cube.ide.mcu.externaltools.gnu-tools-for-stm32.7-2018-q2-update.win32_1.0.0.201904181610/tools/bin/../lib/gcc/arm-none-eabi/7.3.1/../../../../arm-none-eabi/lib/thumb/v7-m\libc_nano.a(lib_a-nano-vfprintf_i.o)
                0x000000000800d43c                _printf_common
 .text._printf_i
                0x000000000800d528      0x224 c:/st/stm32cubeide_1.3.0/stm32cubeide/plugins/com.st.stm32cube.ide.mcu.externaltools.gnu-tools-for-stm32.7-2018-q2-update.win32_1.0.0.201904181610/tools/bin/../lib/gcc/arm-none-eabi/7.3.1/../../../../arm-none-eabi/lib/thumb/v7-m\libc_nano.a(lib_a-nano-vfprintf_i.o)
                0x000000000800d528                _printf_i
 .text.sprintf  0x000000000800d74c       0x40 c:/st/stm32cubeide_1.3.0/stm32cubeide/plugins/com.st.stm32cube.ide.mcu.externaltools.gnu-tools-for-stm32.7-2018-q2-update.win32_1.0.0.201904181610/tools/bin/../lib/gcc/arm-none-eabi/7.3.1/../../../../arm-none-eabi/lib/thumb/v7-m\libc_nano.a(lib_a-sprintf.o)
                0x000000000800d74c                siprintf
                0x000000000800d74c                sprintf
 .text.quorem   0x000000000800d78c      0x11c c:/st/stm32cubeide_1.3.0/stm32cubeide/plugins/com.st.stm32cube.ide.mcu.externaltools.gnu-tools-for-stm32.7-2018-q2-update.win32_1.0.0.201904181610/tools/bin/../lib/gcc/arm-none-eabi/7.3.1/../../../../arm-none-eabi/lib/thumb/v7-m\libc_nano.a(lib_a-dtoa.o)
 .text._dtoa_r  0x000000000800d8a8      0xb68 c:/st/stm32cubeide_1.3.0/stm32cubeide/plugins/com.st.stm32cube.ide.mcu.externaltools.gnu-tools-for-stm32.7-2018-q2-update.win32_1.0.0.201904181610/tools/bin/../lib/gcc/arm-none-eabi/7.3.1/../../../../arm-none-eabi/lib/thumb/v7-m\libc_nano.a(lib_a-dtoa.o)
                0x000000000800d8a8                _dtoa_r
 .text._localeconv_r
                0x000000000800e410       0x1c c:/st/stm32cubeide_1.3.0/stm32cubeide/plugins/com.st.stm32cube.ide.mcu.externaltools.gnu-tools-for-stm32.7-2018-q2-update.win32_1.0.0.201904181610/tools/bin/../lib/gcc/arm-none-eabi/7.3.1/../../../../arm-none-eabi/lib/thumb/v7-m\libc_nano.a(lib_a-localeconv.o)
                0x000000000800e410                _localeconv_r
 .text.malloc   0x000000000800e42c       0x10 c:/st/stm32cubeide_1.3.0/stm32cubeide/plugins/com.st.stm32cube.ide.mcu.externaltools.gnu-tools-for-stm32.7-2018-q2-update.win32_1.0.0.201904181610/tools/bin/../lib/gcc/arm-none-eabi/7.3.1/../../../../arm-none-eabi/lib/thumb/v7-m\libc_nano.a(lib_a-malloc.o)
                0x000000000800e42c                malloc
 .text.memchr   0x000000000800e43c       0x1c c:/st/stm32cubeide_1.3.0/stm32cubeide/plugins/com.st.stm32cube.ide.mcu.externaltools.gnu-tools-for-stm32.7-2018-q2-update.win32_1.0.0.201904181610/tools/bin/../lib/gcc/arm-none-eabi/7.3.1/../../../../arm-none-eabi/lib/thumb/v7-m\libc_nano.a(lib_a-memchr-stub.o)
                0x000000000800e43c                memchr
 .text.memcpy   0x000000000800e458       0x16 c:/st/stm32cubeide_1.3.0/stm32cubeide/plugins/com.st.stm32cube.ide.mcu.externaltools.gnu-tools-for-stm32.7-2018-q2-update.win32_1.0.0.201904181610/tools/bin/../lib/gcc/arm-none-eabi/7.3.1/../../../../arm-none-eabi/lib/thumb/v7-m\libc_nano.a(lib_a-memcpy-stub.o)
                0x000000000800e458                memcpy
 .text._Balloc  0x000000000800e46e       0x68 c:/st/stm32cubeide_1.3.0/stm32cubeide/plugins/com.st.stm32cube.ide.mcu.externaltools.gnu-tools-for-stm32.7-2018-q2-update.win32_1.0.0.201904181610/tools/bin/../lib/gcc/arm-none-eabi/7.3.1/../../../../arm-none-eabi/lib/thumb/v7-m\libc_nano.a(lib_a-mprec.o)
                0x000000000800e46e                _Balloc
 .text._Bfree   0x000000000800e4d6       0x2e c:/st/stm32cubeide_1.3.0/stm32cubeide/plugins/com.st.stm32cube.ide.mcu.externaltools.gnu-tools-for-stm32.7-2018-q2-update.win32_1.0.0.201904181610/tools/bin/../lib/gcc/arm-none-eabi/7.3.1/../../../../arm-none-eabi/lib/thumb/v7-m\libc_nano.a(lib_a-mprec.o)
                0x000000000800e4d6                _Bfree
 .text.__multadd
                0x000000000800e504       0x76 c:/st/stm32cubeide_1.3.0/stm32cubeide/plugins/com.st.stm32cube.ide.mcu.externaltools.gnu-tools-for-stm32.7-2018-q2-update.win32_1.0.0.201904181610/tools/bin/../lib/gcc/arm-none-eabi/7.3.1/../../../../arm-none-eabi/lib/thumb/v7-m\libc_nano.a(lib_a-mprec.o)
                0x000000000800e504                __multadd
 .text.__hi0bits
                0x000000000800e57a       0x3e c:/st/stm32cubeide_1.3.0/stm32cubeide/plugins/com.st.stm32cube.ide.mcu.externaltools.gnu-tools-for-stm32.7-2018-q2-update.win32_1.0.0.201904181610/tools/bin/../lib/gcc/arm-none-eabi/7.3.1/../../../../arm-none-eabi/lib/thumb/v7-m\libc_nano.a(lib_a-mprec.o)
                0x000000000800e57a                __hi0bits
 .text.__lo0bits
                0x000000000800e5b8       0x5e c:/st/stm32cubeide_1.3.0/stm32cubeide/plugins/com.st.stm32cube.ide.mcu.externaltools.gnu-tools-for-stm32.7-2018-q2-update.win32_1.0.0.201904181610/tools/bin/../lib/gcc/arm-none-eabi/7.3.1/../../../../arm-none-eabi/lib/thumb/v7-m\libc_nano.a(lib_a-mprec.o)
                0x000000000800e5b8                __lo0bits
 .text.__i2b    0x000000000800e616       0x12 c:/st/stm32cubeide_1.3.0/stm32cubeide/plugins/com.st.stm32cube.ide.mcu.externaltools.gnu-tools-for-stm32.7-2018-q2-update.win32_1.0.0.201904181610/tools/bin/../lib/gcc/arm-none-eabi/7.3.1/../../../../arm-none-eabi/lib/thumb/v7-m\libc_nano.a(lib_a-mprec.o)
                0x000000000800e616                __i2b
 .text.__multiply
                0x000000000800e628      0x12a c:/st/stm32cubeide_1.3.0/stm32cubeide/plugins/com.st.stm32cube.ide.mcu.externaltools.gnu-tools-for-stm32.7-2018-q2-update.win32_1.0.0.201904181610/tools/bin/../lib/gcc/arm-none-eabi/7.3.1/../../../../arm-none-eabi/lib/thumb/v7-m\libc_nano.a(lib_a-mprec.o)
                0x000000000800e628                __multiply
 *fill*         0x000000000800e752        0x2 
 .text.__pow5mult
                0x000000000800e754       0x9c c:/st/stm32cubeide_1.3.0/stm32cubeide/plugins/com.st.stm32cube.ide.mcu.externaltools.gnu-tools-for-stm32.7-2018-q2-update.win32_1.0.0.201904181610/tools/bin/../lib/gcc/arm-none-eabi/7.3.1/../../../../arm-none-eabi/lib/thumb/v7-m\libc_nano.a(lib_a-mprec.o)
                0x000000000800e754                __pow5mult
 .text.__lshift
                0x000000000800e7f0       0xa8 c:/st/stm32cubeide_1.3.0/stm32cubeide/plugins/com.st.stm32cube.ide.mcu.externaltools.gnu-tools-for-stm32.7-2018-q2-update.win32_1.0.0.201904181610/tools/bin/../lib/gcc/arm-none-eabi/7.3.1/../../../../arm-none-eabi/lib/thumb/v7-m\libc_nano.a(lib_a-mprec.o)
                0x000000000800e7f0                __lshift
 .text.__mcmp   0x000000000800e898       0x34 c:/st/stm32cubeide_1.3.0/stm32cubeide/plugins/com.st.stm32cube.ide.mcu.externaltools.gnu-tools-for-stm32.7-2018-q2-update.win32_1.0.0.201904181610/tools/bin/../lib/gcc/arm-none-eabi/7.3.1/../../../../arm-none-eabi/lib/thumb/v7-m\libc_nano.a(lib_a-mprec.o)
                0x000000000800e898                __mcmp
 .text.__mdiff  0x000000000800e8cc       0xbc c:/st/stm32cubeide_1.3.0/stm32cubeide/plugins/com.st.stm32cube.ide.mcu.externaltools.gnu-tools-for-stm32.7-2018-q2-update.win32_1.0.0.201904181610/tools/bin/../lib/gcc/arm-none-eabi/7.3.1/../../../../arm-none-eabi/lib/thumb/v7-m\libc_nano.a(lib_a-mprec.o)
                0x000000000800e8cc                __mdiff
 .text.__d2b    0x000000000800e988       0x9e c:/st/stm32cubeide_1.3.0/stm32cubeide/plugins/com.st.stm32cube.ide.mcu.externaltools.gnu-tools-for-stm32.7-2018-q2-update.win32_1.0.0.201904181610/tools/bin/../lib/gcc/arm-none-eabi/7.3.1/../../../../arm-none-eabi/lib/thumb/v7-m\libc_nano.a(lib_a-mprec.o)
                0x000000000800e988                __d2b
 .text._calloc_r
                0x000000000800ea26       0x1c c:/st/stm32cubeide_1.3.0/stm32cubeide/plugins/com.st.stm32cube.ide.mcu.externaltools.gnu-tools-for-stm32.7-2018-q2-update.win32_1.0.0.201904181610/tools/bin/../lib/gcc/arm-none-eabi/7.3.1/../../../../arm-none-eabi/lib/thumb/v7-m\libc_nano.a(lib_a-nano-callocr.o)
                0x000000000800ea26                _calloc_r
 *fill*         0x000000000800ea42        0x2 
 .text._free_r  0x000000000800ea44       0x98 c:/st/stm32cubeide_1.3.0/stm32cubeide/plugins/com.st.stm32cube.ide.mcu.externaltools.gnu-tools-for-stm32.7-2018-q2-update.win32_1.0.0.201904181610/tools/bin/../lib/gcc/arm-none-eabi/7.3.1/../../../../arm-none-eabi/lib/thumb/v7-m\libc_nano.a(lib_a-nano-freer.o)
                0x000000000800ea44                _free_r
 .text._malloc_r
                0x000000000800eadc       0xb4 c:/st/stm32cubeide_1.3.0/stm32cubeide/plugins/com.st.stm32cube.ide.mcu.externaltools.gnu-tools-for-stm32.7-2018-q2-update.win32_1.0.0.201904181610/tools/bin/../lib/gcc/arm-none-eabi/7.3.1/../../../../arm-none-eabi/lib/thumb/v7-m\libc_nano.a(lib_a-nano-mallocr.o)
                0x000000000800eadc                _malloc_r
 .text.__ssputs_r
                0x000000000800eb90       0xb4 c:/st/stm32cubeide_1.3.0/stm32cubeide/plugins/com.st.stm32cube.ide.mcu.externaltools.gnu-tools-for-stm32.7-2018-q2-update.win32_1.0.0.201904181610/tools/bin/../lib/gcc/arm-none-eabi/7.3.1/../../../../arm-none-eabi/lib/thumb/v7-m\libc_nano.a(lib_a-nano-svfprintf.o)
                0x000000000800eb90                __ssputs_r
 .text._svfprintf_r
                0x000000000800ec44      0x1f0 c:/st/stm32cubeide_1.3.0/stm32cubeide/plugins/com.st.stm32cube.ide.mcu.externaltools.gnu-tools-for-stm32.7-2018-q2-update.win32_1.0.0.201904181610/tools/bin/../lib/gcc/arm-none-eabi/7.3.1/../../../../arm-none-eabi/lib/thumb/v7-m\libc_nano.a(lib_a-nano-svfprintf.o)
                0x000000000800ec44                _svfiprintf_r
                0x000000000800ec44                _svfprintf_r
 .text._sbrk_r  0x000000000800ee34       0x20 c:/st/stm32cubeide_1.3.0/stm32cubeide/plugins/com.st.stm32cube.ide.mcu.externaltools.gnu-tools-for-stm32.7-2018-q2-update.win32_1.0.0.201904181610/tools/bin/../lib/gcc/arm-none-eabi/7.3.1/../../../../arm-none-eabi/lib/thumb/v7-m\libc_nano.a(lib_a-sbrkr.o)
                0x000000000800ee34                _sbrk_r
 .text.__ascii_mbtowc
                0x000000000800ee54       0x24 c:/st/stm32cubeide_1.3.0/stm32cubeide/plugins/com.st.stm32cube.ide.mcu.externaltools.gnu-tools-for-stm32.7-2018-q2-update.win32_1.0.0.201904181610/tools/bin/../lib/gcc/arm-none-eabi/7.3.1/../../../../arm-none-eabi/lib/thumb/v7-m\libc_nano.a(lib_a-mbtowc_r.o)
                0x000000000800ee54                __ascii_mbtowc
 .text.memmove  0x000000000800ee78       0x32 c:/st/stm32cubeide_1.3.0/stm32cubeide/plugins/com.st.stm32cube.ide.mcu.externaltools.gnu-tools-for-stm32.7-2018-q2-update.win32_1.0.0.201904181610/tools/bin/../lib/gcc/arm-none-eabi/7.3.1/../../../../arm-none-eabi/lib/thumb/v7-m\libc_nano.a(lib_a-memmove.o)
                0x000000000800ee78                memmove
 .text.__malloc_lock
                0x000000000800eeaa        0x2 c:/st/stm32cubeide_1.3.0/stm32cubeide/plugins/com.st.stm32cube.ide.mcu.externaltools.gnu-tools-for-stm32.7-2018-q2-update.win32_1.0.0.201904181610/tools/bin/../lib/gcc/arm-none-eabi/7.3.1/../../../../arm-none-eabi/lib/thumb/v7-m\libc_nano.a(lib_a-mlock.o)
                0x000000000800eeaa                __malloc_lock
 .text.__malloc_unlock
                0x000000000800eeac        0x2 c:/st/stm32cubeide_1.3.0/stm32cubeide/plugins/com.st.stm32cube.ide.mcu.externaltools.gnu-tools-for-stm32.7-2018-q2-update.win32_1.0.0.201904181610/tools/bin/../lib/gcc/arm-none-eabi/7.3.1/../../../../arm-none-eabi/lib/thumb/v7-m\libc_nano.a(lib_a-mlock.o)
                0x000000000800eeac                __malloc_unlock
 .text._realloc_r
                0x000000000800eeae       0x4c c:/st/stm32cubeide_1.3.0/stm32cubeide/plugins/com.st.stm32cube.ide.mcu.externaltools.gnu-tools-for-stm32.7-2018-q2-update.win32_1.0.0.201904181610/tools/bin/../lib/gcc/arm-none-eabi/7.3.1/../../../../arm-none-eabi/lib/thumb/v7-m\libc_nano.a(lib_a-nano-reallocr.o)
                0x000000000800eeae                _realloc_r
 .text.__ascii_wctomb
                0x000000000800eefa       0x1a c:/st/stm32cubeide_1.3.0/stm32cubeide/plugins/com.st.stm32cube.ide.mcu.externaltools.gnu-tools-for-stm32.7-2018-q2-update.win32_1.0.0.201904181610/tools/bin/../lib/gcc/arm-none-eabi/7.3.1/../../../../arm-none-eabi/lib/thumb/v7-m\libc_nano.a(lib_a-wctomb_r.o)
                0x000000000800eefa                __ascii_wctomb
 .text._malloc_usable_size_r
                0x000000000800ef14       0x10 c:/st/stm32cubeide_1.3.0/stm32cubeide/plugins/com.st.stm32cube.ide.mcu.externaltools.gnu-tools-for-stm32.7-2018-q2-update.win32_1.0.0.201904181610/tools/bin/../lib/gcc/arm-none-eabi/7.3.1/../../../../arm-none-eabi/lib/thumb/v7-m\libc_nano.a(lib_a-nano-msizer.o)
                0x000000000800ef14                _malloc_usable_size_r
 .text.log      0x000000000800ef24       0xf4 c:/st/stm32cubeide_1.3.0/stm32cubeide/plugins/com.st.stm32cube.ide.mcu.externaltools.gnu-tools-for-stm32.7-2018-q2-update.win32_1.0.0.201904181610/tools/bin/../lib/gcc/arm-none-eabi/7.3.1/../../../../arm-none-eabi/lib/thumb/v7-m\libm.a(lib_a-w_log.o)
                0x000000000800ef24                log
 .text.__ieee754_log
                0x000000000800f018      0x364 c:/st/stm32cubeide_1.3.0/stm32cubeide/plugins/com.st.stm32cube.ide.mcu.externaltools.gnu-tools-for-stm32.7-2018-q2-update.win32_1.0.0.201904181610/tools/bin/../lib/gcc/arm-none-eabi/7.3.1/../../../../arm-none-eabi/lib/thumb/v7-m\libm.a(lib_a-e_log.o)
                0x000000000800f018                __ieee754_log
 .text.matherr  0x000000000800f37c        0x4 c:/st/stm32cubeide_1.3.0/stm32cubeide/plugins/com.st.stm32cube.ide.mcu.externaltools.gnu-tools-for-stm32.7-2018-q2-update.win32_1.0.0.201904181610/tools/bin/../lib/gcc/arm-none-eabi/7.3.1/../../../../arm-none-eabi/lib/thumb/v7-m\libm.a(lib_a-s_matherr.o)
                0x000000000800f37c                matherr
 .text.nan      0x000000000800f380        0xc c:/st/stm32cubeide_1.3.0/stm32cubeide/plugins/com.st.stm32cube.ide.mcu.externaltools.gnu-tools-for-stm32.7-2018-q2-update.win32_1.0.0.201904181610/tools/bin/../lib/gcc/arm-none-eabi/7.3.1/../../../../arm-none-eabi/lib/thumb/v7-m\libm.a(lib_a-s_nan.o)
                0x000000000800f380                nan
 *(.glue_7)
 .glue_7        0x000000000800f38c        0x0 linker stubs
 *(.glue_7t)
 .glue_7t       0x000000000800f38c        0x0 linker stubs
 *(.eh_frame)
 .eh_frame      0x000000000800f38c        0x0 c:/st/stm32cubeide_1.3.0/stm32cubeide/plugins/com.st.stm32cube.ide.mcu.externaltools.gnu-tools-for-stm32.7-2018-q2-update.win32_1.0.0.201904181610/tools/bin/../lib/gcc/arm-none-eabi/7.3.1/thumb/v7-m/crtbegin.o
 *(.init)
 .init          0x000000000800f38c        0x4 c:/st/stm32cubeide_1.3.0/stm32cubeide/plugins/com.st.stm32cube.ide.mcu.externaltools.gnu-tools-for-stm32.7-2018-q2-update.win32_1.0.0.201904181610/tools/bin/../lib/gcc/arm-none-eabi/7.3.1/thumb/v7-m/crti.o
                0x000000000800f38c                _init
 .init          0x000000000800f390        0x8 c:/st/stm32cubeide_1.3.0/stm32cubeide/plugins/com.st.stm32cube.ide.mcu.externaltools.gnu-tools-for-stm32.7-2018-q2-update.win32_1.0.0.201904181610/tools/bin/../lib/gcc/arm-none-eabi/7.3.1/thumb/v7-m/crtn.o
 *(.fini)
 .fini          0x000000000800f398        0x4 c:/st/stm32cubeide_1.3.0/stm32cubeide/plugins/com.st.stm32cube.ide.mcu.externaltools.gnu-tools-for-stm32.7-2018-q2-update.win32_1.0.0.201904181610/tools/bin/../lib/gcc/arm-none-eabi/7.3.1/thumb/v7-m/crti.o
                0x000000000800f398                _fini
 .fini          0x000000000800f39c        0x8 c:/st/stm32cubeide_1.3.0/stm32cubeide/plugins/com.st.stm32cube.ide.mcu.externaltools.gnu-tools-for-stm32.7-2018-q2-update.win32_1.0.0.201904181610/tools/bin/../lib/gcc/arm-none-eabi/7.3.1/thumb/v7-m/crtn.o
                0x000000000800f3a4                . = ALIGN (0x4)
                0x000000000800f3a4                _etext = .

.vfp11_veneer   0x000000000800f3a4        0x0
 .vfp11_veneer  0x000000000800f3a4        0x0 linker stubs

.v4_bx          0x000000000800f3a4        0x0
 .v4_bx         0x000000000800f3a4        0x0 linker stubs

.iplt           0x000000000800f3a4        0x0
 .iplt          0x000000000800f3a4        0x0 c:/st/stm32cubeide_1.3.0/stm32cubeide/plugins/com.st.stm32cube.ide.mcu.externaltools.gnu-tools-for-stm32.7-2018-q2-update.win32_1.0.0.201904181610/tools/bin/../lib/gcc/arm-none-eabi/7.3.1/thumb/v7-m/crtbegin.o

.rodata         0x000000000800f3a8      0xaac
                0x000000000800f3a8                . = ALIGN (0x4)
 *(.rodata)
 .rodata        0x000000000800f3a8       0xba Core/Src/main.o
 *(.rodata*)
 *fill*         0x000000000800f462        0x2 
 .rodata.Font7x10
                0x000000000800f464      0x76c Core/Src/fonts.o
                0x000000000800f464                Font7x10
 .rodata.AHBPrescTable
                0x000000000800fbd0       0x10 Core/Src/system_stm32f2xx.o
                0x000000000800fbd0                AHBPrescTable
 .rodata.APBPrescTable
                0x000000000800fbe0        0x8 Core/Src/system_stm32f2xx.o
                0x000000000800fbe0                APBPrescTable
 .rodata.flagBitshiftOffset.6958
                0x000000000800fbe8        0x8 Drivers/STM32F2xx_HAL_Driver/Src/stm32f2xx_hal_dma.o
 .rodata._printf_float.str1.1
                0x000000000800fbf0       0x12 c:/st/stm32cubeide_1.3.0/stm32cubeide/plugins/com.st.stm32cube.ide.mcu.externaltools.gnu-tools-for-stm32.7-2018-q2-update.win32_1.0.0.201904181610/tools/bin/../lib/gcc/arm-none-eabi/7.3.1/../../../../arm-none-eabi/lib/thumb/v7-m\libc_nano.a(lib_a-nano-vfprintf_float.o)
 .rodata._printf_i.str1.1
                0x000000000800fc02       0x22 c:/st/stm32cubeide_1.3.0/stm32cubeide/plugins/com.st.stm32cube.ide.mcu.externaltools.gnu-tools-for-stm32.7-2018-q2-update.win32_1.0.0.201904181610/tools/bin/../lib/gcc/arm-none-eabi/7.3.1/../../../../arm-none-eabi/lib/thumb/v7-m\libc_nano.a(lib_a-nano-vfprintf_i.o)
 .rodata._dtoa_r.str1.1
                0x000000000800fc24        0xd c:/st/stm32cubeide_1.3.0/stm32cubeide/plugins/com.st.stm32cube.ide.mcu.externaltools.gnu-tools-for-stm32.7-2018-q2-update.win32_1.0.0.201904181610/tools/bin/../lib/gcc/arm-none-eabi/7.3.1/../../../../arm-none-eabi/lib/thumb/v7-m\libc_nano.a(lib_a-dtoa.o)
                                          0xf (size before relaxing)
 *fill*         0x000000000800fc31        0x7 
 .rodata.__mprec_bigtens
                0x000000000800fc38       0x28 c:/st/stm32cubeide_1.3.0/stm32cubeide/plugins/com.st.stm32cube.ide.mcu.externaltools.gnu-tools-for-stm32.7-2018-q2-update.win32_1.0.0.201904181610/tools/bin/../lib/gcc/arm-none-eabi/7.3.1/../../../../arm-none-eabi/lib/thumb/v7-m\libc_nano.a(lib_a-mprec.o)
                0x000000000800fc38                __mprec_bigtens
 .rodata.__mprec_tens
                0x000000000800fc60       0xc8 c:/st/stm32cubeide_1.3.0/stm32cubeide/plugins/com.st.stm32cube.ide.mcu.externaltools.gnu-tools-for-stm32.7-2018-q2-update.win32_1.0.0.201904181610/tools/bin/../lib/gcc/arm-none-eabi/7.3.1/../../../../arm-none-eabi/lib/thumb/v7-m\libc_nano.a(lib_a-mprec.o)
                0x000000000800fc60                __mprec_tens
 .rodata.p05.6084
                0x000000000800fd28        0xc c:/st/stm32cubeide_1.3.0/stm32cubeide/plugins/com.st.stm32cube.ide.mcu.externaltools.gnu-tools-for-stm32.7-2018-q2-update.win32_1.0.0.201904181610/tools/bin/../lib/gcc/arm-none-eabi/7.3.1/../../../../arm-none-eabi/lib/thumb/v7-m\libc_nano.a(lib_a-mprec.o)
 .rodata._svfprintf_r.str1.1
                0x000000000800fd34       0x11 c:/st/stm32cubeide_1.3.0/stm32cubeide/plugins/com.st.stm32cube.ide.mcu.externaltools.gnu-tools-for-stm32.7-2018-q2-update.win32_1.0.0.201904181610/tools/bin/../lib/gcc/arm-none-eabi/7.3.1/../../../../arm-none-eabi/lib/thumb/v7-m\libc_nano.a(lib_a-nano-svfprintf.o)
 .rodata._setlocale_r.str1.1
                0x000000000800fd45        0x8 c:/st/stm32cubeide_1.3.0/stm32cubeide/plugins/com.st.stm32cube.ide.mcu.externaltools.gnu-tools-for-stm32.7-2018-q2-update.win32_1.0.0.201904181610/tools/bin/../lib/gcc/arm-none-eabi/7.3.1/../../../../arm-none-eabi/lib/thumb/v7-m\libc_nano.a(lib_a-locale.o)
                                          0x9 (size before relaxing)
 .rodata.str1.1
                0x000000000800fd4d        0x2 c:/st/stm32cubeide_1.3.0/stm32cubeide/plugins/com.st.stm32cube.ide.mcu.externaltools.gnu-tools-for-stm32.7-2018-q2-update.win32_1.0.0.201904181610/tools/bin/../lib/gcc/arm-none-eabi/7.3.1/../../../../arm-none-eabi/lib/thumb/v7-m\libc_nano.a(lib_a-locale.o)
 .rodata._ctype_
                0x000000000800fd4f      0x101 c:/st/stm32cubeide_1.3.0/stm32cubeide/plugins/com.st.stm32cube.ide.mcu.externaltools.gnu-tools-for-stm32.7-2018-q2-update.win32_1.0.0.201904181610/tools/bin/../lib/gcc/arm-none-eabi/7.3.1/../../../../arm-none-eabi/lib/thumb/v7-m\libc_nano.a(lib_a-ctype_.o)
                0x000000000800fd4f                _ctype_
 .rodata.log.str1.1
                0x000000000800fe50        0x4 c:/st/stm32cubeide_1.3.0/stm32cubeide/plugins/com.st.stm32cube.ide.mcu.externaltools.gnu-tools-for-stm32.7-2018-q2-update.win32_1.0.0.201904181610/tools/bin/../lib/gcc/arm-none-eabi/7.3.1/../../../../arm-none-eabi/lib/thumb/v7-m\libm.a(lib_a-w_log.o)
                                          0x5 (size before relaxing)
                0x000000000800fe54                . = ALIGN (0x4)

.ARM.extab      0x000000000800fe54        0x0
                0x000000000800fe54                . = ALIGN (0x4)
 *(.ARM.extab* .gnu.linkonce.armextab.*)
                0x000000000800fe54                . = ALIGN (0x4)

.ARM            0x000000000800fe54        0x8
                0x000000000800fe54                . = ALIGN (0x4)
                0x000000000800fe54                __exidx_start = .
 *(.ARM.exidx*)
 .ARM.exidx     0x000000000800fe54        0x8 c:/st/stm32cubeide_1.3.0/stm32cubeide/plugins/com.st.stm32cube.ide.mcu.externaltools.gnu-tools-for-stm32.7-2018-q2-update.win32_1.0.0.201904181610/tools/bin/../lib/gcc/arm-none-eabi/7.3.1/thumb/v7-m\libgcc.a(_udivmoddi4.o)
                0x000000000800fe5c                __exidx_end = .
                0x000000000800fe5c                . = ALIGN (0x4)

.rel.dyn        0x000000000800fe5c        0x0
 .rel.iplt      0x000000000800fe5c        0x0 c:/st/stm32cubeide_1.3.0/stm32cubeide/plugins/com.st.stm32cube.ide.mcu.externaltools.gnu-tools-for-stm32.7-2018-q2-update.win32_1.0.0.201904181610/tools/bin/../lib/gcc/arm-none-eabi/7.3.1/thumb/v7-m/crtbegin.o

.preinit_array  0x000000000800fe5c        0x0
                0x000000000800fe5c                . = ALIGN (0x4)
                0x000000000800fe5c                PROVIDE (__preinit_array_start = .)
 *(.preinit_array*)
                0x000000000800fe5c                PROVIDE (__preinit_array_end = .)
                0x000000000800fe5c                . = ALIGN (0x4)

.init_array     0x000000000800fe5c        0x4
                0x000000000800fe5c                . = ALIGN (0x4)
                0x000000000800fe5c                PROVIDE (__init_array_start = .)
 *(SORT_BY_NAME(.init_array.*))
 *(.init_array*)
 .init_array    0x000000000800fe5c        0x4 c:/st/stm32cubeide_1.3.0/stm32cubeide/plugins/com.st.stm32cube.ide.mcu.externaltools.gnu-tools-for-stm32.7-2018-q2-update.win32_1.0.0.201904181610/tools/bin/../lib/gcc/arm-none-eabi/7.3.1/thumb/v7-m/crtbegin.o
                0x000000000800fe60                PROVIDE (__init_array_end = .)
                0x000000000800fe60                . = ALIGN (0x4)

.fini_array     0x000000000800fe60        0x4
                0x000000000800fe60                . = ALIGN (0x4)
                [!provide]                        PROVIDE (__fini_array_start = .)
 *(SORT_BY_NAME(.fini_array.*))
 *(.fini_array*)
 .fini_array    0x000000000800fe60        0x4 c:/st/stm32cubeide_1.3.0/stm32cubeide/plugins/com.st.stm32cube.ide.mcu.externaltools.gnu-tools-for-stm32.7-2018-q2-update.win32_1.0.0.201904181610/tools/bin/../lib/gcc/arm-none-eabi/7.3.1/thumb/v7-m/crtbegin.o
                [!provide]                        PROVIDE (__fini_array_end = .)
                0x000000000800fe64                . = ALIGN (0x4)
                0x000000000800fe64                _sidata = LOADADDR (.data)

.data           0x0000000020000000      0x238 load address 0x000000000800fe64
                0x0000000020000000                . = ALIGN (0x4)
                0x0000000020000000                _sdata = .
 *(.data)
 *(.data*)
 .data.outNH    0x0000000020000000        0x4 Core/Src/C_Current.o
                0x0000000020000000                outNH
 .data.outNB    0x0000000020000004        0x4 Core/Src/C_Current.o
                0x0000000020000004                outNB
 .data.outNM    0x0000000020000008        0x4 Core/Src/C_Current.o
                0x0000000020000008                outNM
 .data.outNS    0x000000002000000c        0x4 Core/Src/C_Current.o
                0x000000002000000c                outNS
 .data.outPS    0x0000000020000010        0x4 Core/Src/C_Current.o
                0x0000000020000010                outPS
 .data.outPM    0x0000000020000014        0x4 Core/Src/C_Current.o
                0x0000000020000014                outPM
 .data.outPB    0x0000000020000018        0x4 Core/Src/C_Current.o
                0x0000000020000018                outPB
 .data.outPH    0x000000002000001c        0x4 Core/Src/C_Current.o
                0x000000002000001c                outPH
 .data.CC_Value
                0x0000000020000020        0x4 Core/Src/C_Current.o
                0x0000000020000020                CC_Value
 .data.oNH      0x0000000020000024        0x4 Core/Src/C_Voltage.o
                0x0000000020000024                oNH
 .data.oNB      0x0000000020000028        0x4 Core/Src/C_Voltage.o
                0x0000000020000028                oNB
 .data.oNM      0x000000002000002c        0x4 Core/Src/C_Voltage.o
                0x000000002000002c                oNM
 .data.oNS      0x0000000020000030        0x4 Core/Src/C_Voltage.o
                0x0000000020000030                oNS
 .data.oPS      0x0000000020000034        0x4 Core/Src/C_Voltage.o
                0x0000000020000034                oPS
 .data.oPM      0x0000000020000038        0x4 Core/Src/C_Voltage.o
                0x0000000020000038                oPM
 .data.oPB      0x000000002000003c        0x4 Core/Src/C_Voltage.o
                0x000000002000003c                oPB
 .data.oPH      0x0000000020000040        0x4 Core/Src/C_Voltage.o
                0x0000000020000040                oPH
 .data.SetPoint_CV
                0x0000000020000044        0x4 Core/Src/C_Voltage.o
                0x0000000020000044                SetPoint_CV
 .data.Font_7x10
                0x0000000020000048        0x8 Core/Src/fonts.o
                0x0000000020000048                Font_7x10
 .data.Tbuzz    0x0000000020000050        0x2 Core/Src/stm32f2xx_it.o
                0x0000000020000050                Tbuzz
 .data.SetProtection_ShortCircuit
                0x0000000020000052        0x1 Core/Src/stm32f2xx_it.o
                0x0000000020000052                SetProtection_ShortCircuit
 .data.SetProtection_OverCurrent
                0x0000000020000053        0x1 Core/Src/stm32f2xx_it.o
                0x0000000020000053                SetProtection_OverCurrent
 .data.SetProtection_OverVoltage
                0x0000000020000054        0x1 Core/Src/stm32f2xx_it.o
                0x0000000020000054                SetProtection_OverVoltage
 .data.SetProtection_Temp1
                0x0000000020000055        0x1 Core/Src/stm32f2xx_it.o
                0x0000000020000055                SetProtection_Temp1
 .data.SetProtection_Temp2
                0x0000000020000056        0x1 Core/Src/stm32f2xx_it.o
                0x0000000020000056                SetProtection_Temp2
 *fill*         0x0000000020000057        0x1 
 .data.SystemCoreClock
                0x0000000020000058        0x4 Core/Src/system_stm32f2xx.o
                0x0000000020000058                SystemCoreClock
 .data.uwTickPrio
                0x000000002000005c        0x4 Drivers/STM32F2xx_HAL_Driver/Src/stm32f2xx_hal.o
                0x000000002000005c                uwTickPrio
 .data.uwTickFreq
                0x0000000020000060        0x1 Drivers/STM32F2xx_HAL_Driver/Src/stm32f2xx_hal.o
                0x0000000020000060                uwTickFreq
 *fill*         0x0000000020000061        0x3 
 .data._impure_ptr
                0x0000000020000064        0x4 c:/st/stm32cubeide_1.3.0/stm32cubeide/plugins/com.st.stm32cube.ide.mcu.externaltools.gnu-tools-for-stm32.7-2018-q2-update.win32_1.0.0.201904181610/tools/bin/../lib/gcc/arm-none-eabi/7.3.1/../../../../arm-none-eabi/lib/thumb/v7-m\libc_nano.a(lib_a-impure.o)
                0x0000000020000064                _impure_ptr
 .data.impure_data
                0x0000000020000068       0x60 c:/st/stm32cubeide_1.3.0/stm32cubeide/plugins/com.st.stm32cube.ide.mcu.externaltools.gnu-tools-for-stm32.7-2018-q2-update.win32_1.0.0.201904181610/tools/bin/../lib/gcc/arm-none-eabi/7.3.1/../../../../arm-none-eabi/lib/thumb/v7-m\libc_nano.a(lib_a-impure.o)
 .data.__global_locale
                0x00000000200000c8      0x16c c:/st/stm32cubeide_1.3.0/stm32cubeide/plugins/com.st.stm32cube.ide.mcu.externaltools.gnu-tools-for-stm32.7-2018-q2-update.win32_1.0.0.201904181610/tools/bin/../lib/gcc/arm-none-eabi/7.3.1/../../../../arm-none-eabi/lib/thumb/v7-m\libc_nano.a(lib_a-locale.o)
                0x00000000200000c8                __global_locale
 .data.__fdlib_version
                0x0000000020000234        0x1 c:/st/stm32cubeide_1.3.0/stm32cubeide/plugins/com.st.stm32cube.ide.mcu.externaltools.gnu-tools-for-stm32.7-2018-q2-update.win32_1.0.0.201904181610/tools/bin/../lib/gcc/arm-none-eabi/7.3.1/../../../../arm-none-eabi/lib/thumb/v7-m\libm.a(lib_a-s_lib_ver.o)
                0x0000000020000234                __fdlib_version
                0x0000000020000238                . = ALIGN (0x4)
 *fill*         0x0000000020000235        0x3 
                0x0000000020000238                _edata = .

.igot.plt       0x0000000020000238        0x0 load address 0x000000000801009c
 .igot.plt      0x0000000020000238        0x0 c:/st/stm32cubeide_1.3.0/stm32cubeide/plugins/com.st.stm32cube.ide.mcu.externaltools.gnu-tools-for-stm32.7-2018-q2-update.win32_1.0.0.201904181610/tools/bin/../lib/gcc/arm-none-eabi/7.3.1/thumb/v7-m/crtbegin.o
                0x0000000020000238                . = ALIGN (0x4)

.bss            0x0000000020000238      0xd1c load address 0x000000000801009c
                0x0000000020000238                _sbss = .
                0x0000000020000238                __bss_start__ = _sbss
 *(.bss)
 .bss           0x0000000020000238       0x1c c:/st/stm32cubeide_1.3.0/stm32cubeide/plugins/com.st.stm32cube.ide.mcu.externaltools.gnu-tools-for-stm32.7-2018-q2-update.win32_1.0.0.201904181610/tools/bin/../lib/gcc/arm-none-eabi/7.3.1/thumb/v7-m/crtbegin.o
 *(.bss*)
 .bss.outZ      0x0000000020000254        0x4 Core/Src/C_Current.o
                0x0000000020000254                outZ
 .bss.oZ        0x0000000020000258        0x4 Core/Src/C_Voltage.o
                0x0000000020000258                oZ
 .bss.Handshaking
                0x000000002000025c        0x1 Core/Src/can.o
                0x000000002000025c                Handshaking
 .bss.identified
                0x000000002000025d        0x1 Core/Src/can.o
                0x000000002000025d                identified
 *fill*         0x000000002000025e        0x2 
 .bss.SSD1306_Buffer
                0x0000000020000260      0x400 Core/Src/ssd1306.o
 .bss.SSD1306   0x0000000020000660        0x6 Core/Src/ssd1306.o
 .bss.L         0x0000000020000666        0x1 Core/Src/stm32f2xx_it.o
                0x0000000020000666                L
 *fill*         0x0000000020000667        0x1 
 .bss.heap_end.5149
                0x0000000020000668        0x4 Core/Src/sysmem.o
 .bss.__malloc_free_list
                0x000000002000066c        0x4 c:/st/stm32cubeide_1.3.0/stm32cubeide/plugins/com.st.stm32cube.ide.mcu.externaltools.gnu-tools-for-stm32.7-2018-q2-update.win32_1.0.0.201904181610/tools/bin/../lib/gcc/arm-none-eabi/7.3.1/../../../../arm-none-eabi/lib/thumb/v7-m\libc_nano.a(lib_a-nano-mallocr.o)
                0x000000002000066c                __malloc_free_list
 .bss.__malloc_sbrk_start
                0x0000000020000670        0x4 c:/st/stm32cubeide_1.3.0/stm32cubeide/plugins/com.st.stm32cube.ide.mcu.externaltools.gnu-tools-for-stm32.7-2018-q2-update.win32_1.0.0.201904181610/tools/bin/../lib/gcc/arm-none-eabi/7.3.1/../../../../arm-none-eabi/lib/thumb/v7-m\libc_nano.a(lib_a-nano-mallocr.o)
                0x0000000020000670                __malloc_sbrk_start
 *(COMMON)
 COMMON         0x0000000020000674      0x4ac Core/Src/C_Current.o
                0x0000000020000674                D
                0x0000000020000678                r14
                0x000000002000067c                r28
                0x0000000020000680                Eror_Code
                0x0000000020000681                flag_trip_unbalance
                0x0000000020000682                flag_trip_SOCOverCharge
                0x0000000020000684                ADC_Array_I
                0x000000002000074c                ADC_temp2
                0x0000000020000750                Temp_T2
                0x0000000020000754                Batt_SOH
                0x0000000020000758                pwm2
                0x000000002000075c                r29
                0x0000000020000760                flag_trip_shortcircuit
                0x0000000020000764                ADC_SUM_Vn
                0x0000000020000768                r25
                0x000000002000076c                eNS
                0x0000000020000770                dc
                0x0000000020000774                r41
                0x0000000020000778                gangguan
                0x000000002000077c                r42
                0x0000000020000780                flag_trip_systemfailure
                0x0000000020000784                r3
                0x0000000020000788                r36
                0x000000002000078c                OFFSET_Calibration
                0x0000000020000790                dNB
                0x0000000020000794                LastEror_code
                0x0000000020000795                Flag_ChargerOverTemperature
                0x0000000020000798                dPM
                0x000000002000079c                A
                0x00000000200007a0                r9
                0x00000000200007a4                r46
                0x00000000200007a8                Charger_Mode
                0x00000000200007a9                flag_trip_overtemperature
                0x00000000200007ac                r26
                0x00000000200007b0                Flag_ChargerUnderVoltage
                0x00000000200007b4                OFFSET_CurrentSense
                0x00000000200007b8                r17
                0x00000000200007bc                r31
                0x00000000200007c0                Flag_ChargerOverCurrent
                0x00000000200007c4                r6
                0x00000000200007c8                discharge_state
                0x00000000200007cc                r21
                0x00000000200007d0                r4
                0x00000000200007d4                ADC_Array_Vn
                0x000000002000089c                Flag_ChargerShortCircuit
                0x00000000200008a0                ADC_SUM_I
                0x00000000200008a4                ADC_temp1
                0x00000000200008a8                ADC_SUM_Vp
                0x00000000200008ac                Flag_ChargerOverVoltage
                0x00000000200008b0                Res_T1
                0x00000000200008b4                ADC_value
                0x00000000200008c0                r45
                0x00000000200008c4                dNS
                0x00000000200008c8                r32
                0x00000000200008cc                B
                0x00000000200008d0                r44
                0x00000000200008d4                ADC_Average_I
                0x00000000200008d8                J
                0x00000000200008dc                flag_trip_undertemperature
                0x00000000200008de                ADC_voltagen
                0x00000000200008e0                flag_trip_undervoltage
                0x00000000200008e4                r37
                0x00000000200008e8                C
                0x00000000200008ec                r10
                0x00000000200008f0                Batt_cycle
                0x00000000200008f4                SetPoint_CC
                0x00000000200008f8                ePB
                0x00000000200008fc                r38
                0x0000000020000900                r20
                0x0000000020000904                flag_trip_overcurrentdischarge
                0x0000000020000908                r8
                0x000000002000090c                G
                0x0000000020000910                Batt_current
                0x0000000020000914                r27
                0x0000000020000918                ADC_Array_Vp
                0x00000000200009e0                LastFlag_OverTemperature
                0x00000000200009e4                r49
                0x00000000200009e8                r33
                0x00000000200009ec                dNM
                0x00000000200009f0                ePS
                0x00000000200009f4                r18
                0x00000000200009f8                Temp_T1
                0x00000000200009fc                ADC_VoltageResult
                0x0000000020000a00                Batt_SOC
                0x0000000020000a04                vcell_15databyte
                0x0000000020000a40                H
                0x0000000020000a44                r40
                0x0000000020000a48                Batt_temp
                0x0000000020000a4c                r7
                0x0000000020000a50                r48
                0x0000000020000a54                flag_trip_overcurrentcharge
                0x0000000020000a58                UNIQUE_Code
                0x0000000020000a5c                d
                0x0000000020000a60                ADC_voltagep
                0x0000000020000a64                r16
                0x0000000020000a68                ePM
                0x0000000020000a6c                flag_trip_SOCOverDischarge
                0x0000000020000a70                dPB
                0x0000000020000a74                Res_T2
                0x0000000020000a78                r34
                0x0000000020000a7c                r30
                0x0000000020000a80                Voltage_Charger
                0x0000000020000a84                charge_state
                0x0000000020000a86                ADC_current
                0x0000000020000a88                sp
                0x0000000020000a8c                r11
                0x0000000020000a90                r2
                0x0000000020000a94                ADC_Average_Vp
                0x0000000020000a98                step
                0x0000000020000a9c                E
                0x0000000020000aa0                I
                0x0000000020000aa4                flag_Derating
                0x0000000020000aa8                pv
                0x0000000020000aac                r35
                0x0000000020000ab0                r22
                0x0000000020000ab4                Current_Charger
                0x0000000020000ab8                ADC_Average_Vn
                0x0000000020000abc                duty
                0x0000000020000ac0                e
                0x0000000020000ac4                esblm
                0x0000000020000ac8                eNB
                0x0000000020000acc                Batt_capacity
                0x0000000020000ad0                r47
                0x0000000020000ad4                r39
                0x0000000020000ad8                dPS
                0x0000000020000adc                r43
                0x0000000020000ae0                r19
                0x0000000020000ae4                r12
                0x0000000020000ae8                r15
                0x0000000020000aec                flag_trip_overvoltage
                0x0000000020000af0                dZ
                0x0000000020000af4                sleep_state
                0x0000000020000af8                r23
                0x0000000020000afc                eNM
                0x0000000020000b00                F
                0x0000000020000b04                r5
                0x0000000020000b08                Flag_ChargerUnderTemperature
                0x0000000020000b0c                r24
                0x0000000020000b10                eZ
                0x0000000020000b14                r1
                0x0000000020000b18                r13
                0x0000000020000b1c                Batt_voltage