Archive member included to satisfy reference by file (symbol)

c:/st/stm32cubeide_1.3.0/stm32cubeide/plugins/com.st.stm32cube.ide.mcu.externaltools.gnu-tools-for-stm32.7-2018-q2-update.win32_1.0.0.201904181610/tools/bin/../lib/gcc/arm-none-eabi/7.3.1/../../../../arm-none-eabi/lib/thumb/v7-m\libc_nano.a(lib_a-errno.o)
                              Core/Src/syscalls.o (__errno)
c:/st/stm32cubeide_1.3.0/stm32cubeide/plugins/com.st.stm32cube.ide.mcu.externaltools.gnu-tools-for-stm32.7-2018-q2-update.win32_1.0.0.201904181610/tools/bin/../lib/gcc/arm-none-eabi/7.3.1/../../../../arm-none-eabi/lib/thumb/v7-m\libc_nano.a(lib_a-exit.o)
                              c:/st/stm32cubeide_1.3.0/stm32cubeide/plugins/com.st.stm32cube.ide.mcu.externaltools.gnu-tools-for-stm32.7-2018-q2-update.win32_1.0.0.201904181610/tools/bin/../lib/gcc/arm-none-eabi/7.3.1/../../../../arm-none-eabi/lib/thumb/v7-m/crt0.o (exit)
c:/st/stm32cubeide_1.3.0/stm32cubeide/plugins/com.st.stm32cube.ide.mcu.externaltools.gnu-tools-for-stm32.7-2018-q2-update.win32_1.0.0.201904181610/tools/bin/../lib/gcc/arm-none-eabi/7.3.1/../../../../arm-none-eabi/lib/thumb/v7-m\libc_nano.a(lib_a-impure.o)
                              c:/st/stm32cubeide_1.3.0/stm32cubeide/plugins/com.st.stm32cube.ide.mcu.externaltools.gnu-tools-for-stm32.7-2018-q2-update.win32_1.0.0.201904181610/tools/bin/../lib/gcc/arm-none-eabi/7.3.1/../../../../arm-none-eabi/lib/thumb/v7-m\libc_nano.a(lib_a-exit.o) (_global_impure_ptr)
c:/st/stm32cubeide_1.3.0/stm32cubeide/plugins/com.st.stm32cube.ide.mcu.externaltools.gnu-tools-for-stm32.7-2018-q2-update.win32_1.0.0.201904181610/tools/bin/../lib/gcc/arm-none-eabi/7.3.1/../../../../arm-none-eabi/lib/thumb/v7-m\libc_nano.a(lib_a-init.o)
                              c:/st/stm32cubeide_1.3.0/stm32cubeide/plugins/com.st.stm32cube.ide.mcu.externaltools.gnu-tools-for-stm32.7-2018-q2-update.win32_1.0.0.201904181610/tools/bin/../lib/gcc/arm-none-eabi/7.3.1/../../../../arm-none-eabi/lib/thumb/v7-m/crt0.o (__libc_init_array)
c:/st/stm32cubeide_1.3.0/stm32cubeide/plugins/com.st.stm32cube.ide.mcu.externaltools.gnu-tools-for-stm32.7-2018-q2-update.win32_1.0.0.201904181610/tools/bin/../lib/gcc/arm-none-eabi/7.3.1/../../../../arm-none-eabi/lib/thumb/v7-m\libc_nano.a(lib_a-memset.o)
                              c:/st/stm32cubeide_1.3.0/stm32cubeide/plugins/com.st.stm32cube.ide.mcu.externaltools.gnu-tools-for-stm32.7-2018-q2-update.win32_1.0.0.201904181610/tools/bin/../lib/gcc/arm-none-eabi/7.3.1/../../../../arm-none-eabi/lib/thumb/v7-m/crt0.o (memset)
c:/st/stm32cubeide_1.3.0/stm32cubeide/plugins/com.st.stm32cube.ide.mcu.externaltools.gnu-tools-for-stm32.7-2018-q2-update.win32_1.0.0.201904181610/tools/bin/../lib/gcc/arm-none-eabi/7.3.1/../../../../arm-none-eabi/lib/thumb/v7-m\libc_nano.a(lib_a-nano-vfprintf_float.o)
                              (_printf_float)
c:/st/stm32cubeide_1.3.0/stm32cubeide/plugins/com.st.stm32cube.ide.mcu.externaltools.gnu-tools-for-stm32.7-2018-q2-update.win32_1.0.0.201904181610/tools/bin/../lib/gcc/arm-none-eabi/7.3.1/../../../../arm-none-eabi/lib/thumb/v7-m\libc_nano.a(lib_a-nano-vfprintf_i.o)
                              c:/st/stm32cubeide_1.3.0/stm32cubeide/plugins/com.st.stm32cube.ide.mcu.externaltools.gnu-tools-for-stm32.7-2018-q2-update.win32_1.0.0.201904181610/tools/bin/../lib/gcc/arm-none-eabi/7.3.1/../../../../arm-none-eabi/lib/thumb/v7-m\libc_nano.a(lib_a-nano-vfprintf_float.o) (_printf_common)
c:/st/stm32cubeide_1.3.0/stm32cubeide/plugins/com.st.stm32cube.ide.mcu.externaltools.gnu-tools-for-stm32.7-2018-q2-update.win32_1.0.0.201904181610/tools/bin/../lib/gcc/arm-none-eabi/7.3.1/../../../../arm-none-eabi/lib/thumb/v7-m\libc_nano.a(lib_a-sprintf.o)
                              Core/Src/main.o (sprintf)
c:/st/stm32cubeide_1.3.0/stm32cubeide/plugins/com.st.stm32cube.ide.mcu.externaltools.gnu-tools-for-stm32.7-2018-q2-update.win32_1.0.0.201904181610/tools/bin/../lib/gcc/arm-none-eabi/7.3.1/../../../../arm-none-eabi/lib/thumb/v7-m\libc_nano.a(lib_a-strlen.o)
                              Core/Src/EEPROM.o (strlen)
c:/st/stm32cubeide_1.3.0/stm32cubeide/plugins/com.st.stm32cube.ide.mcu.externaltools.gnu-tools-for-stm32.7-2018-q2-update.win32_1.0.0.201904181610/tools/bin/../lib/gcc/arm-none-eabi/7.3.1/../../../../arm-none-eabi/lib/thumb/v7-m\libc_nano.a(lib_a-dtoa.o)
                              c:/st/stm32cubeide_1.3.0/stm32cubeide/plugins/com.st.stm32cube.ide.mcu.externaltools.gnu-tools-for-stm32.7-2018-q2-update.win32_1.0.0.201904181610/tools/bin/../lib/gcc/arm-none-eabi/7.3.1/../../../../arm-none-eabi/lib/thumb/v7-m\libc_nano.a(lib_a-nano-vfprintf_float.o) (_dtoa_r)
c:/st/stm32cubeide_1.3.0/stm32cubeide/plugins/com.st.stm32cube.ide.mcu.externaltools.gnu-tools-for-stm32.7-2018-q2-update.win32_1.0.0.201904181610/tools/bin/../lib/gcc/arm-none-eabi/7.3.1/../../../../arm-none-eabi/lib/thumb/v7-m\libc_nano.a(lib_a-localeconv.o)
[...]
Memory Configuration

Name             Origin             Length             Attributes
RAM              0x0000000020000000 0x0000000000020000 xrw
FLASH            0x0000000008000000 0x0000000000080000 xr
*default*        0x0000000000000000 0xffffffffffffffff

Linker script and memory map

LOAD c:/st/stm32cubeide_1.3.0/stm32cubeide/plugins/com.st.stm32cube.ide.mcu.externaltools.gnu-tools-for-stm32.7-2018-q2-update.win32_1.0.0.201904181610/tools/bin/../lib/gcc/arm-none-eabi/7.3.1/thumb/v7-m/crti.o
LOAD c:/st/stm32cubeide_1.3.0/stm32cubeide/plugins/com.st.stm32cube.ide.mcu.externaltools.gnu-tools-for-stm32.7-2018-q2-update.win32_1.0.0.201904181610/tools/bin/../lib/gcc/arm-none-eabi/7.3.1/thumb/v7-m/crtbegin.o
LOAD c:/st/stm32cubeide_1.3.0/stm32cubeide/plugins/com.st.stm32cube.ide.mcu.externaltools.gnu-tools-for-stm32.7-2018-q2-update.win32_1.0.0.201904181610/tools/bin/../lib/gcc/arm-none-eabi/7.3.1/../../../../arm-none-eabi/lib/thumb/v7-m/crt0.o
LOAD Core/Src/C_Current.o
LOAD Core/Src/C_Voltage.o
LOAD Core/Src/EEPROM.o
LOAD Core/Src/adc.o
LOAD Core/Src/can.o
LOAD Core/Src/dma.o
LOAD Core/Src/fonts.o
LOAD Core/Src/gpio.o
LOAD Core/Src/i2c.o
LOAD Core/Src/iwdg.o
LOAD Core/Src/main.o
LOAD Core/Src/ssd1306.o
LOAD Core/Src/stm32f2xx_hal_msp.o
LOAD Core/Src/stm32f2xx_it.o
LOAD Core/Src/syscalls.o
LOAD Core/Src/sysmem.o
LOAD Core/Src/system_stm32f2xx.o
LOAD Core/Src/tim.o
LOAD Core/Src/usart.o
LOAD Core/Startup/startup_stm32f205retx.o
LOAD Drivers/STM32F2xx_HAL_Driver/Src/stm32f2xx_hal.o
LOAD Drivers/STM32F2xx_HAL_Driver/Src/stm32f2xx_hal_adc.o
LOAD Drivers/STM32F2xx_HAL_Driver/Src/stm32f2xx_hal_adc_ex.o
LOAD Drivers/STM32F2xx_HAL_Driver/Src/stm32f2xx_hal_can.o
LOAD Drivers/STM32F2xx_HAL_Driver/Src/stm32f2xx_hal_cortex.o
LOAD Drivers/STM32F2xx_HAL_Driver/Src/stm32f2xx_hal_dma.o
LOAD Drivers/STM32F2xx_HAL_Driver/Src/stm32f2xx_hal_dma_ex.o
LOAD Drivers/STM32F2xx_HAL_Driver/Src/stm32f2xx_hal_exti.o
LOAD Drivers/STM32F2xx_HAL_Driver/Src/stm32f2xx_hal_flash.o
LOAD Drivers/STM32F2xx_HAL_Driver/Src/stm32f2xx_hal_flash_ex.o
LOAD Drivers/STM32F2xx_HAL_Driver/Src/stm32f2xx_hal_gpio.o
LOAD Drivers/STM32F2xx_HAL_Driver/Src/stm32f2xx_hal_i2c.o
LOAD Drivers/STM32F2xx_HAL_Driver/Src/stm32f2xx_hal_iwdg.o
LOAD Drivers/STM32F2xx_HAL_Driver/Src/stm32f2xx_hal_pwr.o
LOAD Drivers/STM32F2xx_HAL_Driver/Src/stm32f2xx_hal_pwr_ex.o
LOAD Drivers/STM32F2xx_HAL_Driver/Src/stm32f2xx_hal_rcc.o
LOAD Drivers/STM32F2xx_HAL_Driver/Src/stm32f2xx_hal_rcc_ex.o
LOAD Drivers/STM32F2xx_HAL_Driver/Src/stm32f2xx_hal_tim.o
LOAD Drivers/STM32F2xx_HAL_Driver/Src/stm32f2xx_hal_tim_ex.o
LOAD Drivers/STM32F2xx_HAL_Driver/Src/stm32f2xx_hal_uart.o
START GROUP
LOAD c:/st/stm32cubeide_1.3.0/stm32cubeide/plugins/com.st.stm32cube.ide.mcu.externaltools.gnu-tools-for-stm32.7-2018-q2-update.win32_1.0.0.201904181610/tools/bin/../lib/gcc/arm-none-eabi/7.3.1/../../../../arm-none-eabi/lib/thumb/v7-m\libc_nano.a
LOAD c:/st/stm32cubeide_1.3.0/stm32cubeide/plugins/com.st.stm32cube.ide.mcu.externaltools.gnu-tools-for-stm32.7-2018-q2-update.win32_1.0.0.201904181610/tools/bin/../lib/gcc/arm-none-eabi/7.3.1/../../../../arm-none-eabi/lib/thumb/v7-m\libm.a
END GROUP
START GROUP
LOAD c:/st/stm32cubeide_1.3.0/stm32cubeide/plugins/com.st.stm32cube.ide.mcu.externaltools.gnu-tools-for-stm32.7-2018-q2-update.win32_1.0.0.201904181610/tools/bin/../lib/gcc/arm-none-eabi/7.3.1/thumb/v7-m\libgcc.a
LOAD c:/st/stm32cubeide_1.3.0/stm32cubeide/plugins/com.st.stm32cube.ide.mcu.externaltools.gnu-tools-for-stm32.7-2018-q2-update.win32_1.0.0.201904181610/tools/bin/../lib/gcc/arm-none-eabi/7.3.1/../../../../arm-none-eabi/lib/thumb/v7-m\libc_nano.a
END GROUP
START GROUP
LOAD c:/st/stm32cubeide_1.3.0/stm32cubeide/plugins/com.st.stm32cube.ide.mcu.externaltools.gnu-tools-for-stm32.7-2018-q2-update.win32_1.0.0.201904181610/tools/bin/../lib/gcc/arm-none-eabi/7.3.1/thumb/v7-m\libgcc.a
LOAD c:/st/stm32cubeide_1.3.0/stm32cubeide/plugins/com.st.stm32cube.ide.mcu.externaltools.gnu-tools-for-stm32.7-2018-q2-update.win32_1.0.0.201904181610/tools/bin/../lib/gcc/arm-none-eabi/7.3.1/../../../../arm-none-eabi/lib/thumb/v7-m\libc_nano.a
LOAD c:/st/stm32cubeide_1.3.0/stm32cubeide/plugins/com.st.stm32cube.ide.mcu.externaltools.gnu-tools-for-stm32.7-2018-q2-update.win32_1.0.0.201904181610/tools/bin/../lib/gcc/arm-none-eabi/7.3.1/../../../../arm-none-eabi/lib/thumb/v7-m\libnosys.a
END GROUP
START GROUP
LOAD c:/st/stm32cubeide_1.3.0/stm32cubeide/plugins/com.st.stm32cube.ide.mcu.externaltools.gnu-tools-for-stm32.7-2018-q2-update.win32_1.0.0.201904181610/tools/bin/../lib/gcc/arm-none-eabi/7.3.1/thumb/v7-m\libgcc.a
LOAD c:/st/stm32cubeide_1.3.0/stm32cubeide/plugins/com.st.stm32cube.ide.mcu.externaltools.gnu-tools-for-stm32.7-2018-q2-update.win32_1.0.0.201904181610/tools/bin/../lib/gcc/arm-none-eabi/7.3.1/../../../../arm-none-eabi/lib/thumb/v7-m\libc_nano.a
LOAD c:/st/stm32cubeide_1.3.0/stm32cubeide/plugins/com.st.stm32cube.ide.mcu.externaltools.gnu-tools-for-stm32.7-2018-q2-update.win32_1.0.0.201904181610/tools/bin/../lib/gcc/arm-none-eabi/7.3.1/../../../../arm-none-eabi/lib/thumb/v7-m\libnosys.a
END GROUP
LOAD c:/st/stm32cubeide_1.3.0/stm32cubeide/plugins/com.st.stm32cube.ide.mcu.externaltools.gnu-tools-for-stm32.7-2018-q2-update.win32_1.0.0.201904181610/tools/bin/../lib/gcc/arm-none-eabi/7.3.1/thumb/v7-m/crtend.o
LOAD c:/st/stm32cubeide_1.3.0/stm32cubeide/plugins/com.st.stm32cube.ide.mcu.externaltools.gnu-tools-for-stm32.7-2018-q2-update.win32_1.0.0.201904181610/tools/bin/../lib/gcc/arm-none-eabi/7.3.1/thumb/v7-m/crtn.o
                0x0000000020020000                _estack = (ORIGIN (RAM) + LENGTH (RAM))
                0x0000000000000200                _Min_Heap_Size = 0x200
                0x0000000000000400                _Min_Stack_Size = 0x400

.isr_vector     0x0000000008000000      0x184
                0x0000000008000000                . = ALIGN (0x4)
 *(.isr_vector)
 .isr_vector    0x0000000008000000      0x184 Core/Startup/startup_stm32f205retx.o
                0x0000000008000000                g_pfnVectors
                0x0000000008000184                . = ALIGN (0x4)

.text           0x0000000008000188     0xb9ac
                0x0000000008000188                . = ALIGN (0x4)
 *(.text)
 .text          0x0000000008000188       0x40 c:/st/stm32cubeide_1.3.0/stm32cubeide/plugins/com.st.stm32cube.ide.mcu.externaltools.gnu-tools-for-stm32.7-2018-q2-update.win32_1.0.0.201904181610/tools/bin/../lib/gcc/arm-none-eabi/7.3.1/thumb/v7-m/crtbegin.o
 .text          0x00000000080001c8       0x10 c:/st/stm32cubeide_1.3.0/stm32cubeide/plugins/com.st.stm32cube.ide.mcu.externaltools.gnu-tools-for-stm32.7-2018-q2-update.win32_1.0.0.201904181610/tools/bin/../lib/gcc/arm-none-eabi/7.3.1/../../../../arm-none-eabi/lib/thumb/v7-m\libc_nano.a(lib_a-strlen.o)
                0x00000000080001c8                strlen
 .text          0x00000000080001d8      0x378 c:/st/stm32cubeide_1.3.0/stm32cubeide/plugins/com.st.stm32cube.ide.mcu.externaltools.gnu-tools-for-stm32.7-2018-q2-update.win32_1.0.0.201904181610/tools/bin/../lib/gcc/arm-none-eabi/7.3.1/thumb/v7-m\libgcc.a(_arm_addsubdf3.o)
                0x00000000080001d8                __aeabi_drsub
                0x00000000080001e0                __aeabi_dsub
                0x00000000080001e0                __subdf3
                0x00000000080001e4                __aeabi_dadd
                0x00000000080001e4                __adddf3
                0x000000000800045c                __floatunsidf
                0x000000000800045c                __aeabi_ui2d
                0x000000000800047c                __floatsidf
                0x000000000800047c                __aeabi_i2d
                0x00000000080004a0                __aeabi_f2d
                0x00000000080004a0                __extendsfdf2
                0x00000000080004e4                __floatundidf
                0x00000000080004e4                __aeabi_ul2d
                0x00000000080004f4                __floatdidf
                0x00000000080004f4                __aeabi_l2d
 .text          0x0000000008000550      0x424 c:/st/stm32cubeide_1.3.0/stm32cubeide/plugins/com.st.stm32cube.ide.mcu.externaltools.gnu-tools-for-stm32.7-2018-q2-update.win32_1.0.0.201904181610/tools/bin/../lib/gcc/arm-none-eabi/7.3.1/thumb/v7-m\libgcc.a(_arm_muldivdf3.o)
                0x0000000008000550                __aeabi_dmul
                0x0000000008000550                __muldf3
                0x00000000080007a4                __divdf3
                0x00000000080007a4                __aeabi_ddiv
 .text          0x0000000008000974      0x110 c:/st/stm32cubeide_1.3.0/stm32cubeide/plugins/com.st.stm32cube.ide.mcu.externaltools.gnu-tools-for-stm32.7-2018-q2-update.win32_1.0.0.201904181610/tools/bin/../lib/gcc/arm-none-eabi/7.3.1/thumb/v7-m\libgcc.a(_arm_cmpdf2.o)
                0x0000000008000974                __gtdf2
                0x0000000008000974                __gedf2
                0x000000000800097c                __ltdf2
                0x000000000800097c                __ledf2
                0x0000000008000984                __nedf2
                0x0000000008000984                __eqdf2
                0x0000000008000984                __cmpdf2
                0x0000000008000a00                __aeabi_cdrcmple
                0x0000000008000a10                __aeabi_cdcmpeq
                0x0000000008000a10                __aeabi_cdcmple
                0x0000000008000a20                __aeabi_dcmpeq
                0x0000000008000a34                __aeabi_dcmplt
                0x0000000008000a48                __aeabi_dcmple
                0x0000000008000a5c                __aeabi_dcmpge
                0x0000000008000a70                __aeabi_dcmpgt
 .text          0x0000000008000a84       0x2c c:/st/stm32cubeide_1.3.0/stm32cubeide/plugins/com.st.stm32cube.ide.mcu.externaltools.gnu-tools-for-stm32.7-2018-q2-update.win32_1.0.0.201904181610/tools/bin/../lib/gcc/arm-none-eabi/7.3.1/thumb/v7-m\libgcc.a(_arm_unorddf2.o)
                0x0000000008000a84                __unorddf2
                0x0000000008000a84                __aeabi_dcmpun
 .text          0x0000000008000ab0       0x50 c:/st/stm32cubeide_1.3.0/stm32cubeide/plugins/com.st.stm32cube.ide.mcu.externaltools.gnu-tools-for-stm32.7-2018-q2-update.win32_1.0.0.201904181610/tools/bin/../lib/gcc/arm-none-eabi/7.3.1/thumb/v7-m\libgcc.a(_arm_fixdfsi.o)
                0x0000000008000ab0                __aeabi_d2iz
                0x0000000008000ab0                __fixdfsi
 .text          0x0000000008000b00       0xa0 c:/st/stm32cubeide_1.3.0/stm32cubeide/plugins/com.st.stm32cube.ide.mcu.externaltools.gnu-tools-for-stm32.7-2018-q2-update.win32_1.0.0.201904181610/tools/bin/../lib/gcc/arm-none-eabi/7.3.1/thumb/v7-m\libgcc.a(_arm_truncdfsf2.o)
                0x0000000008000b00                __truncdfsf2
                0x0000000008000b00                __aeabi_d2f
 .text          0x0000000008000ba0      0x21c c:/st/stm32cubeide_1.3.0/stm32cubeide/plugins/com.st.stm32cube.ide.mcu.externaltools.gnu-tools-for-stm32.7-2018-q2-update.win32_1.0.0.201904181610/tools/bin/../lib/gcc/arm-none-eabi/7.3.1/thumb/v7-m\libgcc.a(_arm_addsubsf3.o)
                0x0000000008000ba0                __aeabi_frsub
                0x0000000008000ba8                __subsf3
                0x0000000008000ba8                __aeabi_fsub
                0x0000000008000bac                __aeabi_fadd
                0x0000000008000bac                __addsf3
                0x0000000008000d0c                __aeabi_ui2f
                0x0000000008000d0c                __floatunsisf
                0x0000000008000d14                __aeabi_i2f
                0x0000000008000d14                __floatsisf
                0x0000000008000d30                __aeabi_ul2f
                0x0000000008000d30                __floatundisf
                0x0000000008000d40                __aeabi_l2f
                0x0000000008000d40                __floatdisf
 .text          0x0000000008000dbc      0x2a0 c:/st/stm32cubeide_1.3.0/stm32cubeide/plugins/com.st.stm32cube.ide.mcu.externaltools.gnu-tools-for-stm32.7-2018-q2-update.win32_1.0.0.201904181610/tools/bin/../lib/gcc/arm-none-eabi/7.3.1/thumb/v7-m\libgcc.a(_arm_muldivsf3.o)
                0x0000000008000dbc                __mulsf3
                0x0000000008000dbc                __aeabi_fmul
                0x0000000008000f24                __aeabi_fdiv
                0x0000000008000f24                __divsf3
 .text          0x000000000800105c       0xec c:/st/stm32cubeide_1.3.0/stm32cubeide/plugins/com.st.stm32cube.ide.mcu.externaltools.gnu-tools-for-stm32.7-2018-q2-update.win32_1.0.0.201904181610/tools/bin/../lib/gcc/arm-none-eabi/7.3.1/thumb/v7-m\libgcc.a(_arm_cmpsf2.o)
                0x000000000800105c                __gesf2
                0x000000000800105c                __gtsf2
                0x0000000008001064                __lesf2
                0x0000000008001064                __ltsf2
                0x000000000800106c                __nesf2
                0x000000000800106c                __eqsf2
                0x000000000800106c                __cmpsf2
                0x00000000080010cc                __aeabi_cfrcmple
                0x00000000080010d4                __aeabi_cfcmpeq
                0x00000000080010d4                __aeabi_cfcmple
                0x00000000080010e4                __aeabi_fcmpeq
                0x00000000080010f8                __aeabi_fcmplt
                0x000000000800110c                __aeabi_fcmple
                0x0000000008001120                __aeabi_fcmpge
                0x0000000008001134                __aeabi_fcmpgt
 .text          0x0000000008001148       0x40 c:/st/stm32cubeide_1.3.0/stm32cubeide/plugins/com.st.stm32cube.ide.mcu.externaltools.gnu-tools-for-stm32.7-2018-q2-update.win32_1.0.0.201904181610/tools/bin/../lib/gcc/arm-none-eabi/7.3.1/thumb/v7-m\libgcc.a(_arm_fixunssfsi.o)
                0x0000000008001148                __fixunssfsi
                0x0000000008001148                __aeabi_f2uiz
 .text          0x0000000008001188       0x30 c:/st/stm32cubeide_1.3.0/stm32cubeide/plugins/com.st.stm32cube.ide.mcu.externaltools.gnu-tools-for-stm32.7-2018-q2-update.win32_1.0.0.201904181610/tools/bin/../lib/gcc/arm-none-eabi/7.3.1/thumb/v7-m\libgcc.a(_aeabi_uldivmod.o)
                0x0000000008001188                __aeabi_uldivmod
 .text          0x00000000080011b8      0x2d0 c:/st/stm32cubeide_1.3.0/stm32cubeide/plugins/com.st.stm32cube.ide.mcu.externaltools.gnu-tools-for-stm32.7-2018-q2-update.win32_1.0.0.201904181610/tools/bin/../lib/gcc/arm-none-eabi/7.3.1/thumb/v7-m\libgcc.a(_udivmoddi4.o)
                0x00000000080011b8                __udivmoddi4
 .text          0x0000000008001488        0x4 c:/st/stm32cubeide_1.3.0/stm32cubeide/plugins/com.st.stm32cube.ide.mcu.externaltools.gnu-tools-for-stm32.7-2018-q2-update.win32_1.0.0.201904181610/tools/bin/../lib/gcc/arm-none-eabi/7.3.1/thumb/v7-m\libgcc.a(_dvmd_tls.o)
                0x0000000008001488                __aeabi_idiv0
                0x0000000008001488                __aeabi_ldiv0
 *(.text*)
 *fill*         0x000000000800148c        0x4 
 .text.Constant_Current
                0x0000000008001490      0x16c Core/Src/C_Current.o
                0x0000000008001490                Constant_Current
 *fill*         0x00000000080015fc        0x4 
 .text.Constant_Voltage
                0x0000000008001600      0x160 Core/Src/C_Voltage.o
                0x0000000008001600                Constant_Voltage
 .text.EEPROM_isDeviceReady
                0x0000000008001760       0x3c Core/Src/EEPROM.o
                0x0000000008001760                EEPROM_isDeviceReady
 .text.EEPROM_WriteData
                0x000000000800179c       0x3c Core/Src/EEPROM.o
                0x000000000800179c                EEPROM_WriteData
 .text.MX_ADC1_Init
                0x00000000080017d8      0x164 Core/Src/adc.o
                0x00000000080017d8                MX_ADC1_Init
 .text.HAL_ADC_MspInit
                0x000000000800193c      0x164 Core/Src/adc.o
                0x000000000800193c                HAL_ADC_MspInit
 .text.MX_CAN1_Init
                0x0000000008001aa0       0x6c Core/Src/can.o
                0x0000000008001aa0                MX_CAN1_Init
 .text.HAL_CAN_MspInit
                0x0000000008001b0c       0xb0 Core/Src/can.o
                0x0000000008001b0c                HAL_CAN_MspInit
 .text.CAN_Setting
                0x0000000008001bbc       0x7c Core/Src/can.o
                0x0000000008001bbc                CAN_Setting
 .text.CAN_Rx_Process
                0x0000000008001c38      0x5d0 Core/Src/can.o
                0x0000000008001c38                CAN_Rx_Process
 .text.MX_DMA_Init
                0x0000000008002208       0x40 Core/Src/dma.o
                0x0000000008002208                MX_DMA_Init
 .text.MX_GPIO_Init
                0x0000000008002248       0xec Core/Src/gpio.o
                0x0000000008002248                MX_GPIO_Init
 .text.MX_I2C1_Init
                0x0000000008002334       0x5c Core/Src/i2c.o
                0x0000000008002334                MX_I2C1_Init
 .text.MX_I2C2_Init
                0x0000000008002390       0x5c Core/Src/i2c.o
                0x0000000008002390                MX_I2C2_Init
 .text.HAL_I2C_MspInit
                0x00000000080023ec       0xfc Core/Src/i2c.o
                0x00000000080023ec                HAL_I2C_MspInit
 .text.MX_IWDG_Init
                0x00000000080024e8       0x34 Core/Src/iwdg.o
                0x00000000080024e8                MX_IWDG_Init
 .text.main     0x000000000800251c       0x94 Core/Src/main.o
                0x000000000800251c                main
 .text.SystemClock_Config
                0x00000000080025b0       0x92 Core/Src/main.o
                0x00000000080025b0                SystemClock_Config
 *fill*         0x0000000008002642        0x2 
 .text.HAL_ADC_ConvCpltCallback
                0x0000000008002644       0x84 Core/Src/main.o
                0x0000000008002644                HAL_ADC_ConvCpltCallback
 .text.CHARGER_ON_Init
                0x00000000080026c8      0x114 Core/Src/main.o
                0x00000000080026c8                CHARGER_ON_Init
 .text.Display_StanbyMode
                0x00000000080027dc       0x2c Core/Src/main.o
                0x00000000080027dc                Display_StanbyMode
 .text.Display_ProtectionMode
                0x0000000008002808       0x58 Core/Src/main.o
                0x0000000008002808                Display_ProtectionMode
 .text.Display_ChargeMode
                0x0000000008002860      0x1f4 Core/Src/main.o
                0x0000000008002860                Display_ChargeMode
 .text.Error_Handler
                0x0000000008002a54        0xc Core/Src/main.o
                0x0000000008002a54                Error_Handler
 .text.SSD1306_Init
                0x0000000008002a60      0x180 Core/Src/ssd1306.o
                0x0000000008002a60                SSD1306_Init
 .text.SSD1306_UpdateScreen
                0x0000000008002be0       0x5c Core/Src/ssd1306.o
                0x0000000008002be0                SSD1306_UpdateScreen
 .text.SSD1306_Fill
                0x0000000008002c3c       0x30 Core/Src/ssd1306.o
                0x0000000008002c3c                SSD1306_Fill
 .text.SSD1306_DrawPixel
                0x0000000008002c6c       0xbc Core/Src/ssd1306.o
                0x0000000008002c6c                SSD1306_DrawPixel
 .text.SSD1306_GotoXY
                0x0000000008002d28       0x2c Core/Src/ssd1306.o
                0x0000000008002d28                SSD1306_GotoXY
 .text.SSD1306_Putc
                0x0000000008002d54      0x100 Core/Src/ssd1306.o
                0x0000000008002d54                SSD1306_Putc
 .text.SSD1306_Puts
                0x0000000008002e54       0x4a Core/Src/ssd1306.o
                0x0000000008002e54                SSD1306_Puts
 *fill*         0x0000000008002e9e        0x2 
 .text.ssd1306_I2C_Init
                0x0000000008002ea0       0x28 Core/Src/ssd1306.o
                0x0000000008002ea0                ssd1306_I2C_Init
 .text.ssd1306_I2C_WriteMulti
                0x0000000008002ec8       0xb4 Core/Src/ssd1306.o
                0x0000000008002ec8                ssd1306_I2C_WriteMulti
 .text.ssd1306_I2C_Write
                0x0000000008002f7c       0x3c Core/Src/ssd1306.o
                0x0000000008002f7c                ssd1306_I2C_Write
 .text.HAL_MspInit
                0x0000000008002fb8       0x4c Core/Src/stm32f2xx_hal_msp.o
                0x0000000008002fb8                HAL_MspInit
 .text.NMI_Handler
                0x0000000008003004        0xc Core/Src/stm32f2xx_it.o
                0x0000000008003004                NMI_Handler
 .text.HardFault_Handler
                0x0000000008003010        0x6 Core/Src/stm32f2xx_it.o
                0x0000000008003010                HardFault_Handler
 .text.MemManage_Handler
                0x0000000008003016        0x6 Core/Src/stm32f2xx_it.o
                0x0000000008003016                MemManage_Handler
 .text.BusFault_Handler
                0x000000000800301c        0x6 Core/Src/stm32f2xx_it.o
                0x000000000800301c                BusFault_Handler
 .text.UsageFault_Handler
                0x0000000008003022        0x6 Core/Src/stm32f2xx_it.o
                0x0000000008003022                UsageFault_Handler
 .text.SVC_Handler
                0x0000000008003028        0xc Core/Src/stm32f2xx_it.o
                0x0000000008003028                SVC_Handler
 .text.DebugMon_Handler
                0x0000000008003034        0xc Core/Src/stm32f2xx_it.o
                0x0000000008003034                DebugMon_Handler
 .text.PendSV_Handler
                0x0000000008003040        0xc Core/Src/stm32f2xx_it.o
                0x0000000008003040                PendSV_Handler
 .text.SysTick_Handler
                0x000000000800304c        0xc Core/Src/stm32f2xx_it.o
                0x000000000800304c                SysTick_Handler
 .text.CAN1_RX1_IRQHandler
                0x0000000008003058       0x14 Core/Src/stm32f2xx_it.o
                0x0000000008003058                CAN1_RX1_IRQHandler
 .text.CAN1_SCE_IRQHandler
                0x000000000800306c       0x14 Core/Src/stm32f2xx_it.o
                0x000000000800306c                CAN1_SCE_IRQHandler
 .text.TIM2_IRQHandler
                0x0000000008003080      0x8a0 Core/Src/stm32f2xx_it.o
                0x0000000008003080                TIM2_IRQHandler
 .text.TIM3_IRQHandler
                0x0000000008003920       0x24 Core/Src/stm32f2xx_it.o
                0x0000000008003920                TIM3_IRQHandler
 .text.TIM4_IRQHandler
                0x0000000008003944       0x14 Core/Src/stm32f2xx_it.o
                0x0000000008003944                TIM4_IRQHandler
 .text.USART1_IRQHandler
                0x0000000008003958       0x14 Core/Src/stm32f2xx_it.o
                0x0000000008003958                USART1_IRQHandler
 .text.USART3_IRQHandler
                0x000000000800396c       0x14 Core/Src/stm32f2xx_it.o
                0x000000000800396c                USART3_IRQHandler
 .text.DMA2_Stream0_IRQHandler
                0x0000000008003980       0x14 Core/Src/stm32f2xx_it.o
                0x0000000008003980                DMA2_Stream0_IRQHandler
 .text.Eror_CodeCheck
                0x0000000008003994      0x130 Core/Src/stm32f2xx_it.o
                0x0000000008003994                Eror_CodeCheck
 .text.Clear_ProtectionFlag
                0x0000000008003ac4       0x7c Core/Src/stm32f2xx_it.o
                0x0000000008003ac4                Clear_ProtectionFlag
 .text.Fault_Check
                0x0000000008003b40      0x278 Core/Src/stm32f2xx_it.o
                0x0000000008003b40                Fault_Check
 .text._sbrk    0x0000000008003db8       0x58 Core/Src/sysmem.o
                0x0000000008003db8                _sbrk
 .text.SystemInit
                0x0000000008003e10       0x5c Core/Src/system_stm32f2xx.o
                0x0000000008003e10                SystemInit
 .text.MX_TIM1_Init
                0x0000000008003e6c      0x140 Core/Src/tim.o
                0x0000000008003e6c                MX_TIM1_Init
 .text.MX_TIM2_Init
                0x0000000008003fac       0x9c Core/Src/tim.o
                0x0000000008003fac                MX_TIM2_Init
 .text.MX_TIM3_Init
                0x0000000008004048       0x9c Core/Src/tim.o
                0x0000000008004048                MX_TIM3_Init
 .text.MX_TIM4_Init
                0x00000000080040e4       0x9c Core/Src/tim.o
                0x00000000080040e4                MX_TIM4_Init
 .text.HAL_TIM_Base_MspInit
                0x0000000008004180       0xf0 Core/Src/tim.o
                0x0000000008004180                HAL_TIM_Base_MspInit
 .text.HAL_TIM_MspPostInit
                0x0000000008004270       0x74 Core/Src/tim.o
                0x0000000008004270                HAL_TIM_MspPostInit
 .text.MX_USART1_UART_Init
                0x00000000080042e4       0x54 Core/Src/usart.o
                0x00000000080042e4                MX_USART1_UART_Init
 .text.MX_USART3_UART_Init
                0x0000000008004338       0x54 Core/Src/usart.o
                0x0000000008004338                MX_USART3_UART_Init
 .text.HAL_UART_MspInit
                0x000000000800438c      0x11c Core/Src/usart.o
                0x000000000800438c                HAL_UART_MspInit
 .text.Reset_Handler
                0x00000000080044a8       0x50 Core/Startup/startup_stm32f205retx.o
                0x00000000080044a8                Reset_Handler
 .text.Default_Handler
                0x00000000080044f8        0x2 Core/Startup/startup_stm32f205retx.o
                0x00000000080044f8                RTC_Alarm_IRQHandler
                0x00000000080044f8                HASH_RNG_IRQHandler
                0x00000000080044f8                EXTI2_IRQHandler
                0x00000000080044f8                TIM8_CC_IRQHandler
                0x00000000080044f8                TIM1_CC_IRQHandler
                0x00000000080044f8                DMA2_Stream5_IRQHandler
                0x00000000080044f8                DMA1_Stream5_IRQHandler
                0x00000000080044f8                PVD_IRQHandler
                0x00000000080044f8                SDIO_IRQHandler
                0x00000000080044f8                TAMP_STAMP_IRQHandler
                0x00000000080044f8                CAN2_RX1_IRQHandler
                0x00000000080044f8                EXTI3_IRQHandler
                0x00000000080044f8                TIM8_TRG_COM_TIM14_IRQHandler
                0x00000000080044f8                TIM1_UP_TIM10_IRQHandler
                0x00000000080044f8                TIM8_UP_TIM13_IRQHandler
                0x00000000080044f8                I2C3_ER_IRQHandler
                0x00000000080044f8                EXTI0_IRQHandler
                0x00000000080044f8                I2C2_EV_IRQHandler
                0x00000000080044f8                DMA1_Stream2_IRQHandler
                0x00000000080044f8                CAN1_RX0_IRQHandler
                0x00000000080044f8                OTG_HS_WKUP_IRQHandler
                0x00000000080044f8                CAN2_SCE_IRQHandler
                0x00000000080044f8                DMA2_Stream2_IRQHandler
                0x00000000080044f8                SPI1_IRQHandler
                0x00000000080044f8                TIM6_DAC_IRQHandler
                0x00000000080044f8                TIM1_BRK_TIM9_IRQHandler
                0x00000000080044f8                CAN2_RX0_IRQHandler
                0x00000000080044f8                DMA2_Stream3_IRQHandler
                0x00000000080044f8                USART6_IRQHandler
                0x00000000080044f8                UART5_IRQHandler
                0x00000000080044f8                I2C1_EV_IRQHandler
                0x00000000080044f8                DMA1_Stream6_IRQHandler
                0x00000000080044f8                DMA1_Stream1_IRQHandler
                0x00000000080044f8                UART4_IRQHandler
                0x00000000080044f8                RCC_IRQHandler
                0x00000000080044f8                TIM8_BRK_TIM12_IRQHandler
                0x00000000080044f8                Default_Handler
                0x00000000080044f8                EXTI15_10_IRQHandler
                0x00000000080044f8                ADC_IRQHandler
                0x00000000080044f8                DMA1_Stream7_IRQHandler
                0x00000000080044f8                TIM7_IRQHandler
                0x00000000080044f8                CAN2_TX_IRQHandler
                0x00000000080044f8                TIM5_IRQHandler
                0x00000000080044f8                DMA2_Stream7_IRQHandler
                0x00000000080044f8                I2C3_EV_IRQHandler
                0x00000000080044f8                EXTI9_5_IRQHandler
                0x00000000080044f8                RTC_WKUP_IRQHandler
                0x00000000080044f8                SPI2_IRQHandler
                0x00000000080044f8                OTG_HS_EP1_IN_IRQHandler
                0x00000000080044f8                DMA1_Stream0_IRQHandler
                0x00000000080044f8                CAN1_TX_IRQHandler
                0x00000000080044f8                EXTI4_IRQHandler
                0x00000000080044f8                FSMC_IRQHandler
                0x00000000080044f8                OTG_HS_EP1_OUT_IRQHandler
                0x00000000080044f8                WWDG_IRQHandler
                0x00000000080044f8                OTG_FS_WKUP_IRQHandler
                0x00000000080044f8                TIM1_TRG_COM_TIM11_IRQHandler
                0x00000000080044f8                OTG_HS_IRQHandler
                0x00000000080044f8                EXTI1_IRQHandler
                0x00000000080044f8                USART2_IRQHandler
                0x00000000080044f8                I2C2_ER_IRQHandler
                0x00000000080044f8                DMA2_Stream1_IRQHandler
                0x00000000080044f8                FLASH_IRQHandler
                0x00000000080044f8                DMA2_Stream4_IRQHandler
                0x00000000080044f8                OTG_FS_IRQHandler
                0x00000000080044f8                SPI3_IRQHandler
                0x00000000080044f8                DMA1_Stream4_IRQHandler
                0x00000000080044f8                I2C1_ER_IRQHandler
                0x00000000080044f8                DMA2_Stream6_IRQHandler
                0x00000000080044f8                DMA1_Stream3_IRQHandler
 *fill*         0x00000000080044fa        0x2 
 .text.HAL_Init
                0x00000000080044fc       0x44 Drivers/STM32F2xx_HAL_Driver/Src/stm32f2xx_hal.o
                0x00000000080044fc                HAL_Init
 .text.HAL_InitTick
                0x0000000008004540       0x60 Drivers/STM32F2xx_HAL_Driver/Src/stm32f2xx_hal.o
                0x0000000008004540                HAL_InitTick
 .text.HAL_IncTick
                0x00000000080045a0       0x24 Drivers/STM32F2xx_HAL_Driver/Src/stm32f2xx_hal.o
                0x00000000080045a0                HAL_IncTick
 .text.HAL_GetTick
                0x00000000080045c4       0x14 Drivers/STM32F2xx_HAL_Driver/Src/stm32f2xx_hal.o
                0x00000000080045c4                HAL_GetTick
 .text.HAL_Delay
                0x00000000080045d8       0x44 Drivers/STM32F2xx_HAL_Driver/Src/stm32f2xx_hal.o
                0x00000000080045d8                HAL_Delay
 .text.HAL_ADC_Init
                0x000000000800461c       0x86 Drivers/STM32F2xx_HAL_Driver/Src/stm32f2xx_hal_adc.o
                0x000000000800461c                HAL_ADC_Init
 *fill*         0x00000000080046a2        0x2 
 .text.HAL_ADC_Start_DMA
                0x00000000080046a4      0x1a4 Drivers/STM32F2xx_HAL_Driver/Src/stm32f2xx_hal_adc.o
                0x00000000080046a4                HAL_ADC_Start_DMA
 .text.HAL_ADC_ConvHalfCpltCallback
                0x0000000008004848       0x12 Drivers/STM32F2xx_HAL_Driver/Src/stm32f2xx_hal_adc.o
                0x0000000008004848                HAL_ADC_ConvHalfCpltCallback
 .text.HAL_ADC_ErrorCallback
                0x000000000800485a       0x12 Drivers/STM32F2xx_HAL_Driver/Src/stm32f2xx_hal_adc.o
                0x000000000800485a                HAL_ADC_ErrorCallback
 .text.HAL_ADC_ConfigChannel
                0x000000000800486c      0x240 Drivers/STM32F2xx_HAL_Driver/Src/stm32f2xx_hal_adc.o
                0x000000000800486c                HAL_ADC_ConfigChannel
 .text.ADC_Init
                0x0000000008004aac      0x208 Drivers/STM32F2xx_HAL_Driver/Src/stm32f2xx_hal_adc.o
 .text.ADC_DMAConvCplt
                0x0000000008004cb4       0xba Drivers/STM32F2xx_HAL_Driver/Src/stm32f2xx_hal_adc.o
 .text.ADC_DMAHalfConvCplt
                0x0000000008004d6e       0x1c Drivers/STM32F2xx_HAL_Driver/Src/stm32f2xx_hal_adc.o
 .text.ADC_DMAError
                0x0000000008004d8a       0x2e Drivers/STM32F2xx_HAL_Driver/Src/stm32f2xx_hal_adc.o
 .text.HAL_CAN_Init
                0x0000000008004db8      0x1f6 Drivers/STM32F2xx_HAL_Driver/Src/stm32f2xx_hal_can.o
                0x0000000008004db8                HAL_CAN_Init
 *fill*         0x0000000008004fae        0x2 
 .text.HAL_CAN_ConfigFilter
                0x0000000008004fb0      0x1c0 Drivers/STM32F2xx_HAL_Driver/Src/stm32f2xx_hal_can.o
                0x0000000008004fb0                HAL_CAN_ConfigFilter
 .text.HAL_CAN_Start
                0x0000000008005170       0x88 Drivers/STM32F2xx_HAL_Driver/Src/stm32f2xx_hal_can.o
                0x0000000008005170                HAL_CAN_Start
 .text.HAL_CAN_AddTxMessage
                0x00000000080051f8      0x1b4 Drivers/STM32F2xx_HAL_Driver/Src/stm32f2xx_hal_can.o
                0x00000000080051f8                HAL_CAN_AddTxMessage
 .text.HAL_CAN_GetRxMessage
                0x00000000080053ac      0x222 Drivers/STM32F2xx_HAL_Driver/Src/stm32f2xx_hal_can.o
                0x00000000080053ac                HAL_CAN_GetRxMessage
 .text.HAL_CAN_ActivateNotification
                0x00000000080055ce       0x4a Drivers/STM32F2xx_HAL_Driver/Src/stm32f2xx_hal_can.o
                0x00000000080055ce                HAL_CAN_ActivateNotification
 .text.HAL_CAN_IRQHandler
                0x0000000008005618      0x362 Drivers/STM32F2xx_HAL_Driver/Src/stm32f2xx_hal_can.o
                0x0000000008005618                HAL_CAN_IRQHandler
 .text.HAL_CAN_TxMailbox0CompleteCallback
                0x000000000800597a       0x12 Drivers/STM32F2xx_HAL_Driver/Src/stm32f2xx_hal_can.o
                0x000000000800597a                HAL_CAN_TxMailbox0CompleteCallback
 .text.HAL_CAN_TxMailbox1CompleteCallback
                0x000000000800598c       0x12 Drivers/STM32F2xx_HAL_Driver/Src/stm32f2xx_hal_can.o
                0x000000000800598c                HAL_CAN_TxMailbox1CompleteCallback
 .text.HAL_CAN_TxMailbox2CompleteCallback
                0x000000000800599e       0x12 Drivers/STM32F2xx_HAL_Driver/Src/stm32f2xx_hal_can.o
                0x000000000800599e                HAL_CAN_TxMailbox2CompleteCallback
 .text.HAL_CAN_TxMailbox0AbortCallback
                0x00000000080059b0       0x12 Drivers/STM32F2xx_HAL_Driver/Src/stm32f2xx_hal_can.o
                0x00000000080059b0                HAL_CAN_TxMailbox0AbortCallback
 .text.HAL_CAN_TxMailbox1AbortCallback
                0x00000000080059c2       0x12 Drivers/STM32F2xx_HAL_Driver/Src/stm32f2xx_hal_can.o
                0x00000000080059c2                HAL_CAN_TxMailbox1AbortCallback
 .text.HAL_CAN_TxMailbox2AbortCallback
                0x00000000080059d4       0x12 Drivers/STM32F2xx_HAL_Driver/Src/stm32f2xx_hal_can.o
                0x00000000080059d4                HAL_CAN_TxMailbox2AbortCallback
 .text.HAL_CAN_RxFifo0MsgPendingCallback
                0x00000000080059e6       0x12 Drivers/STM32F2xx_HAL_Driver/Src/stm32f2xx_hal_can.o
                0x00000000080059e6                HAL_CAN_RxFifo0MsgPendingCallback
 .text.HAL_CAN_RxFifo0FullCallback
                0x00000000080059f8       0x12 Drivers/STM32F2xx_HAL_Driver/Src/stm32f2xx_hal_can.o
                0x00000000080059f8                HAL_CAN_RxFifo0FullCallback
 .text.HAL_CAN_RxFifo1MsgPendingCallback
                0x0000000008005a0a       0x12 Drivers/STM32F2xx_HAL_Driver/Src/stm32f2xx_hal_can.o
                0x0000000008005a0a                HAL_CAN_RxFifo1MsgPendingCallback
 .text.HAL_CAN_RxFifo1FullCallback
                0x0000000008005a1c       0x12 Drivers/STM32F2xx_HAL_Driver/Src/stm32f2xx_hal_can.o
                0x0000000008005a1c                HAL_CAN_RxFifo1FullCallback
 .text.HAL_CAN_SleepCallback
                0x0000000008005a2e       0x12 Drivers/STM32F2xx_HAL_Driver/Src/stm32f2xx_hal_can.o
                0x0000000008005a2e                HAL_CAN_SleepCallback
 .text.HAL_CAN_WakeUpFromRxMsgCallback
                0x0000000008005a40       0x12 Drivers/STM32F2xx_HAL_Driver/Src/stm32f2xx_hal_can.o
                0x0000000008005a40                HAL_CAN_WakeUpFromRxMsgCallback
 .text.HAL_CAN_ErrorCallback
                0x0000000008005a52       0x12 Drivers/STM32F2xx_HAL_Driver/Src/stm32f2xx_hal_can.o
                0x0000000008005a52                HAL_CAN_ErrorCallback
 .text.__NVIC_SetPriorityGrouping
                0x0000000008005a64       0x48 Drivers/STM32F2xx_HAL_Driver/Src/stm32f2xx_hal_cortex.o
 .text.__NVIC_GetPriorityGrouping
                0x0000000008005aac       0x1c Drivers/STM32F2xx_HAL_Driver/Src/stm32f2xx_hal_cortex.o
 .text.__NVIC_EnableIRQ
                0x0000000008005ac8       0x38 Drivers/STM32F2xx_HAL_Driver/Src/stm32f2xx_hal_cortex.o
 .text.__NVIC_SetPriority
                0x0000000008005b00       0x54 Drivers/STM32F2xx_HAL_Driver/Src/stm32f2xx_hal_cortex.o
 .text.NVIC_EncodePriority
                0x0000000008005b54       0x64 Drivers/STM32F2xx_HAL_Driver/Src/stm32f2xx_hal_cortex.o
 .text.SysTick_Config
                0x0000000008005bb8       0x44 Drivers/STM32F2xx_HAL_Driver/Src/stm32f2xx_hal_cortex.o
 .text.HAL_NVIC_SetPriorityGrouping
                0x0000000008005bfc       0x16 Drivers/STM32F2xx_HAL_Driver/Src/stm32f2xx_hal_cortex.o
                0x0000000008005bfc                HAL_NVIC_SetPriorityGrouping
 .text.HAL_NVIC_SetPriority
                0x0000000008005c12       0x38 Drivers/STM32F2xx_HAL_Driver/Src/stm32f2xx_hal_cortex.o
                0x0000000008005c12                HAL_NVIC_SetPriority
 .text.HAL_NVIC_EnableIRQ
                0x0000000008005c4a       0x1c Drivers/STM32F2xx_HAL_Driver/Src/stm32f2xx_hal_cortex.o
                0x0000000008005c4a                HAL_NVIC_EnableIRQ
 .text.HAL_SYSTICK_Config
                0x0000000008005c66       0x18 Drivers/STM32F2xx_HAL_Driver/Src/stm32f2xx_hal_cortex.o
                0x0000000008005c66                HAL_SYSTICK_Config
 *fill*         0x0000000008005c7e        0x2 
 .text.HAL_DMA_Init
                0x0000000008005c80      0x15c Drivers/STM32F2xx_HAL_Driver/Src/stm32f2xx_hal_dma.o
                0x0000000008005c80                HAL_DMA_Init
 .text.HAL_DMA_Start_IT
                0x0000000008005ddc       0xb0 Drivers/STM32F2xx_HAL_Driver/Src/stm32f2xx_hal_dma.o
                0x0000000008005ddc                HAL_DMA_Start_IT
 .text.HAL_DMA_Abort_IT
                0x0000000008005e8c       0x42 Drivers/STM32F2xx_HAL_Driver/Src/stm32f2xx_hal_dma.o
                0x0000000008005e8c                HAL_DMA_Abort_IT
 *fill*         0x0000000008005ece        0x2 
 .text.HAL_DMA_IRQHandler
                0x0000000008005ed0      0x314 Drivers/STM32F2xx_HAL_Driver/Src/stm32f2xx_hal_dma.o
                0x0000000008005ed0                HAL_DMA_IRQHandler
 .text.DMA_SetConfig
                0x00000000080061e4       0x5a Drivers/STM32F2xx_HAL_Driver/Src/stm32f2xx_hal_dma.o
 *fill*         0x000000000800623e        0x2 
 .text.DMA_CalcBaseAndBitshift
                0x0000000008006240       0x68 Drivers/STM32F2xx_HAL_Driver/Src/stm32f2xx_hal_dma.o
 .text.DMA_CheckFifoParam
                0x00000000080062a8       0xf4 Drivers/STM32F2xx_HAL_Driver/Src/stm32f2xx_hal_dma.o
 .text.HAL_GPIO_Init
                0x000000000800639c      0x33c Drivers/STM32F2xx_HAL_Driver/Src/stm32f2xx_hal_gpio.o
                0x000000000800639c                HAL_GPIO_Init
 .text.HAL_GPIO_ReadPin
                0x00000000080066d8       0x2e Drivers/STM32F2xx_HAL_Driver/Src/stm32f2xx_hal_gpio.o
                0x00000000080066d8                HAL_GPIO_ReadPin
 .text.HAL_GPIO_WritePin
                0x0000000008006706       0x30 Drivers/STM32F2xx_HAL_Driver/Src/stm32f2xx_hal_gpio.o
                0x0000000008006706                HAL_GPIO_WritePin
 .text.HAL_GPIO_TogglePin
                0x0000000008006736       0x32 Drivers/STM32F2xx_HAL_Driver/Src/stm32f2xx_hal_gpio.o
                0x0000000008006736                HAL_GPIO_TogglePin
 .text.HAL_I2C_Init
                0x0000000008006768      0x270 Drivers/STM32F2xx_HAL_Driver/Src/stm32f2xx_hal_i2c.o
                0x0000000008006768                HAL_I2C_Init
 .text.HAL_I2C_Master_Transmit
                0x00000000080069d8      0x1fc Drivers/STM32F2xx_HAL_Driver/Src/stm32f2xx_hal_i2c.o
                0x00000000080069d8                HAL_I2C_Master_Transmit
 .text.HAL_I2C_Mem_Write
                0x0000000008006bd4      0x1f4 Drivers/STM32F2xx_HAL_Driver/Src/stm32f2xx_hal_i2c.o
                0x0000000008006bd4                HAL_I2C_Mem_Write
 .text.HAL_I2C_IsDeviceReady
                0x0000000008006dc8      0x25c Drivers/STM32F2xx_HAL_Driver/Src/stm32f2xx_hal_i2c.o
                0x0000000008006dc8                HAL_I2C_IsDeviceReady
 .text.I2C_MasterRequestWrite
                0x0000000008007024      0x104 Drivers/STM32F2xx_HAL_Driver/Src/stm32f2xx_hal_i2c.o
 .text.I2C_RequestMemoryWrite
                0x0000000008007128      0x128 Drivers/STM32F2xx_HAL_Driver/Src/stm32f2xx_hal_i2c.o
 .text.I2C_WaitOnFlagUntilTimeout
                0x0000000008007250       0xae Drivers/STM32F2xx_HAL_Driver/Src/stm32f2xx_hal_i2c.o
 .text.I2C_WaitOnMasterAddressFlagUntilTimeout
                0x00000000080072fe       0xfe Drivers/STM32F2xx_HAL_Driver/Src/stm32f2xx_hal_i2c.o
 .text.I2C_WaitOnTXEFlagUntilTimeout
                0x00000000080073fc       0x82 Drivers/STM32F2xx_HAL_Driver/Src/stm32f2xx_hal_i2c.o
 .text.I2C_WaitOnBTFFlagUntilTimeout
                0x000000000800747e       0x82 Drivers/STM32F2xx_HAL_Driver/Src/stm32f2xx_hal_i2c.o
 .text.I2C_IsAcknowledgeFailed
                0x0000000008007500       0x5c Drivers/STM32F2xx_HAL_Driver/Src/stm32f2xx_hal_i2c.o
 .text.HAL_IWDG_Init
                0x000000000800755c       0x72 Drivers/STM32F2xx_HAL_Driver/Src/stm32f2xx_hal_iwdg.o
                0x000000000800755c                HAL_IWDG_Init
 .text.HAL_IWDG_Refresh
                0x00000000080075ce       0x1e Drivers/STM32F2xx_HAL_Driver/Src/stm32f2xx_hal_iwdg.o
                0x00000000080075ce                HAL_IWDG_Refresh
 .text.HAL_RCC_OscConfig
                0x00000000080075ec      0x4d4 Drivers/STM32F2xx_HAL_Driver/Src/stm32f2xx_hal_rcc.o
                0x00000000080075ec                HAL_RCC_OscConfig
 .text.HAL_RCC_ClockConfig
                0x0000000008007ac0      0x1d8 Drivers/STM32F2xx_HAL_Driver/Src/stm32f2xx_hal_rcc.o
                0x0000000008007ac0                HAL_RCC_ClockConfig
 .text.HAL_RCC_GetSysClockFreq
                0x0000000008007c98      0x164 Drivers/STM32F2xx_HAL_Driver/Src/stm32f2xx_hal_rcc.o
                0x0000000008007c98                HAL_RCC_GetSysClockFreq
 .text.HAL_RCC_GetHCLKFreq
                0x0000000008007dfc       0x14 Drivers/STM32F2xx_HAL_Driver/Src/stm32f2xx_hal_rcc.o
                0x0000000008007dfc                HAL_RCC_GetHCLKFreq
 .text.HAL_RCC_GetPCLK1Freq
                0x0000000008007e10       0x44 Drivers/STM32F2xx_HAL_Driver/Src/stm32f2xx_hal_rcc.o
                0x0000000008007e10                HAL_RCC_GetPCLK1Freq
 .text.HAL_RCC_GetPCLK2Freq
                0x0000000008007e54       0x44 Drivers/STM32F2xx_HAL_Driver/Src/stm32f2xx_hal_rcc.o
                0x0000000008007e54                HAL_RCC_GetPCLK2Freq
 .text.HAL_TIM_Base_Init
                0x0000000008007e98       0x56 Drivers/STM32F2xx_HAL_Driver/Src/stm32f2xx_hal_tim.o
                0x0000000008007e98                HAL_TIM_Base_Init
 .text.HAL_TIM_Base_Start
                0x0000000008007eee       0x46 Drivers/STM32F2xx_HAL_Driver/Src/stm32f2xx_hal_tim.o
                0x0000000008007eee                HAL_TIM_Base_Start
 .text.HAL_TIM_Base_Start_IT
                0x0000000008007f34       0x46 Drivers/STM32F2xx_HAL_Driver/Src/stm32f2xx_hal_tim.o
                0x0000000008007f34                HAL_TIM_Base_Start_IT
 .text.HAL_TIM_PWM_Init
                0x0000000008007f7a       0x56 Drivers/STM32F2xx_HAL_Driver/Src/stm32f2xx_hal_tim.o
                0x0000000008007f7a                HAL_TIM_PWM_Init
 .text.HAL_TIM_PWM_MspInit
                0x0000000008007fd0       0x12 Drivers/STM32F2xx_HAL_Driver/Src/stm32f2xx_hal_tim.o
                0x0000000008007fd0                HAL_TIM_PWM_MspInit
 *fill*         0x0000000008007fe2        0x2 
 .text.HAL_TIM_PWM_Start
                0x0000000008007fe4       0x7c Drivers/STM32F2xx_HAL_Driver/Src/stm32f2xx_hal_tim.o
                0x0000000008007fe4                HAL_TIM_PWM_Start
 .text.HAL_TIM_IRQHandler
                0x0000000008008060      0x210 Drivers/STM32F2xx_HAL_Driver/Src/stm32f2xx_hal_tim.o
                0x0000000008008060                HAL_TIM_IRQHandler
 .text.HAL_TIM_PWM_ConfigChannel
                0x0000000008008270      0x18c Drivers/STM32F2xx_HAL_Driver/Src/stm32f2xx_hal_tim.o
                0x0000000008008270                HAL_TIM_PWM_ConfigChannel
 .text.HAL_TIM_ConfigClockSource
                0x00000000080083fc      0x16e Drivers/STM32F2xx_HAL_Driver/Src/stm32f2xx_hal_tim.o
                0x00000000080083fc                HAL_TIM_ConfigClockSource
 .text.HAL_TIM_PeriodElapsedCallback
                0x000000000800856a       0x12 Drivers/STM32F2xx_HAL_Driver/Src/stm32f2xx_hal_tim.o
                0x000000000800856a                HAL_TIM_PeriodElapsedCallback
 .text.HAL_TIM_OC_DelayElapsedCallback
                0x000000000800857c       0x12 Drivers/STM32F2xx_HAL_Driver/Src/stm32f2xx_hal_tim.o
                0x000000000800857c                HAL_TIM_OC_DelayElapsedCallback
 .text.HAL_TIM_IC_CaptureCallback
                0x000000000800858e       0x12 Drivers/STM32F2xx_HAL_Driver/Src/stm32f2xx_hal_tim.o
                0x000000000800858e                HAL_TIM_IC_CaptureCallback
 .text.HAL_TIM_PWM_PulseFinishedCallback
                0x00000000080085a0       0x12 Drivers/STM32F2xx_HAL_Driver/Src/stm32f2xx_hal_tim.o
                0x00000000080085a0                HAL_TIM_PWM_PulseFinishedCallback
 .text.HAL_TIM_TriggerCallback
                0x00000000080085b2       0x12 Drivers/STM32F2xx_HAL_Driver/Src/stm32f2xx_hal_tim.o
                0x00000000080085b2                HAL_TIM_TriggerCallback
 .text.TIM_Base_SetConfig
                0x00000000080085c4      0x13c Drivers/STM32F2xx_HAL_Driver/Src/stm32f2xx_hal_tim.o
                0x00000000080085c4                TIM_Base_SetConfig
 .text.TIM_OC1_SetConfig
                0x0000000008008700       0xe0 Drivers/STM32F2xx_HAL_Driver/Src/stm32f2xx_hal_tim.o
 .text.TIM_OC2_SetConfig
                0x00000000080087e0       0xe8 Drivers/STM32F2xx_HAL_Driver/Src/stm32f2xx_hal_tim.o
                0x00000000080087e0                TIM_OC2_SetConfig
 .text.TIM_OC3_SetConfig
                0x00000000080088c8       0xe8 Drivers/STM32F2xx_HAL_Driver/Src/stm32f2xx_hal_tim.o
 .text.TIM_OC4_SetConfig
                0x00000000080089b0       0xa8 Drivers/STM32F2xx_HAL_Driver/Src/stm32f2xx_hal_tim.o
 .text.TIM_TI1_ConfigInputStage
                0x0000000008008a58       0x5c Drivers/STM32F2xx_HAL_Driver/Src/stm32f2xx_hal_tim.o
 .text.TIM_TI2_ConfigInputStage
                0x0000000008008ab4       0x5e Drivers/STM32F2xx_HAL_Driver/Src/stm32f2xx_hal_tim.o
 .text.TIM_ITRx_SetConfig
                0x0000000008008b12       0x34 Drivers/STM32F2xx_HAL_Driver/Src/stm32f2xx_hal_tim.o
 .text.TIM_ETR_SetConfig
                0x0000000008008b46       0x3e Drivers/STM32F2xx_HAL_Driver/Src/stm32f2xx_hal_tim.o
                0x0000000008008b46                TIM_ETR_SetConfig
 .text.TIM_CCxChannelCmd
                0x0000000008008b84       0x48 Drivers/STM32F2xx_HAL_Driver/Src/stm32f2xx_hal_tim.o
                0x0000000008008b84                TIM_CCxChannelCmd
 .text.HAL_TIMEx_MasterConfigSynchronization
                0x0000000008008bcc       0x88 Drivers/STM32F2xx_HAL_Driver/Src/stm32f2xx_hal_tim_ex.o
                0x0000000008008bcc                HAL_TIMEx_MasterConfigSynchronization
 .text.HAL_TIMEx_ConfigBreakDeadTime
                0x0000000008008c54       0xa2 Drivers/STM32F2xx_HAL_Driver/Src/stm32f2xx_hal_tim_ex.o
                0x0000000008008c54                HAL_TIMEx_ConfigBreakDeadTime
 .text.HAL_TIMEx_CommutCallback
                0x0000000008008cf6       0x12 Drivers/STM32F2xx_HAL_Driver/Src/stm32f2xx_hal_tim_ex.o
                0x0000000008008cf6                HAL_TIMEx_CommutCallback
 .text.HAL_TIMEx_BreakCallback
                0x0000000008008d08       0x12 Drivers/STM32F2xx_HAL_Driver/Src/stm32f2xx_hal_tim_ex.o
                0x0000000008008d08                HAL_TIMEx_BreakCallback
 .text.HAL_UART_Init
                0x0000000008008d1a       0x9a Drivers/STM32F2xx_HAL_Driver/Src/stm32f2xx_hal_uart.o
                0x0000000008008d1a                HAL_UART_Init
 .text.HAL_UART_Transmit_IT
                0x0000000008008db4       0x88 Drivers/STM32F2xx_HAL_Driver/Src/stm32f2xx_hal_uart.o
                0x0000000008008db4                HAL_UART_Transmit_IT
 .text.HAL_UART_IRQHandler
                0x0000000008008e3c      0x200 Drivers/STM32F2xx_HAL_Driver/Src/stm32f2xx_hal_uart.o
                0x0000000008008e3c                HAL_UART_IRQHandler
 .text.HAL_UART_TxCpltCallback
                0x000000000800903c       0x12 Drivers/STM32F2xx_HAL_Driver/Src/stm32f2xx_hal_uart.o
                0x000000000800903c                HAL_UART_TxCpltCallback
 .text.HAL_UART_RxCpltCallback
                0x000000000800904e       0x12 Drivers/STM32F2xx_HAL_Driver/Src/stm32f2xx_hal_uart.o
                0x000000000800904e                HAL_UART_RxCpltCallback
 .text.HAL_UART_ErrorCallback
                0x0000000008009060       0x12 Drivers/STM32F2xx_HAL_Driver/Src/stm32f2xx_hal_uart.o
                0x0000000008009060                HAL_UART_ErrorCallback
 .text.UART_EndRxTransfer
                0x0000000008009072       0x3a Drivers/STM32F2xx_HAL_Driver/Src/stm32f2xx_hal_uart.o
 .text.UART_DMAAbortOnError
                0x00000000080090ac       0x28 Drivers/STM32F2xx_HAL_Driver/Src/stm32f2xx_hal_uart.o
 .text.UART_Transmit_IT
                0x00000000080090d4       0xaa Drivers/STM32F2xx_HAL_Driver/Src/stm32f2xx_hal_uart.o
 .text.UART_EndTransmit_IT
                0x000000000800917e       0x30 Drivers/STM32F2xx_HAL_Driver/Src/stm32f2xx_hal_uart.o
 .text.UART_Receive_IT
                0x00000000080091ae      0x102 Drivers/STM32F2xx_HAL_Driver/Src/stm32f2xx_hal_uart.o
 .text.UART_SetConfig
                0x00000000080092b0      0x328 Drivers/STM32F2xx_HAL_Driver/Src/stm32f2xx_hal_uart.o
 .text.__errno  0x00000000080095d8        0xc c:/st/stm32cubeide_1.3.0/stm32cubeide/plugins/com.st.stm32cube.ide.mcu.externaltools.gnu-tools-for-stm32.7-2018-q2-update.win32_1.0.0.201904181610/tools/bin/../lib/gcc/arm-none-eabi/7.3.1/../../../../arm-none-eabi/lib/thumb/v7-m\libc_nano.a(lib_a-errno.o)
                0x00000000080095d8                __errno
 .text.__libc_init_array
                0x00000000080095e4       0x48 c:/st/stm32cubeide_1.3.0/stm32cubeide/plugins/com.st.stm32cube.ide.mcu.externaltools.gnu-tools-for-stm32.7-2018-q2-update.win32_1.0.0.201904181610/tools/bin/../lib/gcc/arm-none-eabi/7.3.1/../../../../arm-none-eabi/lib/thumb/v7-m\libc_nano.a(lib_a-init.o)
                0x00000000080095e4                __libc_init_array
 .text.memset   0x000000000800962c       0x10 c:/st/stm32cubeide_1.3.0/stm32cubeide/plugins/com.st.stm32cube.ide.mcu.externaltools.gnu-tools-for-stm32.7-2018-q2-update.win32_1.0.0.201904181610/tools/bin/../lib/gcc/arm-none-eabi/7.3.1/../../../../arm-none-eabi/lib/thumb/v7-m\libc_nano.a(lib_a-memset.o)
                0x000000000800962c                memset
 .text.__cvt    0x000000000800963c       0xb8 c:/st/stm32cubeide_1.3.0/stm32cubeide/plugins/com.st.stm32cube.ide.mcu.externaltools.gnu-tools-for-stm32.7-2018-q2-update.win32_1.0.0.201904181610/tools/bin/../lib/gcc/arm-none-eabi/7.3.1/../../../../arm-none-eabi/lib/thumb/v7-m\libc_nano.a(lib_a-nano-vfprintf_float.o)
                0x000000000800963c                __cvt
 .text.__exponent
                0x00000000080096f4       0x6a c:/st/stm32cubeide_1.3.0/stm32cubeide/plugins/com.st.stm32cube.ide.mcu.externaltools.gnu-tools-for-stm32.7-2018-q2-update.win32_1.0.0.201904181610/tools/bin/../lib/gcc/arm-none-eabi/7.3.1/../../../../arm-none-eabi/lib/thumb/v7-m\libc_nano.a(lib_a-nano-vfprintf_float.o)
                0x00000000080096f4                __exponent
 *fill*         0x000000000800975e        0x2 
 .text._printf_float
                0x0000000008009760      0x46c c:/st/stm32cubeide_1.3.0/stm32cubeide/plugins/com.st.stm32cube.ide.mcu.externaltools.gnu-tools-for-stm32.7-2018-q2-update.win32_1.0.0.201904181610/tools/bin/../lib/gcc/arm-none-eabi/7.3.1/../../../../arm-none-eabi/lib/thumb/v7-m\libc_nano.a(lib_a-nano-vfprintf_float.o)
                0x0000000008009760                _printf_float
 .text._printf_common
                0x0000000008009bcc       0xec c:/st/stm32cubeide_1.3.0/stm32cubeide/plugins/com.st.stm32cube.ide.mcu.externaltools.gnu-tools-for-stm32.7-2018-q2-update.win32_1.0.0.201904181610/tools/bin/../lib/gcc/arm-none-eabi/7.3.1/../../../../arm-none-eabi/lib/thumb/v7-m\libc_nano.a(lib_a-nano-vfprintf_i.o)
                0x0000000008009bcc                _printf_common
 .text._printf_i
                0x0000000008009cb8      0x224 c:/st/stm32cubeide_1.3.0/stm32cubeide/plugins/com.st.stm32cube.ide.mcu.externaltools.gnu-tools-for-stm32.7-2018-q2-update.win32_1.0.0.201904181610/tools/bin/../lib/gcc/arm-none-eabi/7.3.1/../../../../arm-none-eabi/lib/thumb/v7-m\libc_nano.a(lib_a-nano-vfprintf_i.o)
                0x0000000008009cb8                _printf_i
 .text.sprintf  0x0000000008009edc       0x40 c:/st/stm32cubeide_1.3.0/stm32cubeide/plugins/com.st.stm32cube.ide.mcu.externaltools.gnu-tools-for-stm32.7-2018-q2-update.win32_1.0.0.201904181610/tools/bin/../lib/gcc/arm-none-eabi/7.3.1/../../../../arm-none-eabi/lib/thumb/v7-m\libc_nano.a(lib_a-sprintf.o)
                0x0000000008009edc                siprintf
                0x0000000008009edc                sprintf
 .text.quorem   0x0000000008009f1c      0x11c c:/st/stm32cubeide_1.3.0/stm32cubeide/plugins/com.st.stm32cube.ide.mcu.externaltools.gnu-tools-for-stm32.7-2018-q2-update.win32_1.0.0.201904181610/tools/bin/../lib/gcc/arm-none-eabi/7.3.1/../../../../arm-none-eabi/lib/thumb/v7-m\libc_nano.a(lib_a-dtoa.o)
 .text._dtoa_r  0x000000000800a038      0xb68 c:/st/stm32cubeide_1.3.0/stm32cubeide/plugins/com.st.stm32cube.ide.mcu.externaltools.gnu-tools-for-stm32.7-2018-q2-update.win32_1.0.0.201904181610/tools/bin/../lib/gcc/arm-none-eabi/7.3.1/../../../../arm-none-eabi/lib/thumb/v7-m\libc_nano.a(lib_a-dtoa.o)
                0x000000000800a038                _dtoa_r
 .text._localeconv_r
                0x000000000800aba0       0x1c c:/st/stm32cubeide_1.3.0/stm32cubeide/plugins/com.st.stm32cube.ide.mcu.externaltools.gnu-tools-for-stm32.7-2018-q2-update.win32_1.0.0.201904181610/tools/bin/../lib/gcc/arm-none-eabi/7.3.1/../../../../arm-none-eabi/lib/thumb/v7-m\libc_nano.a(lib_a-localeconv.o)
                0x000000000800aba0                _localeconv_r
 .text.malloc   0x000000000800abbc       0x10 c:/st/stm32cubeide_1.3.0/stm32cubeide/plugins/com.st.stm32cube.ide.mcu.externaltools.gnu-tools-for-stm32.7-2018-q2-update.win32_1.0.0.201904181610/tools/bin/../lib/gcc/arm-none-eabi/7.3.1/../../../../arm-none-eabi/lib/thumb/v7-m\libc_nano.a(lib_a-malloc.o)
                0x000000000800abbc                malloc
 .text.memchr   0x000000000800abcc       0x1c c:/st/stm32cubeide_1.3.0/stm32cubeide/plugins/com.st.stm32cube.ide.mcu.externaltools.gnu-tools-for-stm32.7-2018-q2-update.win32_1.0.0.201904181610/tools/bin/../lib/gcc/arm-none-eabi/7.3.1/../../../../arm-none-eabi/lib/thumb/v7-m\libc_nano.a(lib_a-memchr-stub.o)
                0x000000000800abcc                memchr
 .text.memcpy   0x000000000800abe8       0x16 c:/st/stm32cubeide_1.3.0/stm32cubeide/plugins/com.st.stm32cube.ide.mcu.externaltools.gnu-tools-for-stm32.7-2018-q2-update.win32_1.0.0.201904181610/tools/bin/../lib/gcc/arm-none-eabi/7.3.1/../../../../arm-none-eabi/lib/thumb/v7-m\libc_nano.a(lib_a-memcpy-stub.o)
                0x000000000800abe8                memcpy
 .text._Balloc  0x000000000800abfe       0x68 c:/st/stm32cubeide_1.3.0/stm32cubeide/plugins/com.st.stm32cube.ide.mcu.externaltools.gnu-tools-for-stm32.7-2018-q2-update.win32_1.0.0.201904181610/tools/bin/../lib/gcc/arm-none-eabi/7.3.1/../../../../arm-none-eabi/lib/thumb/v7-m\libc_nano.a(lib_a-mprec.o)
                0x000000000800abfe                _Balloc
 .text._Bfree   0x000000000800ac66       0x2e c:/st/stm32cubeide_1.3.0/stm32cubeide/plugins/com.st.stm32cube.ide.mcu.externaltools.gnu-tools-for-stm32.7-2018-q2-update.win32_1.0.0.201904181610/tools/bin/../lib/gcc/arm-none-eabi/7.3.1/../../../../arm-none-eabi/lib/thumb/v7-m\libc_nano.a(lib_a-mprec.o)
                0x000000000800ac66                _Bfree
 .text.__multadd
                0x000000000800ac94       0x76 c:/st/stm32cubeide_1.3.0/stm32cubeide/plugins/com.st.stm32cube.ide.mcu.externaltools.gnu-tools-for-stm32.7-2018-q2-update.win32_1.0.0.201904181610/tools/bin/../lib/gcc/arm-none-eabi/7.3.1/../../../../arm-none-eabi/lib/thumb/v7-m\libc_nano.a(lib_a-mprec.o)
                0x000000000800ac94                __multadd
 .text.__hi0bits
                0x000000000800ad0a       0x3e c:/st/stm32cubeide_1.3.0/stm32cubeide/plugins/com.st.stm32cube.ide.mcu.externaltools.gnu-tools-for-stm32.7-2018-q2-update.win32_1.0.0.201904181610/tools/bin/../lib/gcc/arm-none-eabi/7.3.1/../../../../arm-none-eabi/lib/thumb/v7-m\libc_nano.a(lib_a-mprec.o)
                0x000000000800ad0a                __hi0bits
 .text.__lo0bits
                0x000000000800ad48       0x5e c:/st/stm32cubeide_1.3.0/stm32cubeide/plugins/com.st.stm32cube.ide.mcu.externaltools.gnu-tools-for-stm32.7-2018-q2-update.win32_1.0.0.201904181610/tools/bin/../lib/gcc/arm-none-eabi/7.3.1/../../../../arm-none-eabi/lib/thumb/v7-m\libc_nano.a(lib_a-mprec.o)
                0x000000000800ad48                __lo0bits
 .text.__i2b    0x000000000800ada6       0x12 c:/st/stm32cubeide_1.3.0/stm32cubeide/plugins/com.st.stm32cube.ide.mcu.externaltools.gnu-tools-for-stm32.7-2018-q2-update.win32_1.0.0.201904181610/tools/bin/../lib/gcc/arm-none-eabi/7.3.1/../../../../arm-none-eabi/lib/thumb/v7-m\libc_nano.a(lib_a-mprec.o)
                0x000000000800ada6                __i2b
 .text.__multiply
                0x000000000800adb8      0x12a c:/st/stm32cubeide_1.3.0/stm32cubeide/plugins/com.st.stm32cube.ide.mcu.externaltools.gnu-tools-for-stm32.7-2018-q2-update.win32_1.0.0.201904181610/tools/bin/../lib/gcc/arm-none-eabi/7.3.1/../../../../arm-none-eabi/lib/thumb/v7-m\libc_nano.a(lib_a-mprec.o)
                0x000000000800adb8                __multiply
 *fill*         0x000000000800aee2        0x2 
 .text.__pow5mult
                0x000000000800aee4       0x9c c:/st/stm32cubeide_1.3.0/stm32cubeide/plugins/com.st.stm32cube.ide.mcu.externaltools.gnu-tools-for-stm32.7-2018-q2-update.win32_1.0.0.201904181610/tools/bin/../lib/gcc/arm-none-eabi/7.3.1/../../../../arm-none-eabi/lib/thumb/v7-m\libc_nano.a(lib_a-mprec.o)
                0x000000000800aee4                __pow5mult
 .text.__lshift
                0x000000000800af80       0xa8 c:/st/stm32cubeide_1.3.0/stm32cubeide/plugins/com.st.stm32cube.ide.mcu.externaltools.gnu-tools-for-stm32.7-2018-q2-update.win32_1.0.0.201904181610/tools/bin/../lib/gcc/arm-none-eabi/7.3.1/../../../../arm-none-eabi/lib/thumb/v7-m\libc_nano.a(lib_a-mprec.o)
                0x000000000800af80                __lshift
 .text.__mcmp   0x000000000800b028       0x34 c:/st/stm32cubeide_1.3.0/stm32cubeide/plugins/com.st.stm32cube.ide.mcu.externaltools.gnu-tools-for-stm32.7-2018-q2-update.win32_1.0.0.201904181610/tools/bin/../lib/gcc/arm-none-eabi/7.3.1/../../../../arm-none-eabi/lib/thumb/v7-m\libc_nano.a(lib_a-mprec.o)
                0x000000000800b028                __mcmp
 .text.__mdiff  0x000000000800b05c       0xbc c:/st/stm32cubeide_1.3.0/stm32cubeide/plugins/com.st.stm32cube.ide.mcu.externaltools.gnu-tools-for-stm32.7-2018-q2-update.win32_1.0.0.201904181610/tools/bin/../lib/gcc/arm-none-eabi/7.3.1/../../../../arm-none-eabi/lib/thumb/v7-m\libc_nano.a(lib_a-mprec.o)
                0x000000000800b05c                __mdiff
 .text.__d2b    0x000000000800b118       0x9e c:/st/stm32cubeide_1.3.0/stm32cubeide/plugins/com.st.stm32cube.ide.mcu.externaltools.gnu-tools-for-stm32.7-2018-q2-update.win32_1.0.0.201904181610/tools/bin/../lib/gcc/arm-none-eabi/7.3.1/../../../../arm-none-eabi/lib/thumb/v7-m\libc_nano.a(lib_a-mprec.o)
                0x000000000800b118                __d2b
 .text._calloc_r
                0x000000000800b1b6       0x1c c:/st/stm32cubeide_1.3.0/stm32cubeide/plugins/com.st.stm32cube.ide.mcu.externaltools.gnu-tools-for-stm32.7-2018-q2-update.win32_1.0.0.201904181610/tools/bin/../lib/gcc/arm-none-eabi/7.3.1/../../../../arm-none-eabi/lib/thumb/v7-m\libc_nano.a(lib_a-nano-callocr.o)
                0x000000000800b1b6                _calloc_r
 *fill*         0x000000000800b1d2        0x2 
 .text._free_r  0x000000000800b1d4       0x98 c:/st/stm32cubeide_1.3.0/stm32cubeide/plugins/com.st.stm32cube.ide.mcu.externaltools.gnu-tools-for-stm32.7-2018-q2-update.win32_1.0.0.201904181610/tools/bin/../lib/gcc/arm-none-eabi/7.3.1/../../../../arm-none-eabi/lib/thumb/v7-m\libc_nano.a(lib_a-nano-freer.o)
                0x000000000800b1d4                _free_r
 .text._malloc_r
                0x000000000800b26c       0xb4 c:/st/stm32cubeide_1.3.0/stm32cubeide/plugins/com.st.stm32cube.ide.mcu.externaltools.gnu-tools-for-stm32.7-2018-q2-update.win32_1.0.0.201904181610/tools/bin/../lib/gcc/arm-none-eabi/7.3.1/../../../../arm-none-eabi/lib/thumb/v7-m\libc_nano.a(lib_a-nano-mallocr.o)
                0x000000000800b26c                _malloc_r
 .text.__ssputs_r
                0x000000000800b320       0xb4 c:/st/stm32cubeide_1.3.0/stm32cubeide/plugins/com.st.stm32cube.ide.mcu.externaltools.gnu-tools-for-stm32.7-2018-q2-update.win32_1.0.0.201904181610/tools/bin/../lib/gcc/arm-none-eabi/7.3.1/../../../../arm-none-eabi/lib/thumb/v7-m\libc_nano.a(lib_a-nano-svfprintf.o)
                0x000000000800b320                __ssputs_r
 .text._svfprintf_r
                0x000000000800b3d4      0x1f0 c:/st/stm32cubeide_1.3.0/stm32cubeide/plugins/com.st.stm32cube.ide.mcu.externaltools.gnu-tools-for-stm32.7-2018-q2-update.win32_1.0.0.201904181610/tools/bin/../lib/gcc/arm-none-eabi/7.3.1/../../../../arm-none-eabi/lib/thumb/v7-m\libc_nano.a(lib_a-nano-svfprintf.o)
                0x000000000800b3d4                _svfiprintf_r
                0x000000000800b3d4                _svfprintf_r
 .text._sbrk_r  0x000000000800b5c4       0x20 c:/st/stm32cubeide_1.3.0/stm32cubeide/plugins/com.st.stm32cube.ide.mcu.externaltools.gnu-tools-for-stm32.7-2018-q2-update.win32_1.0.0.201904181610/tools/bin/../lib/gcc/arm-none-eabi/7.3.1/../../../../arm-none-eabi/lib/thumb/v7-m\libc_nano.a(lib_a-sbrkr.o)
                0x000000000800b5c4                _sbrk_r
 .text.__ascii_mbtowc
                0x000000000800b5e4       0x24 c:/st/stm32cubeide_1.3.0/stm32cubeide/plugins/com.st.stm32cube.ide.mcu.externaltools.gnu-tools-for-stm32.7-2018-q2-update.win32_1.0.0.201904181610/tools/bin/../lib/gcc/arm-none-eabi/7.3.1/../../../../arm-none-eabi/lib/thumb/v7-m\libc_nano.a(lib_a-mbtowc_r.o)
                0x000000000800b5e4                __ascii_mbtowc
 .text.memmove  0x000000000800b608       0x32 c:/st/stm32cubeide_1.3.0/stm32cubeide/plugins/com.st.stm32cube.ide.mcu.externaltools.gnu-tools-for-stm32.7-2018-q2-update.win32_1.0.0.201904181610/tools/bin/../lib/gcc/arm-none-eabi/7.3.1/../../../../arm-none-eabi/lib/thumb/v7-m\libc_nano.a(lib_a-memmove.o)
                0x000000000800b608                memmove
 .text.__malloc_lock
                0x000000000800b63a        0x2 c:/st/stm32cubeide_1.3.0/stm32cubeide/plugins/com.st.stm32cube.ide.mcu.externaltools.gnu-tools-for-stm32.7-2018-q2-update.win32_1.0.0.201904181610/tools/bin/../lib/gcc/arm-none-eabi/7.3.1/../../../../arm-none-eabi/lib/thumb/v7-m\libc_nano.a(lib_a-mlock.o)
                0x000000000800b63a                __malloc_lock
 .text.__malloc_unlock
                0x000000000800b63c        0x2 c:/st/stm32cubeide_1.3.0/stm32cubeide/plugins/com.st.stm32cube.ide.mcu.externaltools.gnu-tools-for-stm32.7-2018-q2-update.win32_1.0.0.201904181610/tools/bin/../lib/gcc/arm-none-eabi/7.3.1/../../../../arm-none-eabi/lib/thumb/v7-m\libc_nano.a(lib_a-mlock.o)
                0x000000000800b63c                __malloc_unlock
 .text._realloc_r
                0x000000000800b63e       0x4c c:/st/stm32cubeide_1.3.0/stm32cubeide/plugins/com.st.stm32cube.ide.mcu.externaltools.gnu-tools-for-stm32.7-2018-q2-update.win32_1.0.0.201904181610/tools/bin/../lib/gcc/arm-none-eabi/7.3.1/../../../../arm-none-eabi/lib/thumb/v7-m\libc_nano.a(lib_a-nano-reallocr.o)
                0x000000000800b63e                _realloc_r
 .text.__ascii_wctomb
                0x000000000800b68a       0x1a c:/st/stm32cubeide_1.3.0/stm32cubeide/plugins/com.st.stm32cube.ide.mcu.externaltools.gnu-tools-for-stm32.7-2018-q2-update.win32_1.0.0.201904181610/tools/bin/../lib/gcc/arm-none-eabi/7.3.1/../../../../arm-none-eabi/lib/thumb/v7-m\libc_nano.a(lib_a-wctomb_r.o)
                0x000000000800b68a                __ascii_wctomb
 .text._malloc_usable_size_r
                0x000000000800b6a4       0x10 c:/st/stm32cubeide_1.3.0/stm32cubeide/plugins/com.st.stm32cube.ide.mcu.externaltools.gnu-tools-for-stm32.7-2018-q2-update.win32_1.0.0.201904181610/tools/bin/../lib/gcc/arm-none-eabi/7.3.1/../../../../arm-none-eabi/lib/thumb/v7-m\libc_nano.a(lib_a-nano-msizer.o)
                0x000000000800b6a4                _malloc_usable_size_r
 .text.log      0x000000000800b6b4       0xf4 c:/st/stm32cubeide_1.3.0/stm32cubeide/plugins/com.st.stm32cube.ide.mcu.externaltools.gnu-tools-for-stm32.7-2018-q2-update.win32_1.0.0.201904181610/tools/bin/../lib/gcc/arm-none-eabi/7.3.1/../../../../arm-none-eabi/lib/thumb/v7-m\libm.a(lib_a-w_log.o)
                0x000000000800b6b4                log
 .text.__ieee754_log
                0x000000000800b7a8      0x364 c:/st/stm32cubeide_1.3.0/stm32cubeide/plugins/com.st.stm32cube.ide.mcu.externaltools.gnu-tools-for-stm32.7-2018-q2-update.win32_1.0.0.201904181610/tools/bin/../lib/gcc/arm-none-eabi/7.3.1/../../../../arm-none-eabi/lib/thumb/v7-m\libm.a(lib_a-e_log.o)
                0x000000000800b7a8                __ieee754_log
 .text.matherr  0x000000000800bb0c        0x4 c:/st/stm32cubeide_1.3.0/stm32cubeide/plugins/com.st.stm32cube.ide.mcu.externaltools.gnu-tools-for-stm32.7-2018-q2-update.win32_1.0.0.201904181610/tools/bin/../lib/gcc/arm-none-eabi/7.3.1/../../../../arm-none-eabi/lib/thumb/v7-m\libm.a(lib_a-s_matherr.o)
                0x000000000800bb0c                matherr
 .text.nan      0x000000000800bb10        0xc c:/st/stm32cubeide_1.3.0/stm32cubeide/plugins/com.st.stm32cube.ide.mcu.externaltools.gnu-tools-for-stm32.7-2018-q2-update.win32_1.0.0.201904181610/tools/bin/../lib/gcc/arm-none-eabi/7.3.1/../../../../arm-none-eabi/lib/thumb/v7-m\libm.a(lib_a-s_nan.o)
                0x000000000800bb10                nan
 *(.glue_7)
 .glue_7        0x000000000800bb1c        0x0 linker stubs
 *(.glue_7t)
 .glue_7t       0x000000000800bb1c        0x0 linker stubs
 *(.eh_frame)
 .eh_frame      0x000000000800bb1c        0x0 c:/st/stm32cubeide_1.3.0/stm32cubeide/plugins/com.st.stm32cube.ide.mcu.externaltools.gnu-tools-for-stm32.7-2018-q2-update.win32_1.0.0.201904181610/tools/bin/../lib/gcc/arm-none-eabi/7.3.1/thumb/v7-m/crtbegin.o
 *(.init)
 .init          0x000000000800bb1c        0x4 c:/st/stm32cubeide_1.3.0/stm32cubeide/plugins/com.st.stm32cube.ide.mcu.externaltools.gnu-tools-for-stm32.7-2018-q2-update.win32_1.0.0.201904181610/tools/bin/../lib/gcc/arm-none-eabi/7.3.1/thumb/v7-m/crti.o
                0x000000000800bb1c                _init
 .init          0x000000000800bb20        0x8 c:/st/stm32cubeide_1.3.0/stm32cubeide/plugins/com.st.stm32cube.ide.mcu.externaltools.gnu-tools-for-stm32.7-2018-q2-update.win32_1.0.0.201904181610/tools/bin/../lib/gcc/arm-none-eabi/7.3.1/thumb/v7-m/crtn.o
 *(.fini)
 .fini          0x000000000800bb28        0x4 c:/st/stm32cubeide_1.3.0/stm32cubeide/plugins/com.st.stm32cube.ide.mcu.externaltools.gnu-tools-for-stm32.7-2018-q2-update.win32_1.0.0.201904181610/tools/bin/../lib/gcc/arm-none-eabi/7.3.1/thumb/v7-m/crti.o
                0x000000000800bb28                _fini
 .fini          0x000000000800bb2c        0x8 c:/st/stm32cubeide_1.3.0/stm32cubeide/plugins/com.st.stm32cube.ide.mcu.externaltools.gnu-tools-for-stm32.7-2018-q2-update.win32_1.0.0.201904181610/tools/bin/../lib/gcc/arm-none-eabi/7.3.1/thumb/v7-m/crtn.o
                0x000000000800bb34                . = ALIGN (0x4)
                0x000000000800bb34                _etext = .

.vfp11_veneer   0x000000000800bb34        0x0
 .vfp11_veneer  0x000000000800bb34        0x0 linker stubs

.v4_bx          0x000000000800bb34        0x0
 .v4_bx         0x000000000800bb34        0x0 linker stubs

.iplt           0x000000000800bb34        0x0
 .iplt          0x000000000800bb34        0x0 c:/st/stm32cubeide_1.3.0/stm32cubeide/plugins/com.st.stm32cube.ide.mcu.externaltools.gnu-tools-for-stm32.7-2018-q2-update.win32_1.0.0.201904181610/tools/bin/../lib/gcc/arm-none-eabi/7.3.1/thumb/v7-m/crtbegin.o

.rodata         0x000000000800bb38      0xaac
                0x000000000800bb38                . = ALIGN (0x4)
 *(.rodata)
 .rodata        0x000000000800bb38       0xba Core/Src/main.o
 *(.rodata*)
 *fill*         0x000000000800bbf2        0x2 
 .rodata.Font7x10
                0x000000000800bbf4      0x76c Core/Src/fonts.o
                0x000000000800bbf4                Font7x10
 .rodata.AHBPrescTable
                0x000000000800c360       0x10 Core/Src/system_stm32f2xx.o
                0x000000000800c360                AHBPrescTable
 .rodata.APBPrescTable
                0x000000000800c370        0x8 Core/Src/system_stm32f2xx.o
                0x000000000800c370                APBPrescTable
 .rodata.flagBitshiftOffset.6958
                0x000000000800c378        0x8 Drivers/STM32F2xx_HAL_Driver/Src/stm32f2xx_hal_dma.o
 .rodata._printf_float.str1.1
                0x000000000800c380       0x12 c:/st/stm32cubeide_1.3.0/stm32cubeide/plugins/com.st.stm32cube.ide.mcu.externaltools.gnu-tools-for-stm32.7-2018-q2-update.win32_1.0.0.201904181610/tools/bin/../lib/gcc/arm-none-eabi/7.3.1/../../../../arm-none-eabi/lib/thumb/v7-m\libc_nano.a(lib_a-nano-vfprintf_float.o)
 .rodata._printf_i.str1.1
                0x000000000800c392       0x22 c:/st/stm32cubeide_1.3.0/stm32cubeide/plugins/com.st.stm32cube.ide.mcu.externaltools.gnu-tools-for-stm32.7-2018-q2-update.win32_1.0.0.201904181610/tools/bin/../lib/gcc/arm-none-eabi/7.3.1/../../../../arm-none-eabi/lib/thumb/v7-m\libc_nano.a(lib_a-nano-vfprintf_i.o)
 .rodata._dtoa_r.str1.1
                0x000000000800c3b4        0xd c:/st/stm32cubeide_1.3.0/stm32cubeide/plugins/com.st.stm32cube.ide.mcu.externaltools.gnu-tools-for-stm32.7-2018-q2-update.win32_1.0.0.201904181610/tools/bin/../lib/gcc/arm-none-eabi/7.3.1/../../../../arm-none-eabi/lib/thumb/v7-m\libc_nano.a(lib_a-dtoa.o)
                                          0xf (size before relaxing)
 *fill*         0x000000000800c3c1        0x7 
 .rodata.__mprec_bigtens
                0x000000000800c3c8       0x28 c:/st/stm32cubeide_1.3.0/stm32cubeide/plugins/com.st.stm32cube.ide.mcu.externaltools.gnu-tools-for-stm32.7-2018-q2-update.win32_1.0.0.201904181610/tools/bin/../lib/gcc/arm-none-eabi/7.3.1/../../../../arm-none-eabi/lib/thumb/v7-m\libc_nano.a(lib_a-mprec.o)
                0x000000000800c3c8                __mprec_bigtens
 .rodata.__mprec_tens
                0x000000000800c3f0       0xc8 c:/st/stm32cubeide_1.3.0/stm32cubeide/plugins/com.st.stm32cube.ide.mcu.externaltools.gnu-tools-for-stm32.7-2018-q2-update.win32_1.0.0.201904181610/tools/bin/../lib/gcc/arm-none-eabi/7.3.1/../../../../arm-none-eabi/lib/thumb/v7-m\libc_nano.a(lib_a-mprec.o)
                0x000000000800c3f0                __mprec_tens
 .rodata.p05.6084
                0x000000000800c4b8        0xc c:/st/stm32cubeide_1.3.0/stm32cubeide/plugins/com.st.stm32cube.ide.mcu.externaltools.gnu-tools-for-stm32.7-2018-q2-update.win32_1.0.0.201904181610/tools/bin/../lib/gcc/arm-none-eabi/7.3.1/../../../../arm-none-eabi/lib/thumb/v7-m\libc_nano.a(lib_a-mprec.o)
 .rodata._svfprintf_r.str1.1
                0x000000000800c4c4       0x11 c:/st/stm32cubeide_1.3.0/stm32cubeide/plugins/com.st.stm32cube.ide.mcu.externaltools.gnu-tools-for-stm32.7-2018-q2-update.win32_1.0.0.201904181610/tools/bin/../lib/gcc/arm-none-eabi/7.3.1/../../../../arm-none-eabi/lib/thumb/v7-m\libc_nano.a(lib_a-nano-svfprintf.o)
 .rodata._setlocale_r.str1.1
                0x000000000800c4d5        0x8 c:/st/stm32cubeide_1.3.0/stm32cubeide/plugins/com.st.stm32cube.ide.mcu.externaltools.gnu-tools-for-stm32.7-2018-q2-update.win32_1.0.0.201904181610/tools/bin/../lib/gcc/arm-none-eabi/7.3.1/../../../../arm-none-eabi/lib/thumb/v7-m\libc_nano.a(lib_a-locale.o)
                                          0x9 (size before relaxing)
 .rodata.str1.1
                0x000000000800c4dd        0x2 c:/st/stm32cubeide_1.3.0/stm32cubeide/plugins/com.st.stm32cube.ide.mcu.externaltools.gnu-tools-for-stm32.7-2018-q2-update.win32_1.0.0.201904181610/tools/bin/../lib/gcc/arm-none-eabi/7.3.1/../../../../arm-none-eabi/lib/thumb/v7-m\libc_nano.a(lib_a-locale.o)
 .rodata._ctype_
                0x000000000800c4df      0x101 c:/st/stm32cubeide_1.3.0/stm32cubeide/plugins/com.st.stm32cube.ide.mcu.externaltools.gnu-tools-for-stm32.7-2018-q2-update.win32_1.0.0.201904181610/tools/bin/../lib/gcc/arm-none-eabi/7.3.1/../../../../arm-none-eabi/lib/thumb/v7-m\libc_nano.a(lib_a-ctype_.o)
                0x000000000800c4df                _ctype_
 .rodata.log.str1.1
                0x000000000800c5e0        0x4 c:/st/stm32cubeide_1.3.0/stm32cubeide/plugins/com.st.stm32cube.ide.mcu.externaltools.gnu-tools-for-stm32.7-2018-q2-update.win32_1.0.0.201904181610/tools/bin/../lib/gcc/arm-none-eabi/7.3.1/../../../../arm-none-eabi/lib/thumb/v7-m\libm.a(lib_a-w_log.o)
                                          0x5 (size before relaxing)
                0x000000000800c5e4                . = ALIGN (0x4)

.ARM.extab      0x000000000800c5e4        0x0
                0x000000000800c5e4                . = ALIGN (0x4)
 *(.ARM.extab* .gnu.linkonce.armextab.*)
                0x000000000800c5e4                . = ALIGN (0x4)

.ARM            0x000000000800c5e4        0x8
                0x000000000800c5e4                . = ALIGN (0x4)
                0x000000000800c5e4                __exidx_start = .
 *(.ARM.exidx*)
 .ARM.exidx     0x000000000800c5e4        0x8 c:/st/stm32cubeide_1.3.0/stm32cubeide/plugins/com.st.stm32cube.ide.mcu.externaltools.gnu-tools-for-stm32.7-2018-q2-update.win32_1.0.0.201904181610/tools/bin/../lib/gcc/arm-none-eabi/7.3.1/thumb/v7-m\libgcc.a(_udivmoddi4.o)
                0x000000000800c5ec                __exidx_end = .
                0x000000000800c5ec                . = ALIGN (0x4)

.rel.dyn        0x000000000800c5ec        0x0
 .rel.iplt      0x000000000800c5ec        0x0 c:/st/stm32cubeide_1.3.0/stm32cubeide/plugins/com.st.stm32cube.ide.mcu.externaltools.gnu-tools-for-stm32.7-2018-q2-update.win32_1.0.0.201904181610/tools/bin/../lib/gcc/arm-none-eabi/7.3.1/thumb/v7-m/crtbegin.o

.preinit_array  0x000000000800c5ec        0x0
                0x000000000800c5ec                . = ALIGN (0x4)
                0x000000000800c5ec                PROVIDE (__preinit_array_start = .)
 *(.preinit_array*)
                0x000000000800c5ec                PROVIDE (__preinit_array_end = .)
                0x000000000800c5ec                . = ALIGN (0x4)

.init_array     0x000000000800c5ec        0x4
                0x000000000800c5ec                . = ALIGN (0x4)
                0x000000000800c5ec                PROVIDE (__init_array_start = .)
 *(SORT_BY_NAME(.init_array.*))
 *(.init_array*)
 .init_array    0x000000000800c5ec        0x4 c:/st/stm32cubeide_1.3.0/stm32cubeide/plugins/com.st.stm32cube.ide.mcu.externaltools.gnu-tools-for-stm32.7-2018-q2-update.win32_1.0.0.201904181610/tools/bin/../lib/gcc/arm-none-eabi/7.3.1/thumb/v7-m/crtbegin.o
                0x000000000800c5f0                PROVIDE (__init_array_end = .)
                0x000000000800c5f0                . = ALIGN (0x4)

.fini_array     0x000000000800c5f0        0x4
                0x000000000800c5f0                . = ALIGN (0x4)
                [!provide]                        PROVIDE (__fini_array_start = .)
 *(SORT_BY_NAME(.fini_array.*))
 *(.fini_array*)
 .fini_array    0x000000000800c5f0        0x4 c:/st/stm32cubeide_1.3.0/stm32cubeide/plugins/com.st.stm32cube.ide.mcu.externaltools.gnu-tools-for-stm32.7-2018-q2-update.win32_1.0.0.201904181610/tools/bin/../lib/gcc/arm-none-eabi/7.3.1/thumb/v7-m/crtbegin.o
                [!provide]                        PROVIDE (__fini_array_end = .)
                0x000000000800c5f4                . = ALIGN (0x4)
                0x000000000800c5f4                _sidata = LOADADDR (.data)

.data           0x0000000020000000      0x1f0 load address 0x000000000800c5f4
                0x0000000020000000                . = ALIGN (0x4)
                0x0000000020000000                _sdata = .
 *(.data)
 *(.data*)
 .data.Font_7x10
                0x0000000020000000        0x8 Core/Src/fonts.o
                0x0000000020000000                Font_7x10
 .data.Tbuzz    0x0000000020000008        0x2 Core/Src/stm32f2xx_it.o
                0x0000000020000008                Tbuzz
 .data.SetProtection_ShortCircuit
                0x000000002000000a        0x1 Core/Src/stm32f2xx_it.o
                0x000000002000000a                SetProtection_ShortCircuit
 .data.SetProtection_OverCurrent
                0x000000002000000b        0x1 Core/Src/stm32f2xx_it.o
                0x000000002000000b                SetProtection_OverCurrent
 .data.SetProtection_OverVoltage
                0x000000002000000c        0x1 Core/Src/stm32f2xx_it.o
                0x000000002000000c                SetProtection_OverVoltage
 .data.SetProtection_Temp1
                0x000000002000000d        0x1 Core/Src/stm32f2xx_it.o
                0x000000002000000d                SetProtection_Temp1
 .data.SetProtection_Temp2
                0x000000002000000e        0x1 Core/Src/stm32f2xx_it.o
                0x000000002000000e                SetProtection_Temp2
 *fill*         0x000000002000000f        0x1 
 .data.SystemCoreClock
                0x0000000020000010        0x4 Core/Src/system_stm32f2xx.o
                0x0000000020000010                SystemCoreClock
 .data.uwTickPrio
                0x0000000020000014        0x4 Drivers/STM32F2xx_HAL_Driver/Src/stm32f2xx_hal.o
                0x0000000020000014                uwTickPrio
 .data.uwTickFreq
                0x0000000020000018        0x1 Drivers/STM32F2xx_HAL_Driver/Src/stm32f2xx_hal.o
                0x0000000020000018                uwTickFreq
 *fill*         0x0000000020000019        0x3 
 .data._impure_ptr
                0x000000002000001c        0x4 c:/st/stm32cubeide_1.3.0/stm32cubeide/plugins/com.st.stm32cube.ide.mcu.externaltools.gnu-tools-for-stm32.7-2018-q2-update.win32_1.0.0.201904181610/tools/bin/../lib/gcc/arm-none-eabi/7.3.1/../../../../arm-none-eabi/lib/thumb/v7-m\libc_nano.a(lib_a-impure.o)
                0x000000002000001c                _impure_ptr
 .data.impure_data
                0x0000000020000020       0x60 c:/st/stm32cubeide_1.3.0/stm32cubeide/plugins/com.st.stm32cube.ide.mcu.externaltools.gnu-tools-for-stm32.7-2018-q2-update.win32_1.0.0.201904181610/tools/bin/../lib/gcc/arm-none-eabi/7.3.1/../../../../arm-none-eabi/lib/thumb/v7-m\libc_nano.a(lib_a-impure.o)
 .data.__global_locale
                0x0000000020000080      0x16c c:/st/stm32cubeide_1.3.0/stm32cubeide/plugins/com.st.stm32cube.ide.mcu.externaltools.gnu-tools-for-stm32.7-2018-q2-update.win32_1.0.0.201904181610/tools/bin/../lib/gcc/arm-none-eabi/7.3.1/../../../../arm-none-eabi/lib/thumb/v7-m\libc_nano.a(lib_a-locale.o)
                0x0000000020000080                __global_locale
 .data.__fdlib_version
                0x00000000200001ec        0x1 c:/st/stm32cubeide_1.3.0/stm32cubeide/plugins/com.st.stm32cube.ide.mcu.externaltools.gnu-tools-for-stm32.7-2018-q2-update.win32_1.0.0.201904181610/tools/bin/../lib/gcc/arm-none-eabi/7.3.1/../../../../arm-none-eabi/lib/thumb/v7-m\libm.a(lib_a-s_lib_ver.o)
                0x00000000200001ec                __fdlib_version
                0x00000000200001f0                . = ALIGN (0x4)
 *fill*         0x00000000200001ed        0x3 
                0x00000000200001f0                _edata = .

.igot.plt       0x00000000200001f0        0x0 load address 0x000000000800c7e4
 .igot.plt      0x00000000200001f0        0x0 c:/st/stm32cubeide_1.3.0/stm32cubeide/plugins/com.st.stm32cube.ide.mcu.externaltools.gnu-tools-for-stm32.7-2018-q2-update.win32_1.0.0.201904181610/tools/bin/../lib/gcc/arm-none-eabi/7.3.1/thumb/v7-m/crtbegin.o
                0x00000000200001f0                . = ALIGN (0x4)

.bss            0x00000000200001f0      0xfb8 load address 0x000000000800c7e4
                0x00000000200001f0                _sbss = .
                0x00000000200001f0                __bss_start__ = _sbss
 *(.bss)
 .bss           0x00000000200001f0       0x1c c:/st/stm32cubeide_1.3.0/stm32cubeide/plugins/com.st.stm32cube.ide.mcu.externaltools.gnu-tools-for-stm32.7-2018-q2-update.win32_1.0.0.201904181610/tools/bin/../lib/gcc/arm-none-eabi/7.3.1/thumb/v7-m/crtbegin.o
 *(.bss*)
 .bss.identified
                0x000000002000020c        0x1 Core/Src/can.o
                0x000000002000020c                identified
 *fill*         0x000000002000020d        0x3 
 .bss.SSD1306_Buffer
                0x0000000020000210      0x400 Core/Src/ssd1306.o
 .bss.SSD1306   0x0000000020000610        0x6 Core/Src/ssd1306.o
 .bss.L         0x0000000020000616        0x1 Core/Src/stm32f2xx_it.o
                0x0000000020000616                L
 .bss.SS        0x0000000020000617        0x1 Core/Src/stm32f2xx_it.o
                0x0000000020000617                SS
 .bss.heap_end.5149
                0x0000000020000618        0x4 Core/Src/sysmem.o
 .bss.__malloc_free_list
                0x000000002000061c        0x4 c:/st/stm32cubeide_1.3.0/stm32cubeide/plugins/com.st.stm32cube.ide.mcu.externaltools.gnu-tools-for-stm32.7-2018-q2-update.win32_1.0.0.201904181610/tools/bin/../lib/gcc/arm-none-eabi/7.3.1/../../../../arm-none-eabi/lib/thumb/v7-m\libc_nano.a(lib_a-nano-mallocr.o)
                0x000000002000061c                __malloc_free_list
 .bss.__malloc_sbrk_start
                0x0000000020000620        0x4 c:/st/stm32cubeide_1.3.0/stm32cubeide/plugins/com.st.stm32cube.ide.mcu.externaltools.gnu-tools-for-stm32.7-2018-q2-update.win32_1.0.0.201904181610/tools/bin/../lib/gcc/arm-none-eabi/7.3.1/../../../../arm-none-eabi/lib/thumb/v7-m\libc_nano.a(lib_a-nano-mallocr.o)
                0x0000000020000620                __malloc_sbrk_start
 *(COMMON)
 COMMON         0x0000000020000624      0x750 Core/Src/C_Current.o
                0x0000000020000624                D
                0x0000000020000628                r14
                0x000000002000062c                ADC_SUM_VoutN
                0x0000000020000630                ADC_Average_VoutN
                0x0000000020000634                r28
                0x0000000020000638                Eror_Code
                0x000000002000063c                BP_Cycle
                0x0000000020000640                ADC_VoutN
                0x0000000020000642                flag_trip_unbalance
                0x0000000020000643                flag_trip_SOCOverCharge
                0x0000000020000644                ADC_temp2
                0x0000000020000648                Temp_T2
                0x000000002000064c                Batt_SOH
                0x0000000020000650                pwm2
                0x0000000020000654                r29
                0x0000000020000658                flag_trip_shortcircuit
                0x000000002000065a                ADC_Iin
                0x000000002000065c                r25
                0x0000000020000660                eNS
                0x0000000020000664                dc
                0x0000000020000668                r41
                0x000000002000066c                gangguan
                0x0000000020000670                r42
                0x0000000020000674                flag_trip_systemfailure
                0x0000000020000678                r3
                0x000000002000067c                r36
                0x0000000020000680                OFFSET_Calibration
                0x0000000020000684                dNB
                0x0000000020000688                ADC_Iout
                0x000000002000068c                BP_Voltage
                0x0000000020000690                LastEror_code
                0x0000000020000691                Flag_ChargerOverTemperature
                0x0000000020000694                ADC_SUM_Iin
                0x0000000020000698                dPM
                0x000000002000069c                ADC_SUM_VoutP
                0x00000000200006a0                A
                0x00000000200006a4                ADC_VinP
                0x00000000200006a8                r9
                0x00000000200006ac                r46
                0x00000000200006b0                Charger_Mode
                0x00000000200006b4                ADC_Array_Iin
                0x000000002000077c                flag_trip_overtemperature
                0x0000000020000780                r26
                0x0000000020000784                Flag_ChargerUnderVoltage
                0x0000000020000788                OFFSET_CurrentSense
                0x000000002000078c                ADC_Average_VinN
                0x0000000020000790                r17
                0x0000000020000794                BP_SOC
                0x0000000020000798                r31
                0x000000002000079c                Flag_ChargerOverCurrent
                0x000000002000079d                Communication_Flag
                0x00000000200007a0                r6
                0x00000000200007a4                discharge_state
                0x00000000200007a8                r21
                0x00000000200007ac                ADC_Average_VoutP
                0x00000000200007b0                ADC_VoutP
                0x00000000200007b4                r4
                0x00000000200007b8                Flag_ChargerShortCircuit
                0x00000000200007ba                ADC_temp1
                0x00000000200007bc                Flag_ChargerOverVoltage
                0x00000000200007c0                Res_T1
                0x00000000200007c4                ADC_value
                0x00000000200007d4                r45
                0x00000000200007d8                dNS
                0x00000000200007dc                r32
                0x00000000200007e0                ADC_Array_VoutN
                0x00000000200008a8                B
                0x00000000200008ac                r44
                0x00000000200008b0                BP_Temp
                0x00000000200008b4                J
                0x00000000200008b8                flag_trip_undertemperature
                0x00000000200008b9                flag_trip_undervoltage
                0x00000000200008bc                r37
                0x00000000200008c0                ADC_Average_Iin
                0x00000000200008c4                C
                0x00000000200008c8                ADC_Array_Iout
                0x0000000020000990                ADC_SUM_VinN
                0x0000000020000994                r10
                0x0000000020000998                Batt_cycle
                0x000000002000099c                SetPoint_CC
                0x00000000200009a0                ePB
                0x00000000200009a4                r38
                0x00000000200009a8                r20
                0x00000000200009ac                flag_trip_overcurrentdischarge
                0x00000000200009b0                r8
                0x00000000200009b4                G
                0x00000000200009b8                Flag_ChargerLostCommunication
                0x00000000200009bc                Batt_current
                0x00000000200009c0                ADC_VinN
                0x00000000200009c4                r27
                0x00000000200009c8                LastFlag_OverTemperature
                0x00000000200009cc                r49
                0x00000000200009d0                r33
                0x00000000200009d4                ADC_Average_VinP
                0x00000000200009d8                dNM
                0x00000000200009dc                ePS
                0x00000000200009e0                r18
                0x00000000200009e4                ADC_SUM_Iout
                0x00000000200009e8                BP_Current
                0x00000000200009ec                Temp_T1
                0x00000000200009f0                ADC_VoltageResult
                0x00000000200009f4                Batt_SOC
                0x00000000200009f8                vcell_15databyte
                0x0000000020000a34                H
                0x0000000020000a38                r40
                0x0000000020000a3c                Batt_temp
                0x0000000020000a40                r7
                0x0000000020000a44                r48
                0x0000000020000a48                flag_trip_overcurrentcharge
                0x0000000020000a4c                UNIQUE_Code
                0x0000000020000a50                d
                0x0000000020000a54                r16
                0x0000000020000a58                ePM
                0x0000000020000a5c                flag_trip_SOCOverDischarge
                0x0000000020000a60                dPB
                0x0000000020000a64                Handshaking
                0x0000000020000a68                Res_T2
                0x0000000020000a6c                ADC_Array_VinN
                0x0000000020000b34                BP_SOH
                0x0000000020000b38                r34
                0x0000000020000b3c                r30
                0x0000000020000b40                Voltage_Charger
                0x0000000020000b44                BP_Capacity
                0x0000000020000b48                charge_state
                0x0000000020000b4c                sp
                0x0000000020000b50                r11
                0x0000000020000b54                r2
                0x0000000020000b58                ADC_Array_VinP
                0x0000000020000c20                step
                0x0000000020000c24                E
                0x0000000020000c28                I
                0x0000000020000c2c                ADC_SUM_VinP
                0x0000000020000c30                flag_Derating
                0x0000000020000c34                pv
                0x0000000020000c38                r35
                0x0000000020000c3c                r22
                0x0000000020000c40                ADC_Array_VoutP
                0x0000000020000d08                Current_Charger
                0x0000000020000d0c                duty
                0x0000000020000d10                e
                0x0000000020000d14                esblm
                0x0000000020000d18                eNB
                0x0000000020000d1c                Batt_capacity
                0x0000000020000d20                r47
                0x0000000020000d24                ADC_Average_Iout
                0x0000000020000d28                r39
                0x0000000020000d2c                dPS
                0x0000000020000d30                r43
                0x0000000020000d34                r19
                0x0000000020000d38                r12
                0x0000000020000d3c                r15
                0x0000000020000d40                flag_trip_overvoltage
                0x0000000020000d44                dZ
                0x0000000020000d48                sleep_state
                0x0000000020000d4c                r23
                0x0000000020000d50                eNM
                0x0000000020000d54                F