stm32f2xx_hal_rcc.c:221:19:HAL_RCC_DeInit	16	static
stm32f2xx_hal_rcc.c:343:19:HAL_RCC_OscConfig	72	static,ignoring_inline_asm
stm32f2xx_hal_rcc.c:708:19:HAL_RCC_ClockConfig	32	static,ignoring_inline_asm
stm32f2xx_hal_rcc.c:889:6:HAL_RCC_MCOConfig	56	static
stm32f2xx_hal_rcc.c:943:6:HAL_RCC_EnableCSS	4	static
stm32f2xx_hal_rcc.c:952:6:HAL_RCC_DisableCSS	4	static
stm32f2xx_hal_rcc.c:987:10:HAL_RCC_GetSysClockFreq	40	static
stm32f2xx_hal_rcc.c:1043:10:HAL_RCC_GetHCLKFreq	4	static
stm32f2xx_hal_rcc.c:1054:10:HAL_RCC_GetPCLK1Freq	16	static,ignoring_inline_asm
stm32f2xx_hal_rcc.c:1066:10:HAL_RCC_GetPCLK2Freq	16	static,ignoring_inline_asm
stm32f2xx_hal_rcc.c:1079:6:HAL_RCC_GetOscConfig	48	static,ignoring_inline_asm
stm32f2xx_hal_rcc.c:1158:6:HAL_RCC_GetClockConfig	16	static
stm32f2xx_hal_rcc.c:1184:6:HAL_RCC_NMI_IRQHandler	8	static
stm32f2xx_hal_rcc.c:1201:13:HAL_RCC_CSSCallback	4	static
