stm32f2xx_it.c:97:6:NMI_Handler	4	static
stm32f2xx_it.c:110:6:HardFault_Handler	4	static
stm32f2xx_it.c:125:6:MemManage_Handler	4	static
stm32f2xx_it.c:140:6:BusFault_Handler	4	static
stm32f2xx_it.c:155:6:UsageFault_Handler	4	static
stm32f2xx_it.c:170:6:SVC_Handler	4	static
stm32f2xx_it.c:183:6:DebugMon_Handler	4	static
stm32f2xx_it.c:196:6:PendSV_Handler	4	static
stm32f2xx_it.c:209:6:SysTick_Handler	8	static
stm32f2xx_it.c:230:6:CAN1_RX1_IRQHandler	8	static
stm32f2xx_it.c:244:6:CAN1_SCE_IRQHandler	8	static
stm32f2xx_it.c:258:6:TIM2_IRQHandler	16	static
stm32f2xx_it.c:411:6:TIM3_IRQHandler	8	static
stm32f2xx_it.c:434:6:TIM4_IRQHandler	8	static
stm32f2xx_it.c:449:6:USART1_IRQHandler	8	static
stm32f2xx_it.c:463:6:USART3_IRQHandler	8	static
stm32f2xx_it.c:477:6:DMA2_Stream0_IRQHandler	8	static
stm32f2xx_it.c:490:6:Eror_CodeCheck	4	static
stm32f2xx_it.c:545:6:Clear_ProtectionFlag	4	static
stm32f2xx_it.c:560:6:Fault_Check	16	static
