stm32f2xx_it.c:97:6:NMI_Handler	4	static
stm32f2xx_it.c:110:6:HardFault_Handler	4	static
stm32f2xx_it.c:125:6:MemManage_Handler	4	static
stm32f2xx_it.c:140:6:BusFault_Handler	4	static
stm32f2xx_it.c:155:6:UsageFault_Handler	4	static
stm32f2xx_it.c:170:6:SVC_Handler	4	static
stm32f2xx_it.c:183:6:DebugMon_Handler	4	static
stm32f2xx_it.c:196:6:PendSV_Handler	4	static
stm32f2xx_it.c:209:6:SysTick_Handler	8	static
stm32f2xx_it.c:230:6:CAN1_RX0_IRQHandler	8	static
stm32f2xx_it.c:244:6:TIM2_IRQHandler	16	static
stm32f2xx_it.c:416:6:TIM3_IRQHandler	8	static
stm32f2xx_it.c:447:6:TIM4_IRQHandler	8	static
stm32f2xx_it.c:462:6:USART1_IRQHandler	8	static
stm32f2xx_it.c:476:6:USART3_IRQHandler	8	static
stm32f2xx_it.c:490:6:DMA2_Stream0_IRQHandler	8	static
stm32f2xx_it.c:503:6:Eror_CodeCheck	4	static
stm32f2xx_it.c:558:6:Clear_ProtectionFlag	4	static
stm32f2xx_it.c:574:6:Fault_Check	16	static
